Processing LAVA input
[1] "...Processing input info"
[1] "...** All phenotypes treated as BINARY ('psoriasis', 'cad', 'psa', 'crohn', 'uc')"
[1] "...Reading in sumstats"
[1] "...Reading in SNP info from reference data"
|--------------------------------------------------|
|==================================================|
[1] "...Extracting common SNPs"
[1] "... 1127243 SNPs shared across data sets"
[1] "...Aligning effect alleles to reference data set"
Running loci in parallel: 4 cores across 2495 loci
[1] "Warning: Negative variance estimate for phenotype(s) 'psa' in locus 2; Dropping these as they cannot be analysed"
[1] "Warning: Negative variance estimate for phenotype(s) 'psa' in locus 3; Dropping these as they cannot be analysed"
[1] "Warning: Negative variance estimate for phenotype(s) 'psa' in locus 7; Dropping these as they cannot be analysed"
[1] "Warning: Negative variance estimate for phenotype(s) 'psa' in locus 6; Dropping these as they cannot be analysed"
[1] "Warning: Negative variance estimate for phenotype(s) 'psa', 'uc' in locus 12; Dropping these as they cannot be analysed"
[1] "Warning: Negative variance estimate for phenotype(s) 'psa', 'crohn' in locus 18; Dropping these as they cannot be analysed"
[1] "Warning: Negative variance estimate for phenotype(s) 'crohn' in locus 22; Dropping these as they cannot be analysed"
[1] "Warning: Negative variance estimate for phenotype(s) 'psa' in locus 25; Dropping these as they cannot be analysed"
[1] "Warning: Negative variance estimate for phenotype(s) 'psa' in locus 27; Dropping these as they cannot be analysed"
[1] "Warning: Negative variance estimate for phenotype(s) 'psa' in locus 32; Dropping these as they cannot be analysed"
[1] "Warning: Negative variance estimate for phenotype(s) 'psa', 'uc' in locus 34; Dropping these as they cannot be analysed"
[1] "Warning: Negative variance estimate for phenotype(s) 'psa' in locus 40; Dropping these as they cannot be analysed"
[1] "Warning: Negative variance estimate for phenotype(s) 'psa' in locus 41; Dropping these as they cannot be analysed"
[1] "Warning: Negative variance estimate for phenotype(s) 'psoriasis', 'psa', 'crohn' in locus 42; Dropping these as they cannot be analysed"
[1] "Warning: Negative variance estimate for phenotype(s) 'psoriasis', 'psa', 'crohn' in locus 45; Dropping these as they cannot be analysed"
[1] "Warning: Negative variance estimate for phenotype(s) 'psoriasis', 'psa' in locus 61; Dropping these as they cannot be analysed"
[1] "Warning: Negative variance estimate for phenotype(s) 'uc' in locus 64; Dropping these as they cannot be analysed"
[1] "Warning: Negative variance estimate for phenotype(s) 'psoriasis', 'uc' in locus 63; Dropping these as they cannot be analysed"
[1] "Warning: Negative variance estimate for phenotype(s) 'psoriasis', 'psa', 'crohn' in locus 68; Dropping these as they cannot be analysed"
[1] "Warning: Negative variance estimate for phenotype(s) 'psa', 'crohn' in locus 69; Dropping these as they cannot be analysed"
[1] "Warning: Negative variance estimate for phenotype(s) 'crohn' in locus 72; Dropping these as they cannot be analysed"
[1] "Warning: Negative variance estimate for phenotype(s) 'crohn' in locus 74; Dropping these as they cannot be analysed"
[1] "Warning: Negative variance estimate for phenotype(s) 'psoriasis' in locus 75; Dropping these as they cannot be analysed"
[1] "Warning: Negative variance estimate for phenotype(s) 'psa' in locus 77; Dropping these as they cannot be analysed"
[1] "Warning: Negative variance estimate for phenotype(s) 'cad' in locus 81; Dropping these as they cannot be analysed"
[1] "Warning: Negative variance estimate for phenotype(s) 'psoriasis' in locus 84; Dropping these as they cannot be analysed"
[1] "Warning: Negative variance estimate for phenotype(s) 'crohn' in locus 85; Dropping these as they cannot be analysed"
[1] "Warning: Negative variance estimate for phenotype(s) 'cad', 'psa' in locus 87; Dropping these as they cannot be analysed"
[1] "Warning: Negative variance estimate for phenotype(s) 'psoriasis', 'psa', 'crohn', 'uc' in locus 89; Dropping these as they cannot be analysed"
[1] "Warning: Negative variance estimate for phenotype(s) 'psa' in locus 88; Dropping these as they cannot be analysed"
[1] "Warning: Negative variance estimate for phenotype(s) 'cad' in locus 91; Dropping these as they cannot be analysed"
[1] "Warning: Negative variance estimate for phenotype(s) 'psoriasis', 'cad' in locus 92; Dropping these as they cannot be analysed"
[1] "Warning: Negative variance estimate for phenotype(s) 'psa' in locus 94; Dropping these as they cannot be analysed"
