
08/13 07:59:22 [[1;32mNOTICE[0m] Downloading 1 item(s)
[#d335d6 0B/0B CN:1 DL:0B]
[#d335d6 0B/0B CN:1 DL:0B]
[#d335d6 0B/0B CN:1 DL:0B]
[#d335d6 0B/0B CN:1 DL:0B]
[#d335d6 0B/0B CN:1 DL:0B]

08/13 07:59:28 [[1;32mNOTICE[0m] CUID#7 - Redirecting to https://prod-dcd-datasets-public-files-eu-west-1.s3.eu-west-1.amazonaws.com/da877d4d-66b0-4cd6-9b02-fb7d7caba80f
[#d335d6 0B/0B CN:1 DL:0B]
[#d335d6 0B/0B CN:1 DL:0B]
[#d335d6 0B/0B CN:1 DL:0B]
[#d335d6 0B/0B CN:1 DL:0B]
[#d335d6 0B/0B CN:1 DL:0B]
[#d335d6 0B/0B CN:1 DL:0B]
[#d335d6 16KiB/260MiB(0%) CN:8 DL:16KiB ETA:4h34m47s]

08/13 07:59:36 [[1;32mNOTICE[0m] CUID#10 - Redirecting to https://prod-dcd-datasets-public-files-eu-west-1.s3.eu-west-1.amazonaws.com/da877d4d-66b0-4cd6-9b02-fb7d7caba80f
[#d335d6 48KiB/260MiB(0%) CN:8 DL:24KiB ETA:3h1m39s]
[#d335d6 128KiB/260MiB(0%) CN:8 DL:33KiB ETA:2h14m18s]
[#d335d6 208KiB/260MiB(0%) CN:8 DL:39KiB ETA:1h53m20s]

08/13 07:59:41 [[1;32mNOTICE[0m] CUID#16 - Redirecting to https://prod-dcd-datasets-public-files-eu-west-1.s3.eu-west-1.amazonaws.com/da877d4d-66b0-4cd6-9b02-fb7d7caba80f

08/13 07:59:41 [[1;32mNOTICE[0m] CUID#15 - Redirecting to https://prod-dcd-datasets-public-files-eu-west-1.s3.eu-west-1.amazonaws.com/da877d4d-66b0-4cd6-9b02-fb7d7caba80f

08/13 07:59:41 [[1;32mNOTICE[0m] CUID#14 - Redirecting to https://prod-dcd-datasets-public-files-eu-west-1.s3.eu-west-1.amazonaws.com/da877d4d-66b0-4cd6-9b02-fb7d7caba80f
[#d335d6 288KiB/260MiB(0%) CN:8 DL:46KiB ETA:1h35m39s]

08/13 07:59:41 [[1;32mNOTICE[0m] CUID#12 - Redirecting to https://prod-dcd-datasets-public-files-eu-west-1.s3.eu-west-1.amazonaws.com/da877d4d-66b0-4cd6-9b02-fb7d7caba80f

08/13 07:59:41 [[1;32mNOTICE[0m] CUID#11 - Redirecting to https://prod-dcd-datasets-public-files-eu-west-1.s3.eu-west-1.amazonaws.com/da877d4d-66b0-4cd6-9b02-fb7d7caba80f

08/13 07:59:41 [[1;32mNOTICE[0m] CUID#13 - Redirecting to https://prod-dcd-datasets-public-files-eu-west-1.s3.eu-west-1.amazonaws.com/da877d4d-66b0-4cd6-9b02-fb7d7caba80f
[#d335d6 288KiB/260MiB(0%) CN:8 DL:39KiB ETA:1h51m33s]
[#d335d6 448KiB/260MiB(0%) CN:8 DL:49KiB ETA:1h29m14s]
[#d335d6 608KiB/260MiB(0%) CN:8 DL:69KiB ETA:1h3m26s]
[#d335d6 672KiB/260MiB(0%) CN:8 DL:67KiB ETA:1h5m31s]
[#d335d6 0.9MiB/260MiB(0%) CN:8 DL:96KiB ETA:46m4s]
[#d335d6 1.0MiB/260MiB(0%) CN:8 DL:104KiB ETA:42m33s]
[#d335d6 1.4MiB/260MiB(0%) CN:8 DL:147KiB ETA:30m3s]
[#d335d6 1.6MiB/260MiB(0%) CN:8 DL:162KiB ETA:27m9s]
 *** Download Progress Summary as of Thu Aug 13 07:59:52 2026 *** 
===============================================================================
[#d335d6 1.7MiB/260MiB(0%) CN:8 DL:165KiB ETA:26m41s]
FILE: data/genetics/phase4a_raw/coronary_artery_disease_CADMETA_eu/CAD_META.gz
-------------------------------------------------------------------------------

[#d335d6 1.7MiB/260MiB(0%) CN:8 DL:165KiB ETA:26m41s]
[#d335d6 2.2MiB/260MiB(0%) CN:8 DL:202KiB ETA:21m48s]
[#d335d6 3.4MiB/260MiB(1%) CN:8 DL:331KiB ETA:13m14s]
[#d335d6 3.7MiB/260MiB(1%) CN:8 DL:323KiB ETA:13m33s]
[#d335d6 4.0MiB/260MiB(1%) CN:8 DL:357KiB ETA:12m14s]
[#d335d6 4.3MiB/260MiB(1%) CN:8 DL:371KiB ETA:11m47s]
[#d335d6 4.7MiB/260MiB(1%) CN:8 DL:366KiB ETA:11m54s]
[#d335d6 6.1MiB/260MiB(2%) CN:8 DL:496KiB ETA:8m44s]
[#d335d6 6.5MiB/260MiB(2%) CN:8 DL:567KiB ETA:7m38s]
[#d335d6 7.1MiB/260MiB(2%) CN:8 DL:567KiB ETA:7m37s]
[#d335d6 7.5MiB/260MiB(2%) CN:8 DL:546KiB ETA:7m54s]
[#d335d6 7.8MiB/260MiB(3%) CN:8 DL:461KiB ETA:9m20s]
[#d335d6 8.2MiB/260MiB(3%) CN:8 DL:465KiB ETA:9m15s]
[#d335d6 8.4MiB/260MiB(3%) CN:8 DL:462KiB ETA:9m18s]
[#d335d6 10MiB/260MiB(3%) CN:8 DL:606KiB ETA:7m3s]
[#d335d6 10MiB/260MiB(4%) CN:8 DL:641KiB ETA:6m39s]
[#d335d6 11MiB/260MiB(4%) CN:8 DL:546KiB ETA:7m47s]
[#d335d6 11MiB/260MiB(4%) CN:8 DL:550KiB ETA:7m43s]
[#d335d6 12MiB/260MiB(4%) CN:8 DL:591KiB ETA:7m9s]
[#d335d6 12MiB/260MiB(4%) CN:8 DL:590KiB ETA:7m9s]
[#d335d6 13MiB/260MiB(5%) CN:8 DL:649KiB ETA:6m29s]
[#d335d6 14MiB/260MiB(5%) CN:8 DL:684KiB ETA:6m8s]
[#d335d6 15MiB/260MiB(5%) CN:8 DL:737KiB ETA:5m41s]
[#d335d6 15MiB/260MiB(5%) CN:8 DL:619KiB ETA:6m45s]
[#d335d6 16MiB/260MiB(6%) CN:8 DL:668KiB ETA:6m13s]
[#d335d6 17MiB/260MiB(6%) CN:8 DL:677KiB ETA:6m8s]
[#d335d6 17MiB/260MiB(6%) CN:8 DL:705KiB ETA:5m52s]
[#d335d6 18MiB/260MiB(7%) CN:8 DL:663KiB ETA:6m13s]
[#d335d6 18MiB/260MiB(7%) CN:8 DL:636KiB ETA:6m29s]
 *** Download Progress Summary as of Thu Aug 13 08:00:23 2026 *** 
===============================================================================
[#d335d6 19MiB/260MiB(7%) CN:8 DL:604KiB ETA:6m48s]
FILE: data/genetics/phase4a_raw/coronary_artery_disease_CADMETA_eu/CAD_META.gz
-------------------------------------------------------------------------------

[#d335d6 19MiB/260MiB(7%) CN:8 DL:604KiB ETA:6m48s]
[#d335d6 20MiB/260MiB(7%) CN:8 DL:661KiB ETA:6m12s]
[#d335d6 21MiB/260MiB(8%) CN:8 DL:724KiB ETA:5m38s]
[#d335d6 22MiB/260MiB(8%) CN:8 DL:769KiB ETA:5m16s]
[#d335d6 23MiB/260MiB(9%) CN:8 DL:759KiB ETA:5m19s]
[#d335d6 23MiB/260MiB(9%) CN:8 DL:745KiB ETA:5m25s]
[#d335d6 24MiB/260MiB(9%) CN:8 DL:725KiB ETA:5m33s]
[#d335d6 24MiB/260MiB(9%) CN:8 DL:686KiB ETA:5m52s]
[#d335d6 26MiB/260MiB(9%) CN:8 DL:820KiB ETA:4m53s]
[#d335d6 27MiB/260MiB(10%) CN:8 DL:0.9MiB ETA:4m14s]
[#d335d6 28MiB/260MiB(10%) CN:8 DL:0.9MiB ETA:4m17s]
[#d335d6 29MiB/260MiB(11%) CN:8 DL:847KiB ETA:4m39s]
[#d335d6 29MiB/260MiB(11%) CN:8 DL:817KiB ETA:4m49s]
[#d335d6 30MiB/260MiB(11%) CN:8 DL:777KiB ETA:5m3s]
[#d335d6 30MiB/260MiB(11%) CN:8 DL:720KiB ETA:5m26s]
[#d335d6 31MiB/260MiB(12%) CN:8 DL:764KiB ETA:5m7s]
[#d335d6 32MiB/260MiB(12%) CN:8 DL:852KiB ETA:4m34s]
[#d335d6 34MiB/260MiB(13%) CN:8 DL:0.9MiB ETA:4m9s]
[#d335d6 34MiB/260MiB(13%) CN:8 DL:823KiB ETA:4m40s]
[#d335d6 35MiB/260MiB(13%) CN:8 DL:811KiB ETA:4m43s]
[#d335d6 36MiB/260MiB(13%) CN:8 DL:797KiB ETA:4m48s]
[#d335d6 37MiB/260MiB(14%) CN:8 DL:807KiB ETA:4m43s]
[#d335d6 37MiB/260MiB(14%) CN:8 DL:777KiB ETA:4m54s]
[#d335d6 37MiB/260MiB(14%) CN:8 DL:761KiB ETA:4m59s]
[#d335d6 38MiB/260MiB(14%) CN:8 DL:784KiB ETA:4m49s]
[#d335d6 40MiB/260MiB(15%) CN:8 DL:908KiB ETA:4m8s]
[#d335d6 41MiB/260MiB(15%) CN:8 DL:862KiB ETA:4m20s]
[#d335d6 41MiB/260MiB(16%) CN:8 DL:771KiB ETA:4m50s]
[#d335d6 42MiB/260MiB(16%) CN:8 DL:750KiB ETA:4m58s]
[#d335d6 42MiB/260MiB(16%) CN:8 DL:704KiB ETA:5m16s]
 *** Download Progress Summary as of Thu Aug 13 08:00:54 2026 *** 
===============================================================================
[#d335d6 42MiB/260MiB(16%) CN:8 DL:607KiB ETA:6m7s]
FILE: data/genetics/phase4a_raw/coronary_artery_disease_CADMETA_eu/CAD_META.gz
-------------------------------------------------------------------------------

[#d335d6 42MiB/260MiB(16%) CN:8 DL:607KiB ETA:6m7s]
[#d335d6 43MiB/260MiB(16%) CN:8 DL:676KiB ETA:5m28s]
[#d335d6 44MiB/260MiB(17%) CN:8 DL:705KiB ETA:5m13s]
[#d335d6 46MiB/260MiB(17%) CN:8 DL:806KiB ETA:4m31s]
[#d335d6 47MiB/260MiB(18%) CN:8 DL:751KiB ETA:4m50s]
[#d335d6 48MiB/260MiB(18%) CN:8 DL:748KiB ETA:4m51s]
[#d335d6 48MiB/260MiB(18%) CN:8 DL:730KiB ETA:4m57s]
[#d335d6 49MiB/260MiB(18%) CN:8 DL:747KiB ETA:4m49s]
[#d335d6 50MiB/260MiB(19%) CN:8 DL:0.9MiB ETA:3m43s]
[#d335d6 50MiB/260MiB(19%) CN:8 DL:921KiB ETA:3m53s]
[#d335d6 51MiB/260MiB(19%) CN:8 DL:856KiB ETA:4m10s]
[#d335d6 51MiB/260MiB(19%) CN:8 DL:782KiB ETA:4m33s]
[#d335d6 52MiB/260MiB(20%) CN:8 DL:647KiB ETA:5m29s]
[#d335d6 54MiB/260MiB(20%) CN:8 DL:772KiB ETA:4m33s]
[#d335d6 54MiB/260MiB(21%) CN:8 DL:762KiB ETA:4m36s]
[#d335d6 55MiB/260MiB(21%) CN:8 DL:771KiB ETA:4m32s]
[#d335d6 55MiB/260MiB(21%) CN:8 DL:709KiB ETA:4m55s]
[#d335d6 55MiB/260MiB(21%) CN:8 DL:635KiB ETA:5m29s]
[#d335d6 56MiB/260MiB(21%) CN:8 DL:678KiB ETA:5m7s]
[#d335d6 58MiB/260MiB(22%) CN:8 DL:849KiB ETA:4m3s]
[#d335d6 59MiB/260MiB(22%) CN:8 DL:919KiB ETA:3m43s]
[#d335d6 60MiB/260MiB(23%) CN:8 DL:899KiB ETA:3m47s]
[#d335d6 61MiB/260MiB(23%) CN:8 DL:779KiB ETA:4m22s]
[#d335d6 61MiB/260MiB(23%) CN:8 DL:785KiB ETA:4m19s]
[#d335d6 62MiB/260MiB(23%) CN:8 DL:779KiB ETA:4m20s]
[#d335d6 63MiB/260MiB(24%) CN:8 DL:855KiB ETA:3m56s]
[#d335d6 63MiB/260MiB(24%) CN:8 DL:863KiB ETA:3m53s]
[#d335d6 63MiB/260MiB(24%) CN:8 DL:771KiB ETA:4m21s]
[#d335d6 64MiB/260MiB(24%) CN:8 DL:701KiB ETA:4m45s]
[#d335d6 66MiB/260MiB(25%) CN:8 DL:727KiB ETA:4m33s]
 *** Download Progress Summary as of Thu Aug 13 08:01:24 2026 *** 
===============================================================================
[#d335d6 67MiB/260MiB(25%) CN:8 DL:735KiB ETA:4m29s]
FILE: data/genetics/phase4a_raw/coronary_artery_disease_CADMETA_eu/CAD_META.gz
-------------------------------------------------------------------------------

[#d335d6 67MiB/260MiB(25%) CN:8 DL:735KiB ETA:4m29s]
[#d335d6 67MiB/260MiB(25%) CN:8 DL:726KiB ETA:4m32s]
[#d335d6 68MiB/260MiB(26%) CN:8 DL:719KiB ETA:4m33s]
[#d335d6 68MiB/260MiB(26%) CN:8 DL:701KiB ETA:4m40s]
[#d335d6 69MiB/260MiB(26%) CN:8 DL:658KiB ETA:4m57s]
[#d335d6 70MiB/260MiB(26%) CN:8 DL:740KiB ETA:4m23s]
[#d335d6 71MiB/260MiB(27%) CN:8 DL:832KiB ETA:3m53s]
[#d335d6 72MiB/260MiB(27%) CN:8 DL:792KiB ETA:4m3s]
[#d335d6 72MiB/260MiB(27%) CN:8 DL:737KiB ETA:4m20s]
[#d335d6 73MiB/260MiB(28%) CN:8 DL:728KiB ETA:4m22s]
[#d335d6 74MiB/260MiB(28%) CN:8 DL:734KiB ETA:4m19s]
[#d335d6 74MiB/260MiB(28%) CN:8 DL:686KiB ETA:4m37s]
[#d335d6 74MiB/260MiB(28%) CN:8 DL:647KiB ETA:4m54s]
[#d335d6 74MiB/260MiB(28%) CN:8 DL:602KiB ETA:5m16s]
[#d335d6 76MiB/260MiB(29%) CN:8 DL:681KiB ETA:4m37s]
[#d335d6 77MiB/260MiB(29%) CN:8 DL:753KiB ETA:4m8s]
[#d335d6 78MiB/260MiB(30%) CN:8 DL:706KiB ETA:4m24s]
[#d335d6 79MiB/260MiB(30%) CN:8 DL:727KiB ETA:4m15s]
[#d335d6 79MiB/260MiB(30%) CN:8 DL:681KiB ETA:4m32s]
[#d335d6 80MiB/260MiB(30%) CN:8 DL:664KiB ETA:4m38s]
[#d335d6 80MiB/260MiB(30%) CN:8 DL:648KiB ETA:4m45s]
[#d335d6 81MiB/260MiB(31%) CN:8 DL:739KiB ETA:4m8s]
[#d335d6 82MiB/260MiB(31%) CN:8 DL:803KiB ETA:3m47s]
[#d335d6 83MiB/260MiB(31%) CN:8 DL:810KiB ETA:3m43s]
[#d335d6 83MiB/260MiB(32%) CN:8 DL:748KiB ETA:4m2s]
[#d335d6 84MiB/260MiB(32%) CN:8 DL:686KiB ETA:4m22s]
[#d335d6 84MiB/260MiB(32%) CN:8 DL:662KiB ETA:4m31s]
[#d335d6 85MiB/260MiB(32%) CN:8 DL:576KiB ETA:5m11s]
[#d335d6 85MiB/260MiB(32%) CN:8 DL:613KiB ETA:4m51s]
[#d335d6 87MiB/260MiB(33%) CN:8 DL:743KiB ETA:3m58s]
 *** Download Progress Summary as of Thu Aug 13 08:01:55 2026 *** 
===============================================================================
[#d335d6 88MiB/260MiB(33%) CN:8 DL:774KiB ETA:3m48s]
FILE: data/genetics/phase4a_raw/coronary_artery_disease_CADMETA_eu/CAD_META.gz
-------------------------------------------------------------------------------

[#d335d6 88MiB/260MiB(33%) CN:8 DL:774KiB ETA:3m48s]
[#d335d6 88MiB/260MiB(34%) CN:8 DL:772KiB ETA:3m47s]
[#d335d6 89MiB/260MiB(34%) CN:8 DL:659KiB ETA:4m26s]
[#d335d6 89MiB/260MiB(34%) CN:8 DL:621KiB ETA:4m42s]
[#d335d6 89MiB/260MiB(34%) CN:8 DL:586KiB ETA:4m58s]
[#d335d6 91MiB/260MiB(34%) CN:8 DL:634KiB ETA:4m33s]
[#d335d6 91MiB/260MiB(35%) CN:8 DL:702KiB ETA:4m6s]
[#d335d6 92MiB/260MiB(35%) CN:8 DL:738KiB ETA:3m53s]
[#d335d6 93MiB/260MiB(35%) CN:8 DL:753KiB ETA:3m47s]
[#d335d6 93MiB/260MiB(35%) CN:8 DL:627KiB ETA:4m32s]
[#d335d6 94MiB/260MiB(36%) CN:8 DL:633KiB ETA:4m28s]
[#d335d6 95MiB/260MiB(36%) CN:8 DL:636KiB ETA:4m26s]
[#d335d6 95MiB/260MiB(36%) CN:8 DL:659KiB ETA:4m15s]
[#d335d6 96MiB/260MiB(36%) CN:8 DL:687KiB ETA:4m5s]
[#d335d6 96MiB/260MiB(36%) CN:8 DL:550KiB ETA:5m6s]
[#d335d6 96MiB/260MiB(37%) CN:8 DL:519KiB ETA:5m22s]
[#d335d6 98MiB/260MiB(37%) CN:8 DL:648KiB ETA:4m16s]
[#d335d6 99MiB/260MiB(38%) CN:8 DL:663KiB ETA:4m9s]
[#d335d6 99MiB/260MiB(38%) CN:8 DL:640KiB ETA:4m17s]
[#d335d6 100MiB/260MiB(38%) CN:8 DL:615KiB ETA:4m26s]
[#d335d6 100MiB/260MiB(38%) CN:8 DL:608KiB ETA:4m29s]
[#d335d6 101MiB/260MiB(38%) CN:8 DL:572KiB ETA:4m45s]
[#d335d6 102MiB/260MiB(39%) CN:8 DL:665KiB ETA:4m3s]
[#d335d6 102MiB/260MiB(39%) CN:8 DL:756KiB ETA:3m33s]
[#d335d6 103MiB/260MiB(39%) CN:8 DL:712KiB ETA:3m46s]
[#d335d6 103MiB/260MiB(39%) CN:8 DL:594KiB ETA:4m30s]
[#d335d6 103MiB/260MiB(39%) CN:8 DL:530KiB ETA:5m2s]
[#d335d6 104MiB/260MiB(39%) CN:8 DL:525KiB ETA:5m4s]
[#d335d6 104MiB/260MiB(40%) CN:8 DL:483KiB ETA:5m30s]
[#d335d6 106MiB/260MiB(40%) CN:8 DL:671KiB ETA:3m54s]
 *** Download Progress Summary as of Thu Aug 13 08:02:26 2026 *** 
===============================================================================
[#d335d6 107MiB/260MiB(41%) CN:8 DL:697KiB ETA:3m45s]
FILE: data/genetics/phase4a_raw/coronary_artery_disease_CADMETA_eu/CAD_META.gz
-------------------------------------------------------------------------------

[#d335d6 107MiB/260MiB(41%) CN:8 DL:697KiB ETA:3m45s]
[#d335d6 107MiB/260MiB(41%) CN:8 DL:653KiB ETA:3m59s]
[#d335d6 108MiB/260MiB(41%) CN:8 DL:647KiB ETA:4m]
[#d335d6 108MiB/260MiB(41%) CN:8 DL:621KiB ETA:4m10s]
[#d335d6 109MiB/260MiB(41%) CN:8 DL:615KiB ETA:4m12s]
[#d335d6 110MiB/260MiB(42%) CN:8 DL:650KiB ETA:3m57s]
[#d335d6 111MiB/260MiB(42%) CN:8 DL:727KiB ETA:3m30s]
[#d335d6 111MiB/260MiB(42%) CN:8 DL:780KiB ETA:3m15s]
[#d335d6 112MiB/260MiB(43%) CN:8 DL:660KiB ETA:3m49s]
[#d335d6 113MiB/260MiB(43%) CN:8 DL:630KiB ETA:3m59s]
[#d335d6 113MiB/260MiB(43%) CN:8 DL:651KiB ETA:3m51s]
[#d335d6 114MiB/260MiB(43%) CN:8 DL:625KiB ETA:4m]
[#d335d6 114MiB/260MiB(43%) CN:8 DL:580KiB ETA:4m18s]
[#d335d6 114MiB/260MiB(43%) CN:8 DL:601KiB ETA:4m8s]
[#d335d6 116MiB/260MiB(44%) CN:8 DL:711KiB ETA:3m28s]
[#d335d6 116MiB/260MiB(44%) CN:8 DL:643KiB ETA:3m49s]
[#d335d6 117MiB/260MiB(44%) CN:8 DL:609KiB ETA:4m1s]
[#d335d6 117MiB/260MiB(45%) CN:8 DL:588KiB ETA:4m8s]
[#d335d6 117MiB/260MiB(45%) CN:8 DL:502KiB ETA:4m51s]
[#d335d6 117MiB/260MiB(45%) CN:8 DL:461KiB ETA:5m16s]
[#d335d6 119MiB/260MiB(45%) CN:8 DL:551KiB ETA:4m22s]
[#d335d6 120MiB/260MiB(46%) CN:8 DL:657KiB ETA:3m38s]
[#d335d6 120MiB/260MiB(46%) CN:8 DL:599KiB ETA:3m59s]
[#d335d6 120MiB/260MiB(46%) CN:8 DL:495KiB ETA:4m49s]
[#d335d6 121MiB/260MiB(46%) CN:8 DL:505KiB ETA:4m42s]
[#d335d6 121MiB/260MiB(46%) CN:8 DL:478KiB ETA:4m57s]
[#d335d6 122MiB/260MiB(47%) CN:8 DL:577KiB ETA:4m4s]
[#d335d6 123MiB/260MiB(47%) CN:8 DL:656KiB ETA:3m34s]
[#d335d6 123MiB/260MiB(47%) CN:8 DL:625KiB ETA:3m44s]
 *** Download Progress Summary as of Thu Aug 13 08:02:56 2026 *** 
===============================================================================
[#d335d6 123MiB/260MiB(47%) CN:8 DL:486KiB ETA:4m48s]
FILE: data/genetics/phase4a_raw/coronary_artery_disease_CADMETA_eu/CAD_META.gz
-------------------------------------------------------------------------------

[#d335d6 123MiB/260MiB(47%) CN:8 DL:486KiB ETA:4m48s]
[#d335d6 124MiB/260MiB(47%) CN:8 DL:389KiB ETA:5m59s]
[#d335d6 125MiB/260MiB(48%) CN:8 DL:516KiB ETA:4m28s]
[#d335d6 125MiB/260MiB(48%) CN:8 DL:518KiB ETA:4m26s]
[#d335d6 126MiB/260MiB(48%) CN:8 DL:545KiB ETA:4m12s]
[#d335d6 126MiB/260MiB(48%) CN:8 DL:423KiB ETA:5m24s]
[#d335d6 126MiB/260MiB(48%) CN:8 DL:375KiB ETA:6m6s]
[#d335d6 126MiB/260MiB(48%) CN:8 DL:361KiB ETA:6m19s]
[#d335d6 127MiB/260MiB(48%) CN:8 DL:459KiB ETA:4m56s]
[#d335d6 128MiB/260MiB(49%) CN:8 DL:513KiB ETA:4m23s]
[#d335d6 128MiB/260MiB(49%) CN:8 DL:517KiB ETA:4m20s]
[#d335d6 129MiB/260MiB(49%) CN:8 DL:419KiB ETA:5m20s]
[#d335d6 129MiB/260MiB(49%) CN:8 DL:380KiB ETA:5m53s]
[#d335d6 129MiB/260MiB(49%) CN:8 DL:372KiB ETA:6m]
[#d335d6 129MiB/260MiB(49%) CN:8 DL:409KiB ETA:5m26s]
[#d335d6 130MiB/260MiB(50%) CN:8 DL:429KiB ETA:5m10s]
[#d335d6 131MiB/260MiB(50%) CN:8 DL:406KiB ETA:5m26s]
[#d335d6 131MiB/260MiB(50%) CN:8 DL:364KiB ETA:6m3s]
[#d335d6 131MiB/260MiB(50%) CN:8 DL:325KiB ETA:6m46s]
[#d335d6 132MiB/260MiB(50%) CN:8 DL:336KiB ETA:6m31s]
[#d335d6 132MiB/260MiB(50%) CN:8 DL:331KiB ETA:6m37s]
[#d335d6 132MiB/260MiB(50%) CN:8 DL:320KiB ETA:6m49s]
[#d335d6 132MiB/260MiB(50%) CN:8 DL:336KiB ETA:6m28s]
[#d335d6 133MiB/260MiB(51%) CN:8 DL:355KiB ETA:6m8s]
[#d335d6 133MiB/260MiB(51%) CN:8 DL:357KiB ETA:6m4s]
[#d335d6 133MiB/260MiB(51%) CN:8 DL:313KiB ETA:6m54s]
[#d335d6 134MiB/260MiB(51%) CN:8 DL:323KiB ETA:6m40s]
[#d335d6 134MiB/260MiB(51%) CN:8 DL:316KiB ETA:6m48s]
[#d335d6 135MiB/260MiB(51%) CN:8 DL:358KiB ETA:5m58s]
 *** Download Progress Summary as of Thu Aug 13 08:03:27 2026 *** 
===============================================================================
[#d335d6 135MiB/260MiB(52%) CN:8 DL:368KiB ETA:5m47s]
FILE: data/genetics/phase4a_raw/coronary_artery_disease_CADMETA_eu/CAD_META.gz
-------------------------------------------------------------------------------

[#d335d6 135MiB/260MiB(52%) CN:8 DL:368KiB ETA:5m47s]
[#d335d6 136MiB/260MiB(52%) CN:8 DL:411KiB ETA:5m10s]
[#d335d6 136MiB/260MiB(52%) CN:8 DL:425KiB ETA:4m58s]
[#d335d6 136MiB/260MiB(52%) CN:8 DL:400KiB ETA:5m16s]
[#d335d6 137MiB/260MiB(52%) CN:8 DL:378KiB ETA:5m34s]
[#d335d6 138MiB/260MiB(53%) CN:8 DL:526KiB ETA:3m57s]
[#d335d6 139MiB/260MiB(53%) CN:8 DL:579KiB ETA:3m34s]
[#d335d6 139MiB/260MiB(53%) CN:8 DL:604KiB ETA:3m24s]
[#d335d6 140MiB/260MiB(53%) CN:8 DL:583KiB ETA:3m30s]
[#d335d6 140MiB/260MiB(53%) CN:8 DL:548KiB ETA:3m44s]
[#d335d6 140MiB/260MiB(53%) CN:8 DL:496KiB ETA:4m7s]
[#d335d6 141MiB/260MiB(54%) CN:8 DL:566KiB ETA:3m35s]
[#d335d6 142MiB/260MiB(54%) CN:8 DL:680KiB ETA:2m57s]
[#d335d6 143MiB/260MiB(54%) CN:8 DL:695KiB ETA:2m52s]
[#d335d6 143MiB/260MiB(55%) CN:8 DL:562KiB ETA:3m33s]
[#d335d6 143MiB/260MiB(55%) CN:8 DL:499KiB ETA:3m59s]
[#d335d6 144MiB/260MiB(55%) CN:8 DL:484KiB ETA:4m5s]
[#d335d6 144MiB/260MiB(55%) CN:8 DL:427KiB ETA:4m39s]
[#d335d6 145MiB/260MiB(55%) CN:8 DL:550KiB ETA:3m34s]
[#d335d6 146MiB/260MiB(56%) CN:8 DL:648KiB ETA:3m]
[#d335d6 146MiB/260MiB(56%) CN:8 DL:575KiB ETA:3m22s]
[#d335d6 147MiB/260MiB(56%) CN:8 DL:504KiB ETA:3m50s]
[#d335d6 147MiB/260MiB(56%) CN:8 DL:478KiB ETA:4m2s]
[#d335d6 147MiB/260MiB(56%) CN:8 DL:474KiB ETA:4m3s]
[#d335d6 148MiB/260MiB(56%) CN:8 DL:458KiB ETA:4m11s]
[#d335d6 149MiB/260MiB(57%) CN:8 DL:567KiB ETA:3m20s]
[#d335d6 150MiB/260MiB(57%) CN:8 DL:616KiB ETA:3m3s]
[#d335d6 150MiB/260MiB(57%) CN:8 DL:525KiB ETA:3m35s]
[#d335d6 150MiB/260MiB(57%) CN:8 DL:481KiB ETA:3m53s]
[#d335d6 151MiB/260MiB(58%) CN:8 DL:481KiB ETA:3m52s]
 *** Download Progress Summary as of Thu Aug 13 08:03:58 2026 *** 
===============================================================================
[#d335d6 151MiB/260MiB(58%) CN:8 DL:465KiB ETA:4m]
FILE: data/genetics/phase4a_raw/coronary_artery_disease_CADMETA_eu/CAD_META.gz
-------------------------------------------------------------------------------

[#d335d6 151MiB/260MiB(58%) CN:8 DL:465KiB ETA:4m]
[#d335d6 151MiB/260MiB(58%) CN:8 DL:462KiB ETA:4m1s]
[#d335d6 152MiB/260MiB(58%) CN:8 DL:455KiB ETA:4m3s]
[#d335d6 152MiB/260MiB(58%) CN:8 DL:487KiB ETA:3m47s]
[#d335d6 153MiB/260MiB(58%) CN:8 DL:408KiB ETA:4m29s]
[#d335d6 153MiB/260MiB(58%) CN:8 DL:371KiB ETA:4m55s]
[#d335d6 153MiB/260MiB(59%) CN:8 DL:389KiB ETA:4m41s]
[#d335d6 154MiB/260MiB(59%) CN:8 DL:379KiB ETA:4m47s]
[#d335d6 154MiB/260MiB(59%) CN:8 DL:349KiB ETA:5m11s]
[#d335d6 154MiB/260MiB(59%) CN:8 DL:339KiB ETA:5m20s]
[#d335d6 155MiB/260MiB(59%) CN:8 DL:387KiB ETA:4m38s]
[#d335d6 155MiB/260MiB(59%) CN:8 DL:353KiB ETA:5m4s]
[#d335d6 156MiB/260MiB(59%) CN:8 DL:375KiB ETA:4m45s]
[#d335d6 156MiB/260MiB(59%) CN:8 DL:342KiB ETA:5m11s]
[#d335d6 156MiB/260MiB(60%) CN:8 DL:353KiB ETA:5m1s]
[#d335d6 156MiB/260MiB(60%) CN:8 DL:337KiB ETA:5m15s]
[#d335d6 157MiB/260MiB(60%) CN:8 DL:311KiB ETA:5m39s]
[#d335d6 157MiB/260MiB(60%) CN:8 DL:339KiB ETA:5m10s]
[#d335d6 158MiB/260MiB(60%) CN:8 DL:379KiB ETA:4m37s]
[#d335d6 158MiB/260MiB(60%) CN:8 DL:324KiB ETA:5m22s]
[#d335d6 158MiB/260MiB(60%) CN:8 DL:337KiB ETA:5m10s]
[#d335d6 158MiB/260MiB(60%) CN:8 DL:305KiB ETA:5m41s]
[#d335d6 159MiB/260MiB(61%) CN:8 DL:327KiB ETA:5m16s]
[#d335d6 159MiB/260MiB(61%) CN:8 DL:366KiB ETA:4m41s]
[#d335d6 160MiB/260MiB(61%) CN:8 DL:392KiB ETA:4m21s]
[#d335d6 160MiB/260MiB(61%) CN:8 DL:403KiB ETA:4m13s]
[#d335d6 161MiB/260MiB(61%) CN:8 DL:389KiB ETA:4m21s]
[#d335d6 161MiB/260MiB(61%) CN:8 DL:370KiB ETA:4m34s]
[#d335d6 161MiB/260MiB(62%) CN:8 DL:388KiB ETA:4m21s]
[#d335d6 162MiB/260MiB(62%) CN:8 DL:415KiB ETA:4m2s]
 *** Download Progress Summary as of Thu Aug 13 08:04:28 2026 *** 
===============================================================================
[#d335d6 162MiB/260MiB(62%) CN:8 DL:414KiB ETA:4m2s]
FILE: data/genetics/phase4a_raw/coronary_artery_disease_CADMETA_eu/CAD_META.gz
-------------------------------------------------------------------------------

[#d335d6 162MiB/260MiB(62%) CN:8 DL:414KiB ETA:4m2s]
[#d335d6 163MiB/260MiB(62%) CN:8 DL:443KiB ETA:3m45s]
[#d335d6 163MiB/260MiB(62%) CN:8 DL:426KiB ETA:3m52s]
[#d335d6 164MiB/260MiB(62%) CN:8 DL:428KiB ETA:3m50s]
[#d335d6 164MiB/260MiB(63%) CN:8 DL:416KiB ETA:3m56s]
[#d335d6 164MiB/260MiB(63%) CN:8 DL:385KiB ETA:4m15s]
[#d335d6 165MiB/260MiB(63%) CN:8 DL:422KiB ETA:3m51s]
[#d335d6 166MiB/260MiB(63%) CN:8 DL:541KiB ETA:2m57s]
[#d335d6 167MiB/260MiB(64%) CN:8 DL:538KiB ETA:2m57s]
[#d335d6 167MiB/260MiB(64%) CN:8 DL:555KiB ETA:2m51s]
[#d335d6 167MiB/260MiB(64%) CN:8 DL:477KiB ETA:3m19s]
[#d335d6 168MiB/260MiB(64%) CN:8 DL:447KiB ETA:3m31s]
[#d335d6 169MiB/260MiB(64%) CN:8 DL:512KiB ETA:3m3s]
[#d335d6 169MiB/260MiB(64%) CN:8 DL:515KiB ETA:3m1s]
[#d335d6 170MiB/260MiB(65%) CN:8 DL:623KiB ETA:2m28s]
[#d335d6 170MiB/260MiB(65%) CN:8 DL:601KiB ETA:2m33s]
[#d335d6 171MiB/260MiB(65%) CN:8 DL:478KiB ETA:3m11s]
[#d335d6 171MiB/260MiB(65%) CN:8 DL:442KiB ETA:3m27s]
[#d335d6 171MiB/260MiB(65%) CN:8 DL:408KiB ETA:3m43s]
[#d335d6 171MiB/260MiB(65%) CN:8 DL:447KiB ETA:3m23s]
[#d335d6 173MiB/260MiB(66%) CN:8 DL:568KiB ETA:2m37s]
[#d335d6 173MiB/260MiB(66%) CN:8 DL:508KiB ETA:2m55s]
[#d335d6 174MiB/260MiB(66%) CN:8 DL:525KiB ETA:2m49s]
[#d335d6 174MiB/260MiB(66%) CN:8 DL:458KiB ETA:3m12s]
[#d335d6 174MiB/260MiB(66%) CN:8 DL:383KiB ETA:3m50s]
[#d335d6 175MiB/260MiB(67%) CN:8 DL:436KiB ETA:3m20s]
[#d335d6 175MiB/260MiB(67%) CN:8 DL:439KiB ETA:3m18s]
[#d335d6 176MiB/260MiB(67%) CN:8 DL:494KiB ETA:2m54s]
[#d335d6 176MiB/260MiB(67%) CN:8 DL:492KiB ETA:2m54s]
 *** Download Progress Summary as of Thu Aug 13 08:04:59 2026 *** 
===============================================================================
[#d335d6 176MiB/260MiB(67%) CN:8 DL:392KiB ETA:3m38s]
FILE: data/genetics/phase4a_raw/coronary_artery_disease_CADMETA_eu/CAD_META.gz
-------------------------------------------------------------------------------

[#d335d6 176MiB/260MiB(67%) CN:8 DL:392KiB ETA:3m38s]
[#d335d6 177MiB/260MiB(67%) CN:8 DL:382KiB ETA:3m43s]
[#d335d6 177MiB/260MiB(68%) CN:8 DL:359KiB ETA:3m57s]
[#d335d6 177MiB/260MiB(68%) CN:8 DL:374KiB ETA:3m47s]
[#d335d6 177MiB/260MiB(68%) CN:8 DL:370KiB ETA:3m49s]
[#d335d6 178MiB/260MiB(68%) CN:8 DL:351KiB ETA:3m58s]
[#d335d6 179MiB/260MiB(68%) CN:8 DL:362KiB ETA:3m50s]
[#d335d6 179MiB/260MiB(68%) CN:8 DL:321KiB ETA:4m19s]
[#d335d6 179MiB/260MiB(68%) CN:8 DL:321KiB ETA:4m18s]
[#d335d6 179MiB/260MiB(68%) CN:8 DL:306KiB ETA:4m29s]
[#d335d6 180MiB/260MiB(69%) CN:8 DL:299KiB ETA:4m35s]
[#d335d6 180MiB/260MiB(69%) CN:8 DL:326KiB ETA:4m11s]
[#d335d6 180MiB/260MiB(69%) CN:8 DL:358KiB ETA:3m48s]
[#d335d6 181MiB/260MiB(69%) CN:8 DL:406KiB ETA:3m19s]
[#d335d6 181MiB/260MiB(69%) CN:8 DL:363KiB ETA:3m41s]
[#d335d6 182MiB/260MiB(69%) CN:8 DL:363KiB ETA:3m40s]
[#d335d6 182MiB/260MiB(70%) CN:8 DL:374KiB ETA:3m33s]
[#d335d6 182MiB/260MiB(70%) CN:8 DL:351KiB ETA:3m46s]
[#d335d6 183MiB/260MiB(70%) CN:8 DL:368KiB ETA:3m35s]
[#d335d6 184MiB/260MiB(70%) CN:8 DL:434KiB ETA:3m]
[#d335d6 184MiB/260MiB(70%) CN:8 DL:455KiB ETA:2m51s]
[#d335d6 185MiB/260MiB(70%) CN:8 DL:462KiB ETA:2m47s]
[#d335d6 185MiB/260MiB(71%) CN:8 DL:406KiB ETA:3m9s]
[#d335d6 185MiB/260MiB(71%) CN:8 DL:347KiB ETA:3m42s]
[#d335d6 185MiB/260MiB(71%) CN:8 DL:353KiB ETA:3m37s]
[#d335d6 186MiB/260MiB(71%) CN:8 DL:419KiB ETA:3m]
[#d335d6 187MiB/260MiB(72%) CN:8 DL:525KiB ETA:2m22s]
[#d335d6 188MiB/260MiB(72%) CN:8 DL:539KiB ETA:2m17s]
[#d335d6 188MiB/260MiB(72%) CN:8 DL:500KiB ETA:2m27s]
 *** Download Progress Summary as of Thu Aug 13 08:05:30 2026 *** 
===============================================================================
[#d335d6 188MiB/260MiB(72%) CN:8 DL:461KiB ETA:2m39s]
FILE: data/genetics/phase4a_raw/coronary_artery_disease_CADMETA_eu/CAD_META.gz
-------------------------------------------------------------------------------

[#d335d6 188MiB/260MiB(72%) CN:8 DL:461KiB ETA:2m39s]
[#d335d6 189MiB/260MiB(72%) CN:8 DL:414KiB ETA:2m57s]
[#d335d6 189MiB/260MiB(72%) CN:8 DL:462KiB ETA:2m37s]
[#d335d6 190MiB/260MiB(73%) CN:8 DL:616KiB ETA:1m56s]
[#d335d6 191MiB/260MiB(73%) CN:8 DL:611KiB ETA:1m56s]
[#d335d6 191MiB/260MiB(73%) CN:8 DL:539KiB ETA:2m10s]
[#d335d6 192MiB/260MiB(73%) CN:8 DL:473KiB ETA:2m28s]
[#d335d6 192MiB/260MiB(73%) CN:8 DL:453KiB ETA:2m34s]
[#d335d6 193MiB/260MiB(74%) CN:8 DL:481KiB ETA:2m23s]
[#d335d6 193MiB/260MiB(74%) CN:8 DL:502KiB ETA:2m16s]
[#d335d6 194MiB/260MiB(74%) CN:8 DL:576KiB ETA:1m58s]
[#d335d6 194MiB/260MiB(74%) CN:8 DL:562KiB ETA:2m]
[#d335d6 194MiB/260MiB(74%) CN:8 DL:461KiB ETA:2m26s]
[#d335d6 195MiB/260MiB(74%) CN:8 DL:424KiB ETA:2m37s]
[#d335d6 195MiB/260MiB(74%) CN:8 DL:389KiB ETA:2m51s]
[#d335d6 196MiB/260MiB(75%) CN:8 DL:464KiB ETA:2m21s]
[#d335d6 197MiB/260MiB(75%) CN:8 DL:539KiB ETA:2m]
[#d335d6 197MiB/260MiB(75%) CN:8 DL:511KiB ETA:2m6s]
[#d335d6 198MiB/260MiB(76%) CN:8 DL:527KiB ETA:2m1s]
[#d335d6 198MiB/260MiB(76%) CN:8 DL:506KiB ETA:2m5s]
[#d335d6 198MiB/260MiB(76%) CN:8 DL:460KiB ETA:2m17s]
[#d335d6 198MiB/260MiB(76%) CN:8 DL:425KiB ETA:2m28s]
[#d335d6 200MiB/260MiB(76%) CN:8 DL:542KiB ETA:1m54s]
[#d335d6 200MiB/260MiB(76%) CN:8 DL:593KiB ETA:1m43s]
[#d335d6 201MiB/260MiB(77%) CN:8 DL:539KiB ETA:1m52s]
[#d335d6 201MiB/260MiB(77%) CN:8 DL:466KiB ETA:2m10s]
[#d335d6 201MiB/260MiB(77%) CN:8 DL:441KiB ETA:2m16s]
[#d335d6 201MiB/260MiB(77%) CN:8 DL:408KiB ETA:2m27s]
[#d335d6 202MiB/260MiB(77%) CN:8 DL:462KiB ETA:2m8s]
[#d335d6 203MiB/260MiB(77%) CN:8 DL:491KiB ETA:1m59s]
 *** Download Progress Summary as of Thu Aug 13 08:06:01 2026 *** 
===============================================================================
[#d335d6 203MiB/260MiB(78%) CN:8 DL:537KiB ETA:1m48s]
FILE: data/genetics/phase4a_raw/coronary_artery_disease_CADMETA_eu/CAD_META.gz
-------------------------------------------------------------------------------

[#d335d6 203MiB/260MiB(78%) CN:8 DL:537KiB ETA:1m48s]
[#d335d6 203MiB/260MiB(78%) CN:8 DL:421KiB ETA:2m18s]
[#d335d6 204MiB/260MiB(78%) CN:8 DL:383KiB ETA:2m31s]
[#d335d6 204MiB/260MiB(78%) CN:8 DL:338KiB ETA:2m50s]
[#d335d6 205MiB/260MiB(78%) CN:8 DL:411KiB ETA:2m18s]
[#d335d6 205MiB/260MiB(78%) CN:8 DL:426KiB ETA:2m12s]
[#d335d6 205MiB/260MiB(78%) CN:8 DL:456KiB ETA:2m2s]
[#d335d6 206MiB/260MiB(79%) CN:8 DL:438KiB ETA:2m7s]
[#d335d6 206MiB/260MiB(79%) CN:8 DL:374KiB ETA:2m28s]
[#d335d6 207MiB/260MiB(79%) CN:8 DL:398KiB ETA:2m17s]
[#d335d6 207MiB/260MiB(79%) CN:8 DL:426KiB ETA:2m7s]
[#d335d6 207MiB/260MiB(79%) CN:8 DL:411KiB ETA:2m11s]
[#d335d6 208MiB/260MiB(79%) CN:8 DL:404KiB ETA:2m13s]
[#d335d6 208MiB/260MiB(80%) CN:8 DL:486KiB ETA:1m49s]
[#d335d6 209MiB/260MiB(80%) CN:8 DL:444KiB ETA:1m58s]
[#d335d6 209MiB/260MiB(80%) CN:8 DL:457KiB ETA:1m53s]
[#d335d6 210MiB/260MiB(80%) CN:8 DL:476KiB ETA:1m48s]
[#d335d6 210MiB/260MiB(80%) CN:8 DL:475KiB ETA:1m47s]
[#d335d6 211MiB/260MiB(81%) CN:8 DL:490KiB ETA:1m42s]
[#d335d6 211MiB/260MiB(81%) CN:8 DL:453KiB ETA:1m50s]
[#d335d6 211MiB/260MiB(81%) CN:8 DL:440KiB ETA:1m53s]
[#d335d6 212MiB/260MiB(81%) CN:8 DL:521KiB ETA:1m34s]
[#d335d6 213MiB/260MiB(81%) CN:8 DL:527KiB ETA:1m32s]
[#d335d6 213MiB/260MiB(82%) CN:8 DL:519KiB ETA:1m32s]
[#d335d6 214MiB/260MiB(82%) CN:8 DL:487KiB ETA:1m37s]
[#d335d6 214MiB/260MiB(82%) CN:8 DL:506KiB ETA:1m32s]
[#d335d6 214MiB/260MiB(82%) CN:8 DL:474KiB ETA:1m38s]
[#d335d6 215MiB/260MiB(82%) CN:8 DL:387KiB ETA:2m]
[#d335d6 215MiB/260MiB(82%) CN:8 DL:443KiB ETA:1m43s]
[#d335d6 216MiB/260MiB(83%) CN:8 DL:486KiB ETA:1m33s]
 *** Download Progress Summary as of Thu Aug 13 08:06:31 2026 *** 
===============================================================================
[#d335d6 217MiB/260MiB(83%) CN:8 DL:455KiB ETA:1m38s]
FILE: data/genetics/phase4a_raw/coronary_artery_disease_CADMETA_eu/CAD_META.gz
-------------------------------------------------------------------------------

[#d335d6 217MiB/260MiB(83%) CN:8 DL:455KiB ETA:1m38s]
[#d335d6 217MiB/260MiB(83%) CN:8 DL:424KiB ETA:1m45s]
[#d335d6 217MiB/260MiB(83%) CN:8 DL:432KiB ETA:1m41s]
[#d335d6 218MiB/260MiB(83%) CN:8 DL:398KiB ETA:1m49s]
[#d335d6 218MiB/260MiB(83%) CN:8 DL:391KiB ETA:1m50s]
[#d335d6 218MiB/260MiB(83%) CN:8 DL:374KiB ETA:1m55s]
[#d335d6 219MiB/260MiB(84%) CN:8 DL:481KiB ETA:1m27s]
[#d335d6 219MiB/260MiB(84%) CN:8 DL:451KiB ETA:1m33s]
[#d335d6 220MiB/260MiB(84%) CN:8 DL:397KiB ETA:1m44s]
[#d335d6 220MiB/260MiB(84%) CN:8 DL:387KiB ETA:1m46s]
[#d335d6 220MiB/260MiB(84%) CN:8 DL:389KiB ETA:1m45s]
[#d335d6 220MiB/260MiB(84%) CN:8 DL:331KiB ETA:2m3s]
[#d335d6 221MiB/260MiB(84%) CN:8 DL:358KiB ETA:1m52s]
[#d335d6 221MiB/260MiB(85%) CN:8 DL:359KiB ETA:1m50s]
[#d335d6 222MiB/260MiB(85%) CN:8 DL:384KiB ETA:1m42s]
[#d335d6 222MiB/260MiB(85%) CN:8 DL:419KiB ETA:1m33s]
[#d335d6 222MiB/260MiB(85%) CN:8 DL:347KiB ETA:1m51s]
[#d335d6 223MiB/260MiB(85%) CN:8 DL:308KiB ETA:2m5s]
[#d335d6 223MiB/260MiB(85%) CN:8 DL:339KiB ETA:1m52s]
[#d335d6 223MiB/260MiB(85%) CN:8 DL:337KiB ETA:1m51s]
[#d335d6 224MiB/260MiB(86%) CN:8 DL:375KiB ETA:1m39s]
[#d335d6 224MiB/260MiB(86%) CN:8 DL:406KiB ETA:1m30s]
[#d335d6 225MiB/260MiB(86%) CN:8 DL:405KiB ETA:1m29s]
[#d335d6 225MiB/260MiB(86%) CN:8 DL:338KiB ETA:1m47s]
[#d335d6 225MiB/260MiB(86%) CN:8 DL:326KiB ETA:1m50s]
[#d335d6 226MiB/260MiB(86%) CN:8 DL:343KiB ETA:1m43s]
[#d335d6 227MiB/260MiB(87%) CN:8 DL:472KiB ETA:1m11s]
[#d335d6 228MiB/260MiB(87%) CN:8 DL:537KiB ETA:1m1s]
[#d335d6 228MiB/260MiB(87%) CN:8 DL:506KiB ETA:1m4s]
 *** Download Progress Summary as of Thu Aug 13 08:07:02 2026 *** 
===============================================================================
[#d335d6 229MiB/260MiB(87%) CN:8 DL:546KiB ETA:58s]
FILE: data/genetics/phase4a_raw/coronary_artery_disease_CADMETA_eu/CAD_META.gz
-------------------------------------------------------------------------------

[#d335d6 229MiB/260MiB(87%) CN:8 DL:546KiB ETA:58s]
[#d335d6 229MiB/260MiB(88%) CN:8 DL:496KiB ETA:1m4s]
[#d335d6 229MiB/260MiB(88%) CN:8 DL:510KiB ETA:1m2s]
[#d335d6 229MiB/260MiB(88%) CN:8 DL:485KiB ETA:1m5s]
[#d335d6 231MiB/260MiB(88%) CN:8 DL:598KiB ETA:50s]
[#d335d6 231MiB/260MiB(88%) CN:8 DL:624KiB ETA:47s]
[#d335d6 232MiB/260MiB(89%) CN:8 DL:508KiB ETA:57s]
[#d335d6 232MiB/260MiB(89%) CN:8 DL:444KiB ETA:1m5s]
[#d335d6 232MiB/260MiB(89%) CN:8 DL:414KiB ETA:1m9s]
[#d335d6 232MiB/260MiB(89%) CN:8 DL:381KiB ETA:1m14s]
[#d335d6 233MiB/260MiB(89%) CN:8 DL:477KiB ETA:58s]
[#d335d6 234MiB/260MiB(89%) CN:8 DL:502KiB ETA:53s]
[#d335d6 234MiB/260MiB(89%) CN:8 DL:521KiB ETA:51s]
[#d335d6 234MiB/260MiB(90%) CN:8 DL:488KiB ETA:54s]
[#d335d6 234MiB/260MiB(90%) CN:8 DL:334KiB ETA:1m19s]
[#d335d6 235MiB/260MiB(90%) CN:8 DL:320KiB ETA:1m21s]
[#d335d6 235MiB/260MiB(90%) CN:8 DL:345KiB ETA:1m14s]
[#d335d6 236MiB/260MiB(90%) CN:8 DL:377KiB ETA:1m6s]
[#d335d6 236MiB/260MiB(90%) CN:8 DL:414KiB ETA:59s]
[#d335d6 236MiB/260MiB(90%) CN:8 DL:365KiB ETA:1m7s]
[#d335d6 237MiB/260MiB(90%) CN:8 DL:342KiB ETA:1m10s]
[#d335d6 237MiB/260MiB(91%) CN:8 DL:294KiB ETA:1m21s]
[#d335d6 237MiB/260MiB(91%) CN:8 DL:282KiB ETA:1m24s]
[#d335d6 237MiB/260MiB(91%) CN:8 DL:340KiB ETA:1m8s]
[#d335d6 238MiB/260MiB(91%) CN:8 DL:342KiB ETA:1m7s]
[#d335d6 238MiB/260MiB(91%) CN:8 DL:343KiB ETA:1m4s]
[#d335d6 239MiB/260MiB(91%) CN:8 DL:332KiB ETA:1m6s]
[#d335d6 239MiB/260MiB(91%) CN:8 DL:306KiB ETA:1m11s]
[#d335d6 239MiB/260MiB(91%) CN:8 DL:303KiB ETA:1m11s]
 *** Download Progress Summary as of Thu Aug 13 08:07:32 2026 *** 
===============================================================================
[#d335d6 239MiB/260MiB(92%) CN:8 DL:283KiB ETA:1m15s]
FILE: data/genetics/phase4a_raw/coronary_artery_disease_CADMETA_eu/CAD_META.gz
-------------------------------------------------------------------------------

[#d335d6 239MiB/260MiB(92%) CN:8 DL:283KiB ETA:1m15s]
[#d335d6 240MiB/260MiB(92%) CN:8 DL:307KiB ETA:1m8s]
[#d335d6 240MiB/260MiB(92%) CN:8 DL:346KiB ETA:59s]
[#d335d6 241MiB/260MiB(92%) CN:8 DL:334KiB ETA:1m]
[#d335d6 241MiB/260MiB(92%) CN:8 DL:327KiB ETA:1m]
[#d335d6 241MiB/260MiB(92%) CN:8 DL:287KiB ETA:1m8s]
[#d335d6 241MiB/260MiB(92%) CN:8 DL:257KiB ETA:1m16s]
[#d335d6 241MiB/260MiB(92%) CN:8 DL:235KiB ETA:1m23s]
[#d335d6 241MiB/260MiB(92%) CN:8 DL:245KiB ETA:1m18s]
[#d335d6 242MiB/260MiB(93%) CN:8 DL:312KiB ETA:58s]
[#d335d6 243MiB/260MiB(93%) CN:8 DL:330KiB ETA:54s]
[#d335d6 243MiB/260MiB(93%) CN:8 DL:312KiB ETA:56s]
[#d335d6 243MiB/260MiB(93%) CN:8 DL:285KiB ETA:1m1s]
[#d335d6 243MiB/260MiB(93%) CN:8 DL:264KiB ETA:1m5s]
[#d335d6 243MiB/260MiB(93%) CN:8 DL:240KiB ETA:1m11s]
[#d335d6 244MiB/260MiB(93%) CN:8 DL:285KiB ETA:59s]
[#d335d6 244MiB/260MiB(93%) CN:8 DL:296KiB ETA:56s]
[#d335d6 245MiB/260MiB(94%) CN:8 DL:355KiB ETA:44s]
[#d335d6 245MiB/260MiB(94%) CN:8 DL:295KiB ETA:52s]
[#d335d6 245MiB/260MiB(94%) CN:8 DL:285KiB ETA:53s]
[#d335d6 245MiB/260MiB(94%) CN:8 DL:276KiB ETA:54s]
[#d335d6 246MiB/260MiB(94%) CN:8 DL:252KiB ETA:59s]
[#d335d6 246MiB/260MiB(94%) CN:8 DL:253KiB ETA:59s]
[#d335d6 246MiB/260MiB(94%) CN:8 DL:275KiB ETA:53s]
[#d335d6 246MiB/260MiB(94%) CN:8 DL:256KiB ETA:56s]
[#d335d6 247MiB/260MiB(94%) CN:8 DL:315KiB ETA:43s]
[#d335d6 247MiB/260MiB(94%) CN:8 DL:234KiB ETA:58s]
[#d335d6 247MiB/260MiB(95%) CN:8 DL:245KiB ETA:54s]
[#d335d6 247MiB/260MiB(95%) CN:8 DL:217KiB ETA:1m]
 *** Download Progress Summary as of Thu Aug 13 08:08:02 2026 *** 
===============================================================================
[#d335d6 247MiB/260MiB(95%) CN:8 DL:212KiB ETA:1m1s]
FILE: data/genetics/phase4a_raw/coronary_artery_disease_CADMETA_eu/CAD_META.gz
-------------------------------------------------------------------------------

[#d335d6 247MiB/260MiB(95%) CN:8 DL:212KiB ETA:1m1s]
[#d335d6 248MiB/260MiB(95%) CN:8 DL:214KiB ETA:1m]
[#d335d6 248MiB/260MiB(95%) CN:8 DL:243KiB ETA:52s]
[#d335d6 248MiB/260MiB(95%) CN:8 DL:275KiB ETA:44s]
[#d335d6 249MiB/260MiB(95%) CN:8 DL:270KiB ETA:44s]
[#d335d6 249MiB/260MiB(95%) CN:8 DL:219KiB ETA:53s]
[#d335d6 249MiB/260MiB(95%) CN:8 DL:230KiB ETA:50s]
[#d335d6 249MiB/260MiB(95%) CN:8 DL:210KiB ETA:53s]
[#d335d6 249MiB/260MiB(95%) CN:8 DL:218KiB ETA:51s]
[#d335d6 249MiB/260MiB(95%) CN:8 DL:213KiB ETA:52s]
[#d335d6 250MiB/260MiB(95%) CN:8 DL:232KiB ETA:46s]
[#d335d6 250MiB/260MiB(96%) CN:8 DL:220KiB ETA:47s]
[#d335d6 250MiB/260MiB(96%) CN:8 DL:193KiB ETA:53s]
[#d335d6 250MiB/260MiB(96%) CN:8 DL:198KiB ETA:50s]
[#d335d6 251MiB/260MiB(96%) CN:8 DL:193KiB ETA:51s]
[#d335d6 251MiB/260MiB(96%) CN:8 DL:195KiB ETA:49s]
[#d335d6 251MiB/260MiB(96%) CN:8 DL:199KiB ETA:47s]
[#d335d6 251MiB/260MiB(96%) CN:8 DL:193KiB ETA:48s]
[#d335d6 251MiB/260MiB(96%) CN:8 DL:199KiB ETA:46s]
[#d335d6 252MiB/260MiB(96%) CN:8 DL:208KiB ETA:42s]
[#d335d6 252MiB/260MiB(96%) CN:8 DL:194KiB ETA:45s]
[#d335d6 252MiB/260MiB(96%) CN:8 DL:211KiB ETA:39s]
[#d335d6 252MiB/260MiB(96%) CN:8 DL:192KiB ETA:43s]
[#d335d6 252MiB/260MiB(96%) CN:8 DL:195KiB ETA:41s]
[#d335d6 252MiB/260MiB(96%) CN:8 DL:177KiB ETA:45s]
[#d335d6 253MiB/260MiB(97%) CN:8 DL:197KiB ETA:38s]
[#d335d6 253MiB/260MiB(97%) CN:8 DL:218KiB ETA:33s]
[#d335d6 253MiB/260MiB(97%) CN:8 DL:243KiB ETA:28s]
[#d335d6 254MiB/260MiB(97%) CN:8 DL:230KiB ETA:29s]
[#d335d6 254MiB/260MiB(97%) CN:8 DL:255KiB ETA:25s]
 *** Download Progress Summary as of Thu Aug 13 08:08:33 2026 *** 
===============================================================================
[#d335d6 254MiB/260MiB(97%) CN:8 DL:214KiB ETA:29s]
FILE: data/genetics/phase4a_raw/coronary_artery_disease_CADMETA_eu/CAD_META.gz
-------------------------------------------------------------------------------

[#d335d6 254MiB/260MiB(97%) CN:8 DL:214KiB ETA:29s]
[#d335d6 254MiB/260MiB(97%) CN:8 DL:215KiB ETA:29s]
[#d335d6 254MiB/260MiB(97%) CN:8 DL:209KiB ETA:29s]
[#d335d6 254MiB/260MiB(97%) CN:8 DL:210KiB ETA:28s]
[#d335d6 255MiB/260MiB(98%) CN:8 DL:258KiB ETA:20s]
[#d335d6 255MiB/260MiB(98%) CN:8 DL:263KiB ETA:18s]
[#d335d6 256MiB/260MiB(98%) CN:7 DL:262KiB ETA:17s]
[#d335d6 256MiB/260MiB(98%) CN:7 DL:243KiB ETA:18s]
[#d335d6 256MiB/260MiB(98%) CN:6 DL:216KiB ETA:20s]
[#d335d6 256MiB/260MiB(98%) CN:6 DL:242KiB ETA:16s]
[#d335d6 257MiB/260MiB(98%) CN:6 DL:261KiB ETA:14s]
[#d335d6 257MiB/260MiB(98%) CN:6 DL:272KiB ETA:12s]
[#d335d6 257MiB/260MiB(98%) CN:6 DL:291KiB ETA:11s]
[#d335d6 257MiB/260MiB(98%) CN:6 DL:221KiB ETA:14s]
[#d335d6 257MiB/260MiB(98%) CN:6 DL:190KiB ETA:16s]
[#d335d6 257MiB/260MiB(98%) CN:6 DL:168KiB ETA:17s]
[#d335d6 258MiB/260MiB(98%) CN:6 DL:186KiB ETA:14s]
[#d335d6 258MiB/260MiB(99%) CN:5 DL:195KiB ETA:12s]
[#d335d6 258MiB/260MiB(99%) CN:5 DL:215KiB ETA:9s]
[#d335d6 258MiB/260MiB(99%) CN:4 DL:206KiB ETA:8s]
[#d335d6 259MiB/260MiB(99%) CN:3 DL:188KiB ETA:9s]
[#d335d6 259MiB/260MiB(99%) CN:3 DL:156KiB ETA:10s]
[#d335d6 259MiB/260MiB(99%) CN:3 DL:158KiB ETA:9s]
[#d335d6 259MiB/260MiB(99%) CN:3 DL:158KiB ETA:9s]
[#d335d6 259MiB/260MiB(99%) CN:3 DL:140KiB ETA:9s]
[#d335d6 259MiB/260MiB(99%) CN:3 DL:115KiB ETA:11s]
[#d335d6 259MiB/260MiB(99%) CN:3 DL:67KiB ETA:19s]
 *** Download Progress Summary as of Thu Aug 13 08:09:03 2026 *** 
===============================================================================
[#d335d6 259MiB/260MiB(99%) CN:3 DL:54KiB ETA:22s]
FILE: data/genetics/phase4a_raw/coronary_artery_disease_CADMETA_eu/CAD_META.gz
-------------------------------------------------------------------------------

[#d335d6 259MiB/260MiB(99%) CN:3 DL:54KiB ETA:22s]
[#d335d6 259MiB/260MiB(99%) CN:3 DL:49KiB ETA:24s]
[#d335d6 259MiB/260MiB(99%) CN:3 DL:57KiB ETA:20s]
[#d335d6 259MiB/260MiB(99%) CN:2 DL:49KiB ETA:22s]
[#d335d6 259MiB/260MiB(99%) CN:2 DL:36KiB ETA:30s]
[#d335d6 259MiB/260MiB(99%) CN:2 DL:28KiB ETA:37s]
[#d335d6 259MiB/260MiB(99%) CN:2 DL:27KiB ETA:38s]
[#d335d6 259MiB/260MiB(99%) CN:2 DL:28KiB ETA:35s]
[#d335d6 259MiB/260MiB(99%) CN:2 DL:27KiB ETA:35s]
[#d335d6 259MiB/260MiB(99%) CN:2 DL:28KiB ETA:32s]
[#d335d6 259MiB/260MiB(99%) CN:2 DL:24KiB ETA:38s]
[#d335d6 259MiB/260MiB(99%) CN:2 DL:32KiB ETA:25s]
[#d335d6 259MiB/260MiB(99%) CN:2 DL:32KiB ETA:24s]
[#d335d6 259MiB/260MiB(99%) CN:2 DL:31KiB ETA:25s]
[#d335d6 260MiB/260MiB(99%) CN:2 DL:27KiB ETA:27s]
[#d335d6 260MiB/260MiB(99%) CN:2 DL:26KiB ETA:27s]
[#d335d6 260MiB/260MiB(99%) CN:2 DL:34KiB ETA:18s]
[#d335d6 260MiB/260MiB(99%) CN:2 DL:47KiB ETA:9s]
[#d335d6 260MiB/260MiB(99%) CN:2 DL:44KiB ETA:8s]
[#d335d6 260MiB/260MiB(99%) CN:2 DL:49KiB ETA:7s]
[#d335d6 260MiB/260MiB(99%) CN:2 DL:46KiB ETA:7s]

08/13 08:09:31 [[1;32mNOTICE[0m] Download complete: data/genetics/phase4a_raw/coronary_artery_disease_CADMETA_eu/CAD_META.gz

Download Results:
gid   |stat|avg speed  |path/URI
======+====+===========+=======================================================
d335d6|OK  |   447KiB/s|data/genetics/phase4a_raw/coronary_artery_disease_CADMETA_eu/CAD_META.gz

Status Legend:
(OK):download completed.
