
08/13 08:02:27 [[1;32mNOTICE[0m] Downloading 1 item(s)
[#32e243 0B/0B CN:1 DL:0B]
[#32e243 0B/0B CN:1 DL:0B]
[#32e243 0B/0B CN:1 DL:0B]
[#32e243 0B/0B CN:1 DL:0B]
[#32e243 0B/0B CN:1 DL:0B]
[#32e243 0B/0B CN:1 DL:0B]
[#32e243 0B/298MiB(0%) CN:8 DL:15KiB ETA:5h33m25s]
[#32e243 0B/298MiB(0%) CN:8 DL:7.6KiB ETA:11h4m55s]

08/13 08:02:37 [[1;31mERROR[0m] CUID#14 - Download aborted. URI=https://ftp.ebi.ac.uk/pub/databases/gwas/summary_statistics/GCST004001-GCST005000/GCST004132/cd_build37_40266_20161107.txt.gz
Exception: [AbstractCommand.cc:351] errorCode=1 URI=https://ftp.ebi.ac.uk/pub/databases/gwas/summary_statistics/GCST004001-GCST005000/GCST004132/cd_build37_40266_20161107.txt.gz
  -> [SocketCore.cc:1022] errorCode=1 SSL/TLS handshake failure: protocol error
[#32e243 32KiB/298MiB(0%) CN:7 DL:14KiB ETA:5h40m32s]
[#32e243 64KiB/298MiB(0%) CN:7 DL:17KiB ETA:4h58m44s]
[#32e243 96KiB/298MiB(0%) CN:7 DL:18KiB ETA:4h39m24s]
[#32e243 144KiB/298MiB(0%) CN:7 DL:20KiB ETA:4h2m31s]
[#32e243 160KiB/298MiB(0%) CN:7 DL:22KiB ETA:3h43m2s]
[#32e243 160KiB/298MiB(0%) CN:7 DL:21KiB ETA:3h51m22s]
[#32e243 192KiB/298MiB(0%) CN:7 DL:26KiB ETA:3h11m2s]
[#32e243 224KiB/298MiB(0%) CN:7 DL:26KiB ETA:3h9m30s]
[#32e243 432KiB/298MiB(0%) CN:7 DL:49KiB ETA:1h43m38s]
[#32e243 496KiB/298MiB(0%) CN:7 DL:50KiB ETA:1h39m57s]
[#32e243 608KiB/298MiB(0%) CN:7 DL:57KiB ETA:1h29m2s]
[#32e243 816KiB/298MiB(0%) CN:7 DL:79KiB ETA:1h3m28s]
[#32e243 1.0MiB/298MiB(0%) CN:7 DL:97KiB ETA:51m50s]
[#32e243 1.2MiB/298MiB(0%) CN:7 DL:122KiB ETA:41m22s]
[#32e243 1.3MiB/298MiB(0%) CN:7 DL:142KiB ETA:35m25s]
[#32e243 1.4MiB/298MiB(0%) CN:7 DL:119KiB ETA:42m20s]
 *** Download Progress Summary as of Thu Aug 13 08:02:58 2026 *** 
===============================================================================
[#32e243 1.5MiB/298MiB(0%) CN:7 DL:116KiB ETA:43m35s]
FILE: data/genetics/phase4a_raw/crohn_disease_GCST004132/cd_build37_40266_20161107.txt.gz
-------------------------------------------------------------------------------

[#32e243 1.5MiB/298MiB(0%) CN:7 DL:116KiB ETA:43m35s]
[#32e243 1.7MiB/298MiB(0%) CN:7 DL:135KiB ETA:37m14s]
[#32e243 1.8MiB/298MiB(0%) CN:7 DL:138KiB ETA:36m28s]
[#32e243 2.0MiB/298MiB(0%) CN:7 DL:134KiB ETA:37m32s]
[#32e243 2.1MiB/298MiB(0%) CN:7 DL:113KiB ETA:44m41s]
[#32e243 2.2MiB/298MiB(0%) CN:7 DL:103KiB ETA:48m38s]
[#32e243 2.2MiB/298MiB(0%) CN:7 DL:98KiB ETA:51m7s]
[#32e243 2.4MiB/298MiB(0%) CN:7 DL:118KiB ETA:42m28s]
[#32e243 2.6MiB/298MiB(0%) CN:7 DL:127KiB ETA:39m28s]
[#32e243 2.8MiB/298MiB(0%) CN:7 DL:137KiB ETA:36m39s]
[#32e243 3.0MiB/298MiB(1%) CN:7 DL:137KiB ETA:36m40s]
[#32e243 3.2MiB/298MiB(1%) CN:7 DL:136KiB ETA:36m44s]
[#32e243 3.3MiB/298MiB(1%) CN:7 DL:142KiB ETA:35m13s]
[#32e243 3.5MiB/298MiB(1%) CN:7 DL:151KiB ETA:33m8s]
[#32e243 3.9MiB/298MiB(1%) CN:7 DL:179KiB ETA:27m54s]
[#32e243 4.1MiB/298MiB(1%) CN:7 DL:194KiB ETA:25m49s]
[#32e243 4.3MiB/298MiB(1%) CN:7 DL:205KiB ETA:24m23s]
[#32e243 4.5MiB/298MiB(1%) CN:7 DL:203KiB ETA:24m35s]
[#32e243 4.8MiB/298MiB(1%) CN:7 DL:219KiB ETA:22m46s]
[#32e243 4.9MiB/298MiB(1%) CN:7 DL:207KiB ETA:24m5s]
[#32e243 5.2MiB/298MiB(1%) CN:7 DL:220KiB ETA:22m40s]
[#32e243 5.2MiB/298MiB(1%) CN:7 DL:205KiB ETA:24m21s]
[#32e243 5.4MiB/298MiB(1%) CN:7 DL:209KiB ETA:23m50s]
[#32e243 5.5MiB/298MiB(1%) CN:7 DL:183KiB ETA:27m8s]
[#32e243 5.8MiB/298MiB(1%) CN:7 DL:190KiB ETA:26m8s]
[#32e243 6.0MiB/298MiB(2%) CN:7 DL:183KiB ETA:27m12s]
[#32e243 6.2MiB/298MiB(2%) CN:7 DL:182KiB ETA:27m17s]
[#32e243 6.3MiB/298MiB(2%) CN:7 DL:166KiB ETA:29m50s]
[#32e243 6.6MiB/298MiB(2%) CN:7 DL:188KiB ETA:26m23s]
 *** Download Progress Summary as of Thu Aug 13 08:03:29 2026 *** 
===============================================================================
[#32e243 6.7MiB/298MiB(2%) CN:7 DL:159KiB ETA:31m12s]
FILE: data/genetics/phase4a_raw/crohn_disease_GCST004132/cd_build37_40266_20161107.txt.gz
-------------------------------------------------------------------------------

[#32e243 6.7MiB/298MiB(2%) CN:7 DL:159KiB ETA:31m12s]
[#32e243 6.9MiB/298MiB(2%) CN:7 DL:170KiB ETA:29m8s]
[#32e243 7.0MiB/298MiB(2%) CN:7 DL:161KiB ETA:30m43s]
[#32e243 7.0MiB/298MiB(2%) CN:7 DL:137KiB ETA:36m3s]
[#32e243 7.3MiB/298MiB(2%) CN:7 DL:142KiB ETA:34m48s]
[#32e243 7.5MiB/298MiB(2%) CN:7 DL:144KiB ETA:34m20s]
[#32e243 7.6MiB/298MiB(2%) CN:7 DL:139KiB ETA:35m35s]
[#32e243 7.7MiB/298MiB(2%) CN:7 DL:119KiB ETA:41m35s]
[#32e243 7.9MiB/298MiB(2%) CN:7 DL:129KiB ETA:38m16s]
[#32e243 8.1MiB/298MiB(2%) CN:7 DL:123KiB ETA:39m55s]
[#32e243 8.5MiB/298MiB(2%) CN:7 DL:151KiB ETA:32m35s]
[#32e243 8.5MiB/298MiB(2%) CN:7 DL:155KiB ETA:31m45s]
[#32e243 8.8MiB/298MiB(2%) CN:7 DL:163KiB ETA:30m10s]
[#32e243 8.9MiB/298MiB(3%) CN:7 DL:150KiB ETA:32m51s]
[#32e243 9.2MiB/298MiB(3%) CN:7 DL:173KiB ETA:28m26s]
[#32e243 9.7MiB/298MiB(3%) CN:7 DL:213KiB ETA:23m2s]
[#32e243 9.8MiB/298MiB(3%) CN:7 DL:204KiB ETA:24m2s]
[#32e243 10MiB/298MiB(3%) CN:7 DL:240KiB ETA:20m25s]
[#32e243 10MiB/298MiB(3%) CN:7 DL:220KiB ETA:22m14s]
[#32e243 10MiB/298MiB(3%) CN:7 DL:225KiB ETA:21m46s]
[#32e243 10MiB/298MiB(3%) CN:7 DL:202KiB ETA:24m13s]
[#32e243 10MiB/298MiB(3%) CN:7 DL:226KiB ETA:21m39s]
[#32e243 11MiB/298MiB(3%) CN:7 DL:253KiB ETA:19m18s]
[#32e243 11MiB/298MiB(3%) CN:7 DL:243KiB ETA:20m3s]
[#32e243 11MiB/298MiB(4%) CN:7 DL:239KiB ETA:20m21s]
[#32e243 12MiB/298MiB(4%) CN:7 DL:222KiB ETA:21m53s]
 *** Download Progress Summary as of Thu Aug 13 08:03:59 2026 *** 
===============================================================================
[#32e243 12MiB/298MiB(4%) CN:7 DL:225KiB ETA:21m37s]
FILE: data/genetics/phase4a_raw/crohn_disease_GCST004132/cd_build37_40266_20161107.txt.gz
-------------------------------------------------------------------------------

[#32e243 12MiB/298MiB(4%) CN:7 DL:225KiB ETA:21m37s]
[#32e243 12MiB/298MiB(4%) CN:7 DL:242KiB ETA:20m3s]
[#32e243 13MiB/298MiB(4%) CN:7 DL:292KiB ETA:16m37s]
[#32e243 13MiB/298MiB(4%) CN:7 DL:268KiB ETA:18m4s]
[#32e243 13MiB/298MiB(4%) CN:7 DL:287KiB ETA:16m51s]
[#32e243 14MiB/298MiB(4%) CN:7 DL:252KiB ETA:19m11s]
[#32e243 14MiB/298MiB(4%) CN:7 DL:245KiB ETA:19m42s]
[#32e243 14MiB/298MiB(4%) CN:7 DL:230KiB ETA:20m58s]
[#32e243 14MiB/298MiB(4%) CN:7 DL:231KiB ETA:20m54s]
[#32e243 14MiB/298MiB(5%) CN:7 DL:232KiB ETA:20m47s]
[#32e243 15MiB/298MiB(5%) CN:7 DL:185KiB ETA:25m58s]
[#32e243 15MiB/298MiB(5%) CN:7 DL:198KiB ETA:24m20s]
[#32e243 15MiB/298MiB(5%) CN:7 DL:166KiB ETA:28m53s]
[#32e243 15MiB/298MiB(5%) CN:7 DL:181KiB ETA:26m34s]
[#32e243 15MiB/298MiB(5%) CN:7 DL:169KiB ETA:28m25s]
[#32e243 16MiB/298MiB(5%) CN:7 DL:182KiB ETA:26m17s]
[#32e243 16MiB/298MiB(5%) CN:7 DL:195KiB ETA:24m32s]
[#32e243 16MiB/298MiB(5%) CN:7 DL:152KiB ETA:31m28s]
[#32e243 16MiB/298MiB(5%) CN:7 DL:160KiB ETA:29m49s]
[#32e243 17MiB/298MiB(5%) CN:7 DL:188KiB ETA:25m25s]
[#32e243 17MiB/298MiB(5%) CN:7 DL:203KiB ETA:23m29s]
[#32e243 17MiB/298MiB(5%) CN:7 DL:205KiB ETA:23m16s]
[#32e243 17MiB/298MiB(5%) CN:7 DL:207KiB ETA:23m4s]
[#32e243 17MiB/298MiB(6%) CN:7 DL:185KiB ETA:25m46s]
[#32e243 18MiB/298MiB(6%) CN:7 DL:184KiB ETA:25m50s]
[#32e243 18MiB/298MiB(6%) CN:7 DL:191KiB ETA:24m58s]
 *** Download Progress Summary as of Thu Aug 13 08:04:31 2026 *** 
===============================================================================
[#32e243 18MiB/298MiB(6%) CN:7 DL:188KiB ETA:25m22s]
FILE: data/genetics/phase4a_raw/crohn_disease_GCST004132/cd_build37_40266_20161107.txt.gz
-------------------------------------------------------------------------------

[#32e243 18MiB/298MiB(6%) CN:7 DL:188KiB ETA:25m22s]
[#32e243 18MiB/298MiB(6%) CN:7 DL:137KiB ETA:34m39s]
[#32e243 18MiB/298MiB(6%) CN:7 DL:120KiB ETA:39m33s]
[#32e243 18MiB/298MiB(6%) CN:7 DL:122KiB ETA:39m2s]
[#32e243 18MiB/298MiB(6%) CN:7 DL:119KiB ETA:39m54s]
[#32e243 19MiB/298MiB(6%) CN:7 DL:144KiB ETA:33m]
[#32e243 19MiB/298MiB(6%) CN:7 DL:160KiB ETA:29m37s]
[#32e243 19MiB/298MiB(6%) CN:7 DL:156KiB ETA:30m23s]
[#32e243 19MiB/298MiB(6%) CN:7 DL:162KiB ETA:29m9s]
[#32e243 19MiB/298MiB(6%) CN:7 DL:157KiB ETA:30m8s]
[#32e243 20MiB/298MiB(6%) CN:7 DL:165KiB ETA:28m38s]
[#32e243 20MiB/298MiB(6%) CN:7 DL:204KiB ETA:23m7s]
[#32e243 20MiB/298MiB(6%) CN:7 DL:194KiB ETA:24m20s]
[#32e243 20MiB/298MiB(7%) CN:7 DL:204KiB ETA:23m8s]
[#32e243 21MiB/298MiB(7%) CN:7 DL:187KiB ETA:25m15s]
[#32e243 21MiB/298MiB(7%) CN:7 DL:172KiB ETA:27m25s]
[#32e243 21MiB/298MiB(7%) CN:7 DL:180KiB ETA:26m14s]
[#32e243 21MiB/298MiB(7%) CN:7 DL:182KiB ETA:25m49s]
[#32e243 21MiB/298MiB(7%) CN:7 DL:184KiB ETA:25m30s]
[#32e243 21MiB/298MiB(7%) CN:7 DL:191KiB ETA:24m36s]
[#32e243 21MiB/298MiB(7%) CN:7 DL:152KiB ETA:30m47s]
[#32e243 22MiB/298MiB(7%) CN:7 DL:139KiB ETA:33m47s]
[#32e243 22MiB/298MiB(7%) CN:7 DL:147KiB ETA:31m51s]
[#32e243 22MiB/298MiB(7%) CN:7 DL:168KiB ETA:27m57s]
[#32e243 22MiB/298MiB(7%) CN:7 DL:162KiB ETA:28m55s]
[#32e243 23MiB/298MiB(7%) CN:7 DL:169KiB ETA:27m42s]
[#32e243 23MiB/298MiB(7%) CN:7 DL:168KiB ETA:27m49s]
 *** Download Progress Summary as of Thu Aug 13 08:05:01 2026 *** 
===============================================================================
[#32e243 23MiB/298MiB(7%) CN:7 DL:168KiB ETA:27m45s]
FILE: data/genetics/phase4a_raw/crohn_disease_GCST004132/cd_build37_40266_20161107.txt.gz
-------------------------------------------------------------------------------

[#32e243 23MiB/298MiB(7%) CN:7 DL:168KiB ETA:27m45s]
[#32e243 23MiB/298MiB(7%) CN:7 DL:151KiB ETA:30m59s]
[#32e243 23MiB/298MiB(7%) CN:7 DL:161KiB ETA:29m4s]
[#32e243 23MiB/298MiB(8%) CN:7 DL:180KiB ETA:25m53s]
[#32e243 24MiB/298MiB(8%) CN:7 DL:167KiB ETA:27m53s]
[#32e243 24MiB/298MiB(8%) CN:7 DL:209KiB ETA:22m15s]
[#32e243 24MiB/298MiB(8%) CN:7 DL:206KiB ETA:22m34s]
[#32e243 25MiB/298MiB(8%) CN:7 DL:215KiB ETA:21m38s]
[#32e243 25MiB/298MiB(8%) CN:7 DL:216KiB ETA:21m29s]
[#32e243 25MiB/298MiB(8%) CN:7 DL:227KiB ETA:20m25s]
[#32e243 25MiB/298MiB(8%) CN:7 DL:229KiB ETA:20m12s]
[#32e243 26MiB/298MiB(8%) CN:7 DL:222KiB ETA:20m51s]
[#32e243 26MiB/298MiB(8%) CN:7 DL:224KiB ETA:20m39s]
[#32e243 26MiB/298MiB(8%) CN:7 DL:196KiB ETA:23m35s]
[#32e243 26MiB/298MiB(8%) CN:7 DL:210KiB ETA:22m1s]
[#32e243 26MiB/298MiB(8%) CN:7 DL:185KiB ETA:24m55s]
[#32e243 27MiB/298MiB(9%) CN:7 DL:217KiB ETA:21m14s]
[#32e243 27MiB/298MiB(9%) CN:7 DL:215KiB ETA:21m23s]
[#32e243 27MiB/298MiB(9%) CN:7 DL:214KiB ETA:21m32s]
[#32e243 27MiB/298MiB(9%) CN:7 DL:188KiB ETA:24m29s]
[#32e243 27MiB/298MiB(9%) CN:7 DL:188KiB ETA:24m24s]
[#32e243 28MiB/298MiB(9%) CN:7 DL:181KiB ETA:25m23s]
[#32e243 28MiB/298MiB(9%) CN:7 DL:179KiB ETA:25m38s]
[#32e243 28MiB/298MiB(9%) CN:7 DL:206KiB ETA:22m12s]
[#32e243 28MiB/298MiB(9%) CN:7 DL:183KiB ETA:25m]
[#32e243 29MiB/298MiB(9%) CN:7 DL:194KiB ETA:23m37s]
[#32e243 29MiB/298MiB(9%) CN:7 DL:172KiB ETA:26m33s]
 *** Download Progress Summary as of Thu Aug 13 08:05:32 2026 *** 
===============================================================================
[#32e243 29MiB/298MiB(9%) CN:7 DL:160KiB ETA:28m29s]
FILE: data/genetics/phase4a_raw/crohn_disease_GCST004132/cd_build37_40266_20161107.txt.gz
-------------------------------------------------------------------------------

[#32e243 29MiB/298MiB(9%) CN:7 DL:160KiB ETA:28m29s]
[#32e243 29MiB/298MiB(9%) CN:7 DL:173KiB ETA:26m29s]
[#32e243 29MiB/298MiB(9%) CN:7 DL:178KiB ETA:25m39s]
[#32e243 29MiB/298MiB(9%) CN:7 DL:174KiB ETA:26m10s]
[#32e243 29MiB/298MiB(10%) CN:7 DL:165KiB ETA:27m42s]
[#32e243 29MiB/298MiB(10%) CN:7 DL:142KiB ETA:32m12s]
[#32e243 30MiB/298MiB(10%) CN:7 DL:145KiB ETA:31m19s]
[#32e243 30MiB/298MiB(10%) CN:7 DL:130KiB ETA:35m3s]
[#32e243 30MiB/298MiB(10%) CN:7 DL:140KiB ETA:32m30s]
[#32e243 30MiB/298MiB(10%) CN:7 DL:156KiB ETA:29m7s]
[#32e243 30MiB/298MiB(10%) CN:7 DL:156KiB ETA:29m7s]
[#32e243 30MiB/298MiB(10%) CN:7 DL:147KiB ETA:30m55s]
[#32e243 31MiB/298MiB(10%) CN:7 DL:150KiB ETA:30m20s]
[#32e243 31MiB/298MiB(10%) CN:7 DL:131KiB ETA:34m43s]
[#32e243 31MiB/298MiB(10%) CN:7 DL:156KiB ETA:29m1s]
[#32e243 31MiB/298MiB(10%) CN:7 DL:186KiB ETA:24m17s]
[#32e243 32MiB/298MiB(10%) CN:7 DL:179KiB ETA:25m19s]
[#32e243 32MiB/298MiB(10%) CN:7 DL:192KiB ETA:23m31s]
[#32e243 32MiB/298MiB(10%) CN:7 DL:172KiB ETA:26m15s]
[#32e243 32MiB/298MiB(10%) CN:7 DL:184KiB ETA:24m31s]
[#32e243 32MiB/298MiB(11%) CN:7 DL:197KiB ETA:22m52s]
[#32e243 33MiB/298MiB(11%) CN:7 DL:234KiB ETA:19m18s]
[#32e243 33MiB/298MiB(11%) CN:7 DL:218KiB ETA:20m40s]
[#32e243 33MiB/298MiB(11%) CN:7 DL:209KiB ETA:21m32s]
[#32e243 33MiB/298MiB(11%) CN:7 DL:185KiB ETA:24m18s]
[#32e243 33MiB/298MiB(11%) CN:7 DL:187KiB ETA:23m59s]
[#32e243 34MiB/298MiB(11%) CN:7 DL:209KiB ETA:21m27s]
[#32e243 34MiB/298MiB(11%) CN:7 DL:204KiB ETA:22m]
 *** Download Progress Summary as of Thu Aug 13 08:06:03 2026 *** 
===============================================================================
[#32e243 34MiB/298MiB(11%) CN:7 DL:192KiB ETA:23m19s]
FILE: data/genetics/phase4a_raw/crohn_disease_GCST004132/cd_build37_40266_20161107.txt.gz
-------------------------------------------------------------------------------

[#32e243 34MiB/298MiB(11%) CN:7 DL:192KiB ETA:23m19s]
[#32e243 34MiB/298MiB(11%) CN:7 DL:145KiB ETA:30m51s]
[#32e243 34MiB/298MiB(11%) CN:7 DL:147KiB ETA:30m27s]
[#32e243 35MiB/298MiB(11%) CN:7 DL:170KiB ETA:26m22s]
[#32e243 35MiB/298MiB(11%) CN:7 DL:165KiB ETA:27m7s]
[#32e243 35MiB/298MiB(11%) CN:7 DL:168KiB ETA:26m31s]
[#32e243 35MiB/298MiB(11%) CN:7 DL:152KiB ETA:29m23s]
[#32e243 35MiB/298MiB(12%) CN:7 DL:166KiB ETA:26m55s]
[#32e243 35MiB/298MiB(12%) CN:7 DL:163KiB ETA:27m18s]
[#32e243 36MiB/298MiB(12%) CN:7 DL:172KiB ETA:25m57s]
[#32e243 36MiB/298MiB(12%) CN:7 DL:169KiB ETA:26m16s]
[#32e243 36MiB/298MiB(12%) CN:7 DL:135KiB ETA:32m51s]
[#32e243 36MiB/298MiB(12%) CN:7 DL:178KiB ETA:24m58s]
[#32e243 36MiB/298MiB(12%) CN:7 DL:159KiB ETA:28m]
[#32e243 37MiB/298MiB(12%) CN:7 DL:181KiB ETA:24m28s]
[#32e243 37MiB/298MiB(12%) CN:7 DL:185KiB ETA:23m55s]
[#32e243 37MiB/298MiB(12%) CN:7 DL:188KiB ETA:23m32s]
[#32e243 38MiB/298MiB(12%) CN:7 DL:209KiB ETA:21m9s]
[#32e243 38MiB/298MiB(12%) CN:7 DL:202KiB ETA:21m54s]
[#32e243 38MiB/298MiB(12%) CN:7 DL:227KiB ETA:19m28s]
[#32e243 38MiB/298MiB(13%) CN:7 DL:206KiB ETA:21m26s]
[#32e243 38MiB/298MiB(13%) CN:7 DL:210KiB ETA:20m59s]
[#32e243 39MiB/298MiB(13%) CN:7 DL:204KiB ETA:21m36s]
[#32e243 39MiB/298MiB(13%) CN:7 DL:201KiB ETA:21m57s]
[#32e243 39MiB/298MiB(13%) CN:7 DL:193KiB ETA:22m47s]
[#32e243 39MiB/298MiB(13%) CN:7 DL:199KiB ETA:22m6s]
 *** Download Progress Summary as of Thu Aug 13 08:06:33 2026 *** 
===============================================================================
[#32e243 39MiB/298MiB(13%) CN:7 DL:193KiB ETA:22m44s]
FILE: data/genetics/phase4a_raw/crohn_disease_GCST004132/cd_build37_40266_20161107.txt.gz
-------------------------------------------------------------------------------

[#32e243 39MiB/298MiB(13%) CN:7 DL:193KiB ETA:22m44s]
[#32e243 40MiB/298MiB(13%) CN:7 DL:192KiB ETA:22m53s]
[#32e243 40MiB/298MiB(13%) CN:7 DL:164KiB ETA:26m42s]
[#32e243 40MiB/298MiB(13%) CN:7 DL:165KiB ETA:26m30s]
[#32e243 40MiB/298MiB(13%) CN:7 DL:163KiB ETA:26m52s]
[#32e243 40MiB/298MiB(13%) CN:7 DL:159KiB ETA:27m28s]
[#32e243 41MiB/298MiB(13%) CN:7 DL:166KiB ETA:26m22s]
[#32e243 41MiB/298MiB(13%) CN:7 DL:136KiB ETA:32m5s]
[#32e243 41MiB/298MiB(13%) CN:7 DL:134KiB ETA:32m30s]
[#32e243 41MiB/298MiB(13%) CN:7 DL:114KiB ETA:38m19s]
[#32e243 41MiB/298MiB(13%) CN:7 DL:120KiB ETA:36m23s]
[#32e243 41MiB/298MiB(14%) CN:7 DL:138KiB ETA:31m39s]
[#32e243 41MiB/298MiB(14%) CN:7 DL:123KiB ETA:35m17s]
[#32e243 42MiB/298MiB(14%) CN:7 DL:132KiB ETA:33m4s]
[#32e243 42MiB/298MiB(14%) CN:7 DL:174KiB ETA:25m3s]
[#32e243 42MiB/298MiB(14%) CN:7 DL:166KiB ETA:26m5s]
[#32e243 42MiB/298MiB(14%) CN:7 DL:182KiB ETA:23m55s]
[#32e243 42MiB/298MiB(14%) CN:7 DL:167KiB ETA:25m58s]
[#32e243 43MiB/298MiB(14%) CN:7 DL:168KiB ETA:25m52s]
[#32e243 43MiB/298MiB(14%) CN:7 DL:147KiB ETA:29m33s]
[#32e243 43MiB/298MiB(14%) CN:7 DL:174KiB ETA:24m54s]
[#32e243 43MiB/298MiB(14%) CN:7 DL:196KiB ETA:22m1s]
[#32e243 44MiB/298MiB(14%) CN:7 DL:222KiB ETA:19m25s]
[#32e243 44MiB/298MiB(14%) CN:7 DL:205KiB ETA:21m5s]
[#32e243 44MiB/298MiB(15%) CN:7 DL:224KiB ETA:19m12s]
 *** Download Progress Summary as of Thu Aug 13 08:07:04 2026 *** 
===============================================================================
[#32e243 45MiB/298MiB(15%) CN:7 DL:219KiB ETA:19m38s]
FILE: data/genetics/phase4a_raw/crohn_disease_GCST004132/cd_build37_40266_20161107.txt.gz
-------------------------------------------------------------------------------

[#32e243 45MiB/298MiB(15%) CN:7 DL:219KiB ETA:19m38s]
[#32e243 45MiB/298MiB(15%) CN:7 DL:228KiB ETA:18m54s]
[#32e243 45MiB/298MiB(15%) CN:7 DL:232KiB ETA:18m34s]
[#32e243 45MiB/298MiB(15%) CN:7 DL:261KiB ETA:16m27s]
[#32e243 46MiB/298MiB(15%) CN:7 DL:270KiB ETA:15m53s]
[#32e243 46MiB/298MiB(15%) CN:7 DL:261KiB ETA:16m26s]
[#32e243 46MiB/298MiB(15%) CN:7 DL:230KiB ETA:18m37s]
[#32e243 46MiB/298MiB(15%) CN:7 DL:233KiB ETA:18m19s]
[#32e243 47MiB/298MiB(15%) CN:7 DL:236KiB ETA:18m4s]
[#32e243 47MiB/298MiB(15%) CN:7 DL:247KiB ETA:17m18s]
[#32e243 47MiB/298MiB(16%) CN:7 DL:267KiB ETA:15m56s]
[#32e243 47MiB/298MiB(16%) CN:7 DL:236KiB ETA:18m1s]
[#32e243 48MiB/298MiB(16%) CN:7 DL:204KiB ETA:20m52s]
[#32e243 48MiB/298MiB(16%) CN:7 DL:209KiB ETA:20m19s]
[#32e243 48MiB/298MiB(16%) CN:7 DL:204KiB ETA:20m49s]
[#32e243 49MiB/298MiB(16%) CN:7 DL:251KiB ETA:16m52s]
[#32e243 49MiB/298MiB(16%) CN:7 DL:226KiB ETA:18m44s]
[#32e243 49MiB/298MiB(16%) CN:7 DL:222KiB ETA:19m4s]
[#32e243 49MiB/298MiB(16%) CN:7 DL:199KiB ETA:21m13s]
[#32e243 49MiB/298MiB(16%) CN:7 DL:224KiB ETA:18m52s]
[#32e243 49MiB/298MiB(16%) CN:7 DL:220KiB ETA:19m13s]
[#32e243 50MiB/298MiB(16%) CN:7 DL:277KiB ETA:15m14s]
[#32e243 50MiB/298MiB(17%) CN:7 DL:288KiB ETA:14m38s]
[#32e243 51MiB/298MiB(17%) CN:7 DL:325KiB ETA:12m55s]
[#32e243 51MiB/298MiB(17%) CN:7 DL:279KiB ETA:15m3s]
[#32e243 51MiB/298MiB(17%) CN:7 DL:291KiB ETA:14m25s]
[#32e243 51MiB/298MiB(17%) CN:7 DL:277KiB ETA:15m9s]
[#32e243 52MiB/298MiB(17%) CN:7 DL:294KiB ETA:14m15s]
 *** Download Progress Summary as of Thu Aug 13 08:07:34 2026 *** 
===============================================================================
[#32e243 52MiB/298MiB(17%) CN:7 DL:314KiB ETA:13m19s]
FILE: data/genetics/phase4a_raw/crohn_disease_GCST004132/cd_build37_40266_20161107.txt.gz
-------------------------------------------------------------------------------

[#32e243 52MiB/298MiB(17%) CN:7 DL:314KiB ETA:13m19s]
[#32e243 53MiB/298MiB(17%) CN:7 DL:378KiB ETA:11m1s]
[#32e243 53MiB/298MiB(17%) CN:7 DL:304KiB ETA:13m41s]
[#32e243 53MiB/298MiB(18%) CN:7 DL:300KiB ETA:13m51s]
[#32e243 53MiB/298MiB(18%) CN:7 DL:263KiB ETA:15m48s]
[#32e243 53MiB/298MiB(18%) CN:7 DL:247KiB ETA:16m48s]
[#32e243 54MiB/298MiB(18%) CN:7 DL:261KiB ETA:15m53s]
[#32e243 54MiB/298MiB(18%) CN:7 DL:301KiB ETA:13m46s]
[#32e243 55MiB/298MiB(18%) CN:7 DL:367KiB ETA:11m15s]
[#32e243 55MiB/298MiB(18%) CN:7 DL:334KiB ETA:12m22s]
[#32e243 56MiB/298MiB(18%) CN:7 DL:321KiB ETA:12m50s]
[#32e243 56MiB/298MiB(18%) CN:7 DL:323KiB ETA:12m45s]
[#32e243 56MiB/298MiB(18%) CN:7 DL:311KiB ETA:13m12s]
[#32e243 56MiB/298MiB(19%) CN:7 DL:322KiB ETA:12m47s]
[#32e243 57MiB/298MiB(19%) CN:7 DL:407KiB ETA:10m4s]
[#32e243 58MiB/298MiB(19%) CN:7 DL:434KiB ETA:9m25s]
[#32e243 58MiB/298MiB(19%) CN:7 DL:434KiB ETA:9m24s]
[#32e243 59MiB/298MiB(19%) CN:7 DL:382KiB ETA:10m39s]
[#32e243 59MiB/298MiB(19%) CN:7 DL:400KiB ETA:10m9s]
[#32e243 59MiB/298MiB(19%) CN:7 DL:374KiB ETA:10m52s]
[#32e243 59MiB/298MiB(20%) CN:7 DL:373KiB ETA:10m52s]
[#32e243 60MiB/298MiB(20%) CN:7 DL:393KiB ETA:10m19s]
[#32e243 60MiB/298MiB(20%) CN:7 DL:459KiB ETA:8m48s]
[#32e243 61MiB/298MiB(20%) CN:7 DL:458KiB ETA:8m47s]
[#32e243 61MiB/298MiB(20%) CN:7 DL:416KiB ETA:9m40s]
[#32e243 62MiB/298MiB(20%) CN:7 DL:414KiB ETA:9m41s]
[#32e243 62MiB/298MiB(21%) CN:7 DL:406KiB ETA:9m53s]
[#32e243 62MiB/298MiB(21%) CN:7 DL:366KiB ETA:10m56s]
[#32e243 63MiB/298MiB(21%) CN:7 DL:427KiB ETA:9m21s]
 *** Download Progress Summary as of Thu Aug 13 08:08:05 2026 *** 
===============================================================================
[#32e243 64MiB/298MiB(21%) CN:7 DL:523KiB ETA:7m36s]
FILE: data/genetics/phase4a_raw/crohn_disease_GCST004132/cd_build37_40266_20161107.txt.gz
-------------------------------------------------------------------------------

[#32e243 64MiB/298MiB(21%) CN:7 DL:523KiB ETA:7m36s]
[#32e243 64MiB/298MiB(21%) CN:7 DL:526KiB ETA:7m32s]
[#32e243 65MiB/298MiB(21%) CN:7 DL:504KiB ETA:7m51s]
[#32e243 65MiB/298MiB(22%) CN:7 DL:452KiB ETA:8m44s]
[#32e243 66MiB/298MiB(22%) CN:7 DL:470KiB ETA:8m24s]
[#32e243 66MiB/298MiB(22%) CN:7 DL:446KiB ETA:8m50s]
[#32e243 66MiB/298MiB(22%) CN:7 DL:435KiB ETA:9m4s]
[#32e243 66MiB/298MiB(22%) CN:7 DL:447KiB ETA:8m49s]
[#32e243 67MiB/298MiB(22%) CN:7 DL:444KiB ETA:8m51s]
[#32e243 68MiB/298MiB(23%) CN:7 DL:446KiB ETA:8m46s]
[#32e243 69MiB/298MiB(23%) CN:7 DL:455KiB ETA:8m35s]
[#32e243 69MiB/298MiB(23%) CN:7 DL:440KiB ETA:8m51s]
[#32e243 69MiB/298MiB(23%) CN:7 DL:447KiB ETA:8m42s]
[#32e243 70MiB/298MiB(23%) CN:7 DL:456KiB ETA:8m30s]
[#32e243 70MiB/298MiB(23%) CN:7 DL:460KiB ETA:8m26s]
[#32e243 70MiB/298MiB(23%) CN:7 DL:468KiB ETA:8m15s]
[#32e243 71MiB/298MiB(23%) CN:7 DL:482KiB ETA:8m1s]
[#32e243 71MiB/298MiB(23%) CN:7 DL:430KiB ETA:8m58s]
[#32e243 71MiB/298MiB(24%) CN:7 DL:342KiB ETA:11m16s]
[#32e243 72MiB/298MiB(24%) CN:7 DL:436KiB ETA:8m48s]
[#32e243 73MiB/298MiB(24%) CN:7 DL:437KiB ETA:8m46s]
[#32e243 73MiB/298MiB(24%) CN:7 DL:404KiB ETA:9m28s]
[#32e243 73MiB/298MiB(24%) CN:7 DL:367KiB ETA:10m24s]
[#32e243 74MiB/298MiB(24%) CN:7 DL:384KiB ETA:9m56s]
[#32e243 74MiB/298MiB(25%) CN:7 DL:425KiB ETA:8m57s]
[#32e243 75MiB/298MiB(25%) CN:7 DL:489KiB ETA:7m45s]
[#32e243 75MiB/298MiB(25%) CN:7 DL:512KiB ETA:7m23s]
[#32e243 76MiB/298MiB(25%) CN:7 DL:519KiB ETA:7m16s]
[#32e243 76MiB/298MiB(25%) CN:7 DL:374KiB ETA:10m5s]
 *** Download Progress Summary as of Thu Aug 13 08:08:35 2026 *** 
===============================================================================
[#32e243 76MiB/298MiB(25%) CN:7 DL:348KiB ETA:10m50s]
FILE: data/genetics/phase4a_raw/crohn_disease_GCST004132/cd_build37_40266_20161107.txt.gz
-------------------------------------------------------------------------------

[#32e243 76MiB/298MiB(25%) CN:7 DL:348KiB ETA:10m50s]
[#32e243 76MiB/298MiB(25%) CN:7 DL:353KiB ETA:10m41s]
[#32e243 77MiB/298MiB(26%) CN:7 DL:416KiB ETA:9m1s]
[#32e243 78MiB/298MiB(26%) CN:7 DL:454KiB ETA:8m14s]
[#32e243 78MiB/298MiB(26%) CN:7 DL:368KiB ETA:10m9s]
[#32e243 79MiB/298MiB(26%) CN:7 DL:374KiB ETA:9m57s]
[#32e243 79MiB/298MiB(26%) CN:7 DL:349KiB ETA:10m41s]
[#32e243 79MiB/298MiB(26%) CN:7 DL:323KiB ETA:11m31s]
[#32e243 79MiB/298MiB(26%) CN:7 DL:354KiB ETA:10m29s]
[#32e243 80MiB/298MiB(26%) CN:7 DL:388KiB ETA:9m34s]
[#32e243 81MiB/298MiB(27%) CN:7 DL:454KiB ETA:8m8s]
[#32e243 81MiB/298MiB(27%) CN:7 DL:406KiB ETA:9m6s]
[#32e243 81MiB/298MiB(27%) CN:7 DL:348KiB ETA:10m35s]
[#32e243 81MiB/298MiB(27%) CN:7 DL:319KiB ETA:11m34s]
[#32e243 81MiB/298MiB(27%) CN:7 DL:274KiB ETA:13m26s]
[#32e243 82MiB/298MiB(27%) CN:7 DL:323KiB ETA:11m22s]
[#32e243 82MiB/298MiB(27%) CN:7 DL:381KiB ETA:9m37s]
[#32e243 83MiB/298MiB(28%) CN:7 DL:420KiB ETA:8m41s]
[#32e243 84MiB/298MiB(28%) CN:7 DL:444KiB ETA:8m12s]
[#32e243 84MiB/298MiB(28%) CN:7 DL:400KiB ETA:9m6s]
[#32e243 85MiB/298MiB(28%) CN:7 DL:393KiB ETA:9m13s]
[#32e243 85MiB/298MiB(28%) CN:7 DL:405KiB ETA:8m56s]
[#32e243 85MiB/298MiB(28%) CN:7 DL:426KiB ETA:8m30s]
[#32e243 86MiB/298MiB(28%) CN:7 DL:490KiB ETA:7m22s]
[#32e243 87MiB/298MiB(29%) CN:7 DL:550KiB ETA:6m32s]
[#32e243 87MiB/298MiB(29%) CN:7 DL:474KiB ETA:7m34s]
[#32e243 87MiB/298MiB(29%) CN:7 DL:481KiB ETA:7m27s]
[#32e243 88MiB/298MiB(29%) CN:7 DL:431KiB ETA:8m18s]
[#32e243 88MiB/298MiB(29%) CN:7 DL:372KiB ETA:9m36s]
 *** Download Progress Summary as of Thu Aug 13 08:09:05 2026 *** 
===============================================================================
[#32e243 88MiB/298MiB(29%) CN:7 DL:353KiB ETA:10m7s]
FILE: data/genetics/phase4a_raw/crohn_disease_GCST004132/cd_build37_40266_20161107.txt.gz
-------------------------------------------------------------------------------

[#32e243 88MiB/298MiB(29%) CN:7 DL:353KiB ETA:10m7s]
[#32e243 89MiB/298MiB(30%) CN:7 DL:485KiB ETA:7m19s]
[#32e243 90MiB/298MiB(30%) CN:7 DL:526KiB ETA:6m43s]
[#32e243 90MiB/298MiB(30%) CN:7 DL:493KiB ETA:7m10s]
[#32e243 91MiB/298MiB(30%) CN:7 DL:432KiB ETA:8m9s]
[#32e243 91MiB/298MiB(30%) CN:7 DL:419KiB ETA:8m24s]
[#32e243 91MiB/298MiB(30%) CN:7 DL:398KiB ETA:8m50s]
[#32e243 92MiB/298MiB(30%) CN:7 DL:430KiB ETA:8m10s]
[#32e243 92MiB/298MiB(30%) CN:7 DL:443KiB ETA:7m55s]
[#32e243 92MiB/298MiB(31%) CN:7 DL:452KiB ETA:7m44s]
[#32e243 93MiB/298MiB(31%) CN:7 DL:407KiB ETA:8m33s]
[#32e243 94MiB/298MiB(31%) CN:7 DL:413KiB ETA:8m24s]
[#32e243 94MiB/298MiB(31%) CN:7 DL:419KiB ETA:8m16s]
[#32e243 94MiB/298MiB(31%) CN:7 DL:416KiB ETA:8m19s]
[#32e243 95MiB/298MiB(31%) CN:7 DL:404KiB ETA:8m33s]
[#32e243 95MiB/298MiB(31%) CN:7 DL:350KiB ETA:9m51s]
[#32e243 95MiB/298MiB(32%) CN:7 DL:399KiB ETA:8m38s]
[#32e243 96MiB/298MiB(32%) CN:7 DL:463KiB ETA:7m25s]
[#32e243 97MiB/298MiB(32%) CN:7 DL:483KiB ETA:7m5s]
[#32e243 97MiB/298MiB(32%) CN:7 DL:398KiB ETA:8m35s]
[#32e243 97MiB/298MiB(32%) CN:7 DL:379KiB ETA:9m]
[#32e243 97MiB/298MiB(32%) CN:7 DL:348KiB ETA:9m47s]
[#32e243 98MiB/298MiB(32%) CN:7 DL:318KiB ETA:10m43s]
[#32e243 98MiB/298MiB(33%) CN:7 DL:342KiB ETA:9m56s]
[#32e243 98MiB/298MiB(33%) CN:7 DL:388KiB ETA:8m44s]
[#32e243 99MiB/298MiB(33%) CN:7 DL:421KiB ETA:8m2s]
[#32e243 100MiB/298MiB(33%) CN:7 DL:371KiB ETA:9m5s]
[#32e243 100MiB/298MiB(33%) CN:7 DL:351KiB ETA:9m35s]
[#32e243 100MiB/298MiB(33%) CN:7 DL:378KiB ETA:8m54s]
 *** Download Progress Summary as of Thu Aug 13 08:09:35 2026 *** 
===============================================================================
[#32e243 101MiB/298MiB(33%) CN:7 DL:375KiB ETA:8m57s]
FILE: data/genetics/phase4a_raw/crohn_disease_GCST004132/cd_build37_40266_20161107.txt.gz
-------------------------------------------------------------------------------

[#32e243 101MiB/298MiB(33%) CN:7 DL:375KiB ETA:8m57s]
[#32e243 101MiB/298MiB(34%) CN:7 DL:411KiB ETA:8m9s]
[#32e243 101MiB/298MiB(34%) CN:7 DL:431KiB ETA:7m45s]
[#32e243 102MiB/298MiB(34%) CN:7 DL:421KiB ETA:7m55s]
[#32e243 102MiB/298MiB(34%) CN:7 DL:382KiB ETA:8m43s]
[#32e243 102MiB/298MiB(34%) CN:7 DL:357KiB ETA:9m20s]
[#32e243 102MiB/298MiB(34%) CN:7 DL:299KiB ETA:11m7s]
[#32e243 103MiB/298MiB(34%) CN:7 DL:337KiB ETA:9m50s]
[#32e243 104MiB/298MiB(35%) CN:7 DL:392KiB ETA:8m25s]
[#32e243 104MiB/298MiB(35%) CN:7 DL:391KiB ETA:8m25s]
[#32e243 105MiB/298MiB(35%) CN:7 DL:412KiB ETA:7m57s]
[#32e243 105MiB/298MiB(35%) CN:7 DL:397KiB ETA:8m15s]
[#32e243 105MiB/298MiB(35%) CN:7 DL:383KiB ETA:8m32s]
[#32e243 105MiB/298MiB(35%) CN:7 DL:378KiB ETA:8m40s]
[#32e243 106MiB/298MiB(35%) CN:7 DL:440KiB ETA:7m24s]
[#32e243 107MiB/298MiB(36%) CN:7 DL:508KiB ETA:6m23s]
[#32e243 108MiB/298MiB(36%) CN:7 DL:522KiB ETA:6m11s]
[#32e243 108MiB/298MiB(36%) CN:7 DL:472KiB ETA:6m50s]
[#32e243 109MiB/298MiB(36%) CN:7 DL:488KiB ETA:6m35s]
[#32e243 109MiB/298MiB(36%) CN:7 DL:474KiB ETA:6m45s]
[#32e243 110MiB/298MiB(37%) CN:7 DL:517KiB ETA:6m11s]
[#32e243 110MiB/298MiB(37%) CN:7 DL:558KiB ETA:5m43s]
[#32e243 111MiB/298MiB(37%) CN:7 DL:611KiB ETA:5m12s]
[#32e243 111MiB/298MiB(37%) CN:7 DL:533KiB ETA:5m58s]
[#32e243 111MiB/298MiB(37%) CN:7 DL:433KiB ETA:7m20s]
[#32e243 112MiB/298MiB(37%) CN:7 DL:422KiB ETA:7m30s]
[#32e243 113MiB/298MiB(37%) CN:7 DL:431KiB ETA:7m19s]
[#32e243 113MiB/298MiB(38%) CN:7 DL:438KiB ETA:7m10s]
 *** Download Progress Summary as of Thu Aug 13 08:10:05 2026 *** 
===============================================================================
[#32e243 114MiB/298MiB(38%) CN:7 DL:467KiB ETA:6m42s]
FILE: data/genetics/phase4a_raw/crohn_disease_GCST004132/cd_build37_40266_20161107.txt.gz
-------------------------------------------------------------------------------

[#32e243 114MiB/298MiB(38%) CN:7 DL:467KiB ETA:6m42s]
[#32e243 114MiB/298MiB(38%) CN:7 DL:449KiB ETA:6m57s]
[#32e243 115MiB/298MiB(38%) CN:7 DL:434KiB ETA:7m11s]
[#32e243 115MiB/298MiB(38%) CN:7 DL:470KiB ETA:6m36s]
[#32e243 115MiB/298MiB(38%) CN:7 DL:537KiB ETA:5m46s]
[#32e243 116MiB/298MiB(38%) CN:7 DL:483KiB ETA:6m25s]
[#32e243 116MiB/298MiB(38%) CN:7 DL:417KiB ETA:7m25s]
[#32e243 116MiB/298MiB(39%) CN:7 DL:397KiB ETA:7m46s]
[#32e243 117MiB/298MiB(39%) CN:7 DL:405KiB ETA:7m36s]
[#32e243 117MiB/298MiB(39%) CN:7 DL:311KiB ETA:9m53s]
[#32e243 117MiB/298MiB(39%) CN:7 DL:248KiB ETA:12m24s]
[#32e243 118MiB/298MiB(39%) CN:7 DL:263KiB ETA:11m39s]
[#32e243 118MiB/298MiB(39%) CN:7 DL:252KiB ETA:12m8s]
[#32e243 119MiB/298MiB(39%) CN:7 DL:339KiB ETA:8m59s]
[#32e243 119MiB/298MiB(40%) CN:7 DL:363KiB ETA:8m21s]
[#32e243 120MiB/298MiB(40%) CN:7 DL:346KiB ETA:8m45s]
[#32e243 120MiB/298MiB(40%) CN:7 DL:317KiB ETA:9m32s]
[#32e243 120MiB/298MiB(40%) CN:7 DL:331KiB ETA:9m9s]
[#32e243 120MiB/298MiB(40%) CN:7 DL:386KiB ETA:7m49s]
[#32e243 121MiB/298MiB(40%) CN:7 DL:371KiB ETA:8m8s]
[#32e243 121MiB/298MiB(40%) CN:7 DL:397KiB ETA:7m34s]
[#32e243 121MiB/298MiB(40%) CN:7 DL:395KiB ETA:7m36s]
[#32e243 122MiB/298MiB(41%) CN:7 DL:345KiB ETA:8m40s]
[#32e243 122MiB/298MiB(41%) CN:7 DL:312KiB ETA:9m35s]
[#32e243 122MiB/298MiB(41%) CN:7 DL:298KiB ETA:10m1s]
[#32e243 123MiB/298MiB(41%) CN:7 DL:299KiB ETA:9m58s]
[#32e243 123MiB/298MiB(41%) CN:7 DL:308KiB ETA:9m40s]
[#32e243 123MiB/298MiB(41%) CN:7 DL:273KiB ETA:10m54s]
 *** Download Progress Summary as of Thu Aug 13 08:10:36 2026 *** 
===============================================================================
[#32e243 123MiB/298MiB(41%) CN:7 DL:326KiB ETA:9m5s]
FILE: data/genetics/phase4a_raw/crohn_disease_GCST004132/cd_build37_40266_20161107.txt.gz
-------------------------------------------------------------------------------

[#32e243 123MiB/298MiB(41%) CN:7 DL:326KiB ETA:9m5s]
[#32e243 124MiB/298MiB(41%) CN:7 DL:294KiB ETA:10m3s]
[#32e243 124MiB/298MiB(41%) CN:7 DL:287KiB ETA:10m17s]
[#32e243 125MiB/298MiB(42%) CN:7 DL:308KiB ETA:9m33s]
[#32e243 125MiB/298MiB(42%) CN:7 DL:299KiB ETA:9m51s]
[#32e243 125MiB/298MiB(42%) CN:7 DL:309KiB ETA:9m29s]
[#32e243 125MiB/298MiB(42%) CN:7 DL:312KiB ETA:9m23s]
[#32e243 126MiB/298MiB(42%) CN:7 DL:345KiB ETA:8m29s]
[#32e243 126MiB/298MiB(42%) CN:7 DL:334KiB ETA:8m46s]
[#32e243 127MiB/298MiB(42%) CN:7 DL:348KiB ETA:8m22s]
[#32e243 127MiB/298MiB(42%) CN:7 DL:318KiB ETA:9m9s]
[#32e243 127MiB/298MiB(42%) CN:7 DL:356KiB ETA:8m8s]
[#32e243 127MiB/298MiB(42%) CN:7 DL:313KiB ETA:9m15s]
[#32e243 128MiB/298MiB(43%) CN:7 DL:337KiB ETA:8m35s]
[#32e243 128MiB/298MiB(43%) CN:7 DL:298KiB ETA:9m42s]
[#32e243 129MiB/298MiB(43%) CN:7 DL:372KiB ETA:7m43s]
[#32e243 129MiB/298MiB(43%) CN:7 DL:390KiB ETA:7m21s]
[#32e243 130MiB/298MiB(43%) CN:7 DL:393KiB ETA:7m16s]
[#32e243 130MiB/298MiB(43%) CN:7 DL:418KiB ETA:6m49s]
[#32e243 130MiB/298MiB(43%) CN:7 DL:390KiB ETA:7m18s]
[#32e243 130MiB/298MiB(43%) CN:7 DL:334KiB ETA:8m31s]
[#32e243 131MiB/298MiB(44%) CN:7 DL:402KiB ETA:7m2s]
[#32e243 132MiB/298MiB(44%) CN:7 DL:479KiB ETA:5m52s]
[#32e243 133MiB/298MiB(44%) CN:7 DL:493KiB ETA:5m42s]
[#32e243 133MiB/298MiB(44%) CN:7 DL:486KiB ETA:5m46s]
[#32e243 134MiB/298MiB(45%) CN:7 DL:470KiB ETA:5m56s]
[#32e243 134MiB/298MiB(45%) CN:7 DL:466KiB ETA:5m58s]
[#32e243 134MiB/298MiB(45%) CN:7 DL:449KiB ETA:6m11s]
[#32e243 135MiB/298MiB(45%) CN:7 DL:472KiB ETA:5m52s]
 *** Download Progress Summary as of Thu Aug 13 08:11:06 2026 *** 
===============================================================================
[#32e243 135MiB/298MiB(45%) CN:7 DL:529KiB ETA:5m13s]
FILE: data/genetics/phase4a_raw/crohn_disease_GCST004132/cd_build37_40266_20161107.txt.gz
-------------------------------------------------------------------------------

[#32e243 135MiB/298MiB(45%) CN:7 DL:529KiB ETA:5m13s]
[#32e243 135MiB/298MiB(45%) CN:7 DL:454KiB ETA:6m5s]
[#32e243 136MiB/298MiB(45%) CN:7 DL:434KiB ETA:6m20s]
[#32e243 136MiB/298MiB(45%) CN:7 DL:404KiB ETA:6m48s]
[#32e243 137MiB/298MiB(45%) CN:7 DL:371KiB ETA:7m23s]
[#32e243 137MiB/298MiB(46%) CN:7 DL:306KiB ETA:8m58s]
[#32e243 137MiB/298MiB(46%) CN:7 DL:343KiB ETA:7m58s]
[#32e243 138MiB/298MiB(46%) CN:7 DL:423KiB ETA:6m25s]
[#32e243 139MiB/298MiB(46%) CN:7 DL:449KiB ETA:6m1s]
[#32e243 139MiB/298MiB(46%) CN:7 DL:439KiB ETA:6m9s]
[#32e243 140MiB/298MiB(47%) CN:7 DL:474KiB ETA:5m40s]
[#32e243 140MiB/298MiB(47%) CN:7 DL:400KiB ETA:6m43s]
[#32e243 140MiB/298MiB(47%) CN:7 DL:418KiB ETA:6m25s]
[#32e243 141MiB/298MiB(47%) CN:7 DL:522KiB ETA:5m6s]
[#32e243 141MiB/298MiB(47%) CN:7 DL:504KiB ETA:5m16s]
[#32e243 142MiB/298MiB(47%) CN:7 DL:544KiB ETA:4m52s]
[#32e243 143MiB/298MiB(48%) CN:7 DL:461KiB ETA:5m43s]
[#32e243 143MiB/298MiB(48%) CN:7 DL:475KiB ETA:5m31s]
[#32e243 143MiB/298MiB(48%) CN:7 DL:436KiB ETA:6m1s]
[#32e243 144MiB/298MiB(48%) CN:7 DL:383KiB ETA:6m51s]
[#32e243 144MiB/298MiB(48%) CN:7 DL:447KiB ETA:5m51s]
[#32e243 145MiB/298MiB(48%) CN:7 DL:526KiB ETA:4m56s]
[#32e243 146MiB/298MiB(48%) CN:7 DL:500KiB ETA:5m11s]
[#32e243 146MiB/298MiB(49%) CN:7 DL:517KiB ETA:4m59s]
[#32e243 147MiB/298MiB(49%) CN:7 DL:463KiB ETA:5m33s]
[#32e243 147MiB/298MiB(49%) CN:7 DL:444KiB ETA:5m47s]
[#32e243 147MiB/298MiB(49%) CN:7 DL:412KiB ETA:6m13s]
[#32e243 147MiB/298MiB(49%) CN:7 DL:443KiB ETA:5m46s]
[#32e243 148MiB/298MiB(49%) CN:7 DL:513KiB ETA:4m58s]
 *** Download Progress Summary as of Thu Aug 13 08:11:37 2026 *** 
===============================================================================
[#32e243 148MiB/298MiB(49%) CN:7 DL:535KiB ETA:4m44s]
FILE: data/genetics/phase4a_raw/crohn_disease_GCST004132/cd_build37_40266_20161107.txt.gz
-------------------------------------------------------------------------------

[#32e243 148MiB/298MiB(49%) CN:7 DL:535KiB ETA:4m44s]
[#32e243 149MiB/298MiB(50%) CN:7 DL:464KiB ETA:5m26s]
[#32e243 150MiB/298MiB(50%) CN:7 DL:451KiB ETA:5m35s]
[#32e243 150MiB/298MiB(50%) CN:7 DL:425KiB ETA:5m54s]
[#32e243 150MiB/298MiB(50%) CN:7 DL:367KiB ETA:6m50s]
[#32e243 151MiB/298MiB(50%) CN:7 DL:399KiB ETA:6m15s]
[#32e243 152MiB/298MiB(51%) CN:7 DL:469KiB ETA:5m18s]
[#32e243 152MiB/298MiB(51%) CN:7 DL:515KiB ETA:4m48s]
[#32e243 153MiB/298MiB(51%) CN:7 DL:498KiB ETA:4m57s]
[#32e243 153MiB/298MiB(51%) CN:7 DL:491KiB ETA:5m]
[#32e243 153MiB/298MiB(51%) CN:7 DL:433KiB ETA:5m40s]
[#32e243 154MiB/298MiB(51%) CN:7 DL:407KiB ETA:6m1s]
[#32e243 155MiB/298MiB(52%) CN:7 DL:500KiB ETA:4m51s]
[#32e243 155MiB/298MiB(52%) CN:7 DL:576KiB ETA:4m12s]
[#32e243 156MiB/298MiB(52%) CN:7 DL:583KiB ETA:4m8s]
[#32e243 156MiB/298MiB(52%) CN:7 DL:503KiB ETA:4m47s]
[#32e243 157MiB/298MiB(52%) CN:7 DL:486KiB ETA:4m56s]
[#32e243 157MiB/298MiB(52%) CN:7 DL:452KiB ETA:5m18s]
[#32e243 157MiB/298MiB(52%) CN:7 DL:421KiB ETA:5m41s]
[#32e243 158MiB/298MiB(53%) CN:7 DL:469KiB ETA:5m4s]
[#32e243 159MiB/298MiB(53%) CN:7 DL:566KiB ETA:4m10s]
[#32e243 159MiB/298MiB(53%) CN:7 DL:480KiB ETA:4m55s]
[#32e243 159MiB/298MiB(53%) CN:7 DL:441KiB ETA:5m20s]
[#32e243 160MiB/298MiB(53%) CN:7 DL:364KiB ETA:6m27s]
[#32e243 160MiB/298MiB(53%) CN:7 DL:379KiB ETA:6m10s]
[#32e243 161MiB/298MiB(54%) CN:7 DL:425KiB ETA:5m29s]
[#32e243 161MiB/298MiB(54%) CN:7 DL:437KiB ETA:5m18s]
[#32e243 162MiB/298MiB(54%) CN:7 DL:456KiB ETA:5m4s]
 *** Download Progress Summary as of Thu Aug 13 08:12:07 2026 *** 
===============================================================================
[#32e243 162MiB/298MiB(54%) CN:7 DL:391KiB ETA:5m53s]
FILE: data/genetics/phase4a_raw/crohn_disease_GCST004132/cd_build37_40266_20161107.txt.gz
-------------------------------------------------------------------------------

[#32e243 162MiB/298MiB(54%) CN:7 DL:391KiB ETA:5m53s]
[#32e243 163MiB/298MiB(54%) CN:7 DL:398KiB ETA:5m46s]
[#32e243 163MiB/298MiB(54%) CN:7 DL:400KiB ETA:5m43s]
[#32e243 163MiB/298MiB(54%) CN:7 DL:433KiB ETA:5m17s]
[#32e243 164MiB/298MiB(55%) CN:7 DL:429KiB ETA:5m19s]
[#32e243 164MiB/298MiB(55%) CN:7 DL:429KiB ETA:5m18s]
[#32e243 165MiB/298MiB(55%) CN:7 DL:456KiB ETA:4m57s]
[#32e243 165MiB/298MiB(55%) CN:7 DL:440KiB ETA:5m7s]
[#32e243 166MiB/298MiB(55%) CN:7 DL:430KiB ETA:5m13s]
[#32e243 166MiB/298MiB(55%) CN:7 DL:381KiB ETA:5m52s]
[#32e243 167MiB/298MiB(56%) CN:7 DL:411KiB ETA:5m25s]
[#32e243 167MiB/298MiB(56%) CN:7 DL:478KiB ETA:4m38s]
[#32e243 168MiB/298MiB(56%) CN:7 DL:482KiB ETA:4m35s]
[#32e243 168MiB/298MiB(56%) CN:7 DL:490KiB ETA:4m29s]
[#32e243 169MiB/298MiB(56%) CN:7 DL:422KiB ETA:5m12s]
[#32e243 169MiB/298MiB(56%) CN:7 DL:401KiB ETA:5m27s]
[#32e243 169MiB/298MiB(56%) CN:7 DL:345KiB ETA:6m20s]
[#32e243 170MiB/298MiB(57%) CN:7 DL:396KiB ETA:5m30s]
[#32e243 170MiB/298MiB(57%) CN:7 DL:392KiB ETA:5m33s]
[#32e243 170MiB/298MiB(57%) CN:7 DL:392KiB ETA:5m31s]
[#32e243 171MiB/298MiB(57%) CN:7 DL:349KiB ETA:6m11s]
[#32e243 171MiB/298MiB(57%) CN:7 DL:315KiB ETA:6m51s]
[#32e243 171MiB/298MiB(57%) CN:7 DL:257KiB ETA:8m23s]
[#32e243 171MiB/298MiB(57%) CN:7 DL:235KiB ETA:9m11s]
[#32e243 171MiB/298MiB(57%) CN:7 DL:286KiB ETA:7m31s]
[#32e243 172MiB/298MiB(57%) CN:7 DL:306KiB ETA:6m58s]
[#32e243 172MiB/298MiB(57%) CN:7 DL:282KiB ETA:7m34s]
[#32e243 173MiB/298MiB(58%) CN:7 DL:300KiB ETA:7m4s]
 *** Download Progress Summary as of Thu Aug 13 08:12:38 2026 *** 
===============================================================================
[#32e243 173MiB/298MiB(58%) CN:7 DL:298KiB ETA:7m6s]
FILE: data/genetics/phase4a_raw/crohn_disease_GCST004132/cd_build37_40266_20161107.txt.gz
-------------------------------------------------------------------------------

[#32e243 173MiB/298MiB(58%) CN:7 DL:298KiB ETA:7m6s]
[#32e243 174MiB/298MiB(58%) CN:7 DL:293KiB ETA:7m13s]
[#32e243 174MiB/298MiB(58%) CN:7 DL:321KiB ETA:6m33s]
[#32e243 174MiB/298MiB(58%) CN:7 DL:323KiB ETA:6m31s]
[#32e243 174MiB/298MiB(58%) CN:7 DL:330KiB ETA:6m22s]
[#32e243 175MiB/298MiB(58%) CN:7 DL:361KiB ETA:5m47s]
[#32e243 175MiB/298MiB(58%) CN:7 DL:349KiB ETA:5m57s]
[#32e243 176MiB/298MiB(59%) CN:7 DL:362KiB ETA:5m44s]
[#32e243 176MiB/298MiB(59%) CN:7 DL:332KiB ETA:6m14s]
[#32e243 176MiB/298MiB(59%) CN:7 DL:317KiB ETA:6m31s]
[#32e243 176MiB/298MiB(59%) CN:7 DL:310KiB ETA:6m39s]
[#32e243 176MiB/298MiB(59%) CN:7 DL:287KiB ETA:7m11s]
[#32e243 177MiB/298MiB(59%) CN:7 DL:304KiB ETA:6m45s]
[#32e243 177MiB/298MiB(59%) CN:7 DL:346KiB ETA:5m55s]
[#32e243 177MiB/298MiB(59%) CN:7 DL:288KiB ETA:7m6s]
[#32e243 178MiB/298MiB(59%) CN:7 DL:277KiB ETA:7m21s]
[#32e243 178MiB/298MiB(59%) CN:7 DL:273KiB ETA:7m27s]
[#32e243 178MiB/298MiB(59%) CN:7 DL:251KiB ETA:8m6s]
[#32e243 178MiB/298MiB(59%) CN:7 DL:244KiB ETA:8m19s]
[#32e243 179MiB/298MiB(60%) CN:7 DL:233KiB ETA:8m41s]
[#32e243 179MiB/298MiB(60%) CN:7 DL:260KiB ETA:7m46s]
[#32e243 179MiB/298MiB(60%) CN:7 DL:250KiB ETA:8m5s]
[#32e243 179MiB/298MiB(60%) CN:7 DL:218KiB ETA:9m14s]
[#32e243 180MiB/298MiB(60%) CN:7 DL:245KiB ETA:8m11s]
[#32e243 180MiB/298MiB(60%) CN:7 DL:266KiB ETA:7m31s]
[#32e243 180MiB/298MiB(60%) CN:7 DL:260KiB ETA:7m40s]
[#32e243 180MiB/298MiB(60%) CN:7 DL:259KiB ETA:7m42s]
[#32e243 181MiB/298MiB(60%) CN:7 DL:267KiB ETA:7m27s]
[#32e243 181MiB/298MiB(60%) CN:7 DL:292KiB ETA:6m47s]
[#32e243 182MiB/298MiB(61%) CN:7 DL:355KiB ETA:5m32s]
 *** Download Progress Summary as of Thu Aug 13 08:13:09 2026 *** 
===============================================================================
[#32e243 182MiB/298MiB(61%) CN:7 DL:376KiB ETA:5m13s]
FILE: data/genetics/phase4a_raw/crohn_disease_GCST004132/cd_build37_40266_20161107.txt.gz
-------------------------------------------------------------------------------

[#32e243 182MiB/298MiB(61%) CN:7 DL:376KiB ETA:5m13s]
[#32e243 183MiB/298MiB(61%) CN:7 DL:386KiB ETA:5m4s]
[#32e243 183MiB/298MiB(61%) CN:7 DL:347KiB ETA:5m37s]
[#32e243 184MiB/298MiB(61%) CN:7 DL:407KiB ETA:4m46s]
[#32e243 184MiB/298MiB(62%) CN:7 DL:444KiB ETA:4m20s]
[#32e243 185MiB/298MiB(62%) CN:7 DL:490KiB ETA:3m55s]
[#32e243 185MiB/298MiB(62%) CN:7 DL:500KiB ETA:3m49s]
[#32e243 185MiB/298MiB(62%) CN:7 DL:457KiB ETA:4m11s]
[#32e243 186MiB/298MiB(62%) CN:7 DL:399KiB ETA:4m47s]
[#32e243 187MiB/298MiB(62%) CN:7 DL:476KiB ETA:3m58s]
[#32e243 188MiB/298MiB(63%) CN:7 DL:568KiB ETA:3m17s]
[#32e243 188MiB/298MiB(63%) CN:7 DL:596KiB ETA:3m7s]
[#32e243 189MiB/298MiB(63%) CN:7 DL:564KiB ETA:3m17s]
[#32e243 189MiB/298MiB(63%) CN:7 DL:571KiB ETA:3m13s]
[#32e243 190MiB/298MiB(63%) CN:7 DL:571KiB ETA:3m12s]
[#32e243 190MiB/298MiB(64%) CN:7 DL:575KiB ETA:3m10s]
[#32e243 191MiB/298MiB(64%) CN:7 DL:589KiB ETA:3m5s]
[#32e243 192MiB/298MiB(64%) CN:7 DL:690KiB ETA:2m36s]
[#32e243 192MiB/298MiB(64%) CN:7 DL:614KiB ETA:2m55s]
[#32e243 193MiB/298MiB(64%) CN:7 DL:552KiB ETA:3m14s]
[#32e243 193MiB/298MiB(64%) CN:7 DL:513KiB ETA:3m28s]
[#32e243 193MiB/298MiB(65%) CN:7 DL:495KiB ETA:3m35s]
[#32e243 194MiB/298MiB(65%) CN:7 DL:482KiB ETA:3m39s]
[#32e243 195MiB/298MiB(65%) CN:7 DL:522KiB ETA:3m21s]
[#32e243 195MiB/298MiB(65%) CN:7 DL:525KiB ETA:3m19s]
[#32e243 196MiB/298MiB(65%) CN:7 DL:582KiB ETA:2m58s]
[#32e243 196MiB/298MiB(66%) CN:7 DL:520KiB ETA:3m18s]
[#32e243 197MiB/298MiB(66%) CN:7 DL:505KiB ETA:3m24s]
[#32e243 197MiB/298MiB(66%) CN:7 DL:459KiB ETA:3m44s]
 *** Download Progress Summary as of Thu Aug 13 08:13:39 2026 *** 
===============================================================================
[#32e243 198MiB/298MiB(66%) CN:7 DL:522KiB ETA:3m15s]
FILE: data/genetics/phase4a_raw/crohn_disease_GCST004132/cd_build37_40266_20161107.txt.gz
-------------------------------------------------------------------------------

[#32e243 198MiB/298MiB(66%) CN:7 DL:522KiB ETA:3m15s]
[#32e243 198MiB/298MiB(66%) CN:7 DL:554KiB ETA:3m3s]
[#32e243 199MiB/298MiB(66%) CN:7 DL:569KiB ETA:2m56s]
[#32e243 200MiB/298MiB(67%) CN:7 DL:552KiB ETA:3m1s]
[#32e243 200MiB/298MiB(67%) CN:7 DL:460KiB ETA:3m37s]
[#32e243 201MiB/298MiB(67%) CN:7 DL:476KiB ETA:3m28s]
[#32e243 201MiB/298MiB(67%) CN:7 DL:461KiB ETA:3m34s]
[#32e243 202MiB/298MiB(67%) CN:7 DL:524KiB ETA:3m6s]
[#32e243 202MiB/298MiB(67%) CN:7 DL:534KiB ETA:3m2s]
[#32e243 203MiB/298MiB(68%) CN:7 DL:524KiB ETA:3m4s]
[#32e243 203MiB/298MiB(68%) CN:7 DL:482KiB ETA:3m20s]
[#32e243 203MiB/298MiB(68%) CN:7 DL:445KiB ETA:3m36s]
[#32e243 204MiB/298MiB(68%) CN:7 DL:397KiB ETA:4m2s]
[#32e243 205MiB/298MiB(68%) CN:7 DL:535KiB ETA:2m57s]
[#32e243 205MiB/298MiB(69%) CN:7 DL:502KiB ETA:3m8s]
[#32e243 206MiB/298MiB(69%) CN:7 DL:502KiB ETA:3m7s]
[#32e243 206MiB/298MiB(69%) CN:7 DL:450KiB ETA:3m28s]
[#32e243 206MiB/298MiB(69%) CN:7 DL:449KiB ETA:3m28s]
[#32e243 207MiB/298MiB(69%) CN:7 DL:401KiB ETA:3m51s]
[#32e243 207MiB/298MiB(69%) CN:7 DL:450KiB ETA:3m25s]
[#32e243 208MiB/298MiB(69%) CN:7 DL:474KiB ETA:3m13s]
[#32e243 208MiB/298MiB(70%) CN:7 DL:511KiB ETA:2m58s]
[#32e243 209MiB/298MiB(70%) CN:7 DL:460KiB ETA:3m17s]
[#32e243 209MiB/298MiB(70%) CN:7 DL:444KiB ETA:3m23s]
[#32e243 210MiB/298MiB(70%) CN:7 DL:448KiB ETA:3m20s]
[#32e243 210MiB/298MiB(70%) CN:7 DL:413KiB ETA:3m37s]
[#32e243 210MiB/298MiB(70%) CN:7 DL:397KiB ETA:3m45s]
[#32e243 211MiB/298MiB(70%) CN:7 DL:456KiB ETA:3m14s]
[#32e243 211MiB/298MiB(71%) CN:7 DL:424KiB ETA:3m27s]
 *** Download Progress Summary as of Thu Aug 13 08:14:10 2026 *** 
===============================================================================
[#32e243 212MiB/298MiB(71%) CN:7 DL:398KiB ETA:3m40s]
FILE: data/genetics/phase4a_raw/crohn_disease_GCST004132/cd_build37_40266_20161107.txt.gz
-------------------------------------------------------------------------------

[#32e243 212MiB/298MiB(71%) CN:7 DL:398KiB ETA:3m40s]
[#32e243 212MiB/298MiB(71%) CN:7 DL:398KiB ETA:3m39s]
[#32e243 212MiB/298MiB(71%) CN:7 DL:353KiB ETA:4m7s]
[#32e243 212MiB/298MiB(71%) CN:7 DL:330KiB ETA:4m23s]
[#32e243 213MiB/298MiB(71%) CN:7 DL:357KiB ETA:4m1s]
[#32e243 214MiB/298MiB(71%) CN:7 DL:425KiB ETA:3m21s]
[#32e243 214MiB/298MiB(72%) CN:7 DL:467KiB ETA:3m2s]
[#32e243 215MiB/298MiB(72%) CN:7 DL:412KiB ETA:3m26s]
[#32e243 215MiB/298MiB(72%) CN:7 DL:334KiB ETA:4m14s]
[#32e243 216MiB/298MiB(72%) CN:7 DL:400KiB ETA:3m29s]
[#32e243 216MiB/298MiB(72%) CN:7 DL:451KiB ETA:3m4s]
[#32e243 217MiB/298MiB(72%) CN:7 DL:477KiB ETA:2m53s]
[#32e243 217MiB/298MiB(73%) CN:7 DL:493KiB ETA:2m46s]
[#32e243 218MiB/298MiB(73%) CN:7 DL:452KiB ETA:3m]
[#32e243 218MiB/298MiB(73%) CN:7 DL:379KiB ETA:3m35s]
[#32e243 218MiB/298MiB(73%) CN:7 DL:460KiB ETA:2m55s]
[#32e243 219MiB/298MiB(73%) CN:7 DL:434KiB ETA:3m6s]
[#32e243 219MiB/298MiB(73%) CN:7 DL:527KiB ETA:2m31s]
[#32e243 220MiB/298MiB(73%) CN:7 DL:467KiB ETA:2m49s]
[#32e243 220MiB/298MiB(74%) CN:7 DL:437KiB ETA:3m]
[#32e243 221MiB/298MiB(74%) CN:7 DL:412KiB ETA:3m10s]
[#32e243 221MiB/298MiB(74%) CN:7 DL:422KiB ETA:3m4s]
[#32e243 222MiB/298MiB(74%) CN:7 DL:430KiB ETA:3m]
[#32e243 222MiB/298MiB(74%) CN:7 DL:464KiB ETA:2m46s]
[#32e243 222MiB/298MiB(74%) CN:7 DL:421KiB ETA:3m3s]
[#32e243 222MiB/298MiB(74%) CN:7 DL:424KiB ETA:3m1s]
[#32e243 223MiB/298MiB(75%) CN:7 DL:405KiB ETA:3m7s]
[#32e243 224MiB/298MiB(75%) CN:7 DL:419KiB ETA:3m]
[#32e243 224MiB/298MiB(75%) CN:7 DL:446KiB ETA:2m48s]
 *** Download Progress Summary as of Thu Aug 13 08:14:41 2026 *** 
===============================================================================
[#32e243 225MiB/298MiB(75%) CN:7 DL:453KiB ETA:2m44s]
FILE: data/genetics/phase4a_raw/crohn_disease_GCST004132/cd_build37_40266_20161107.txt.gz
-------------------------------------------------------------------------------

[#32e243 225MiB/298MiB(75%) CN:7 DL:453KiB ETA:2m44s]
[#32e243 225MiB/298MiB(75%) CN:7 DL:427KiB ETA:2m53s]
[#32e243 225MiB/298MiB(75%) CN:7 DL:416KiB ETA:2m57s]
[#32e243 226MiB/298MiB(75%) CN:7 DL:419KiB ETA:2m55s]
[#32e243 227MiB/298MiB(76%) CN:7 DL:508KiB ETA:2m22s]
[#32e243 228MiB/298MiB(76%) CN:7 DL:568KiB ETA:2m5s]
[#32e243 228MiB/298MiB(76%) CN:7 DL:527KiB ETA:2m15s]
[#32e243 229MiB/298MiB(76%) CN:7 DL:538KiB ETA:2m10s]
[#32e243 229MiB/298MiB(76%) CN:7 DL:486KiB ETA:2m24s]
[#32e243 229MiB/298MiB(76%) CN:7 DL:440KiB ETA:2m39s]
[#32e243 230MiB/298MiB(77%) CN:7 DL:515KiB ETA:2m14s]
[#32e243 231MiB/298MiB(77%) CN:7 DL:557KiB ETA:2m3s]
[#32e243 231MiB/298MiB(77%) CN:7 DL:581KiB ETA:1m56s]
[#32e243 232MiB/298MiB(77%) CN:7 DL:520KiB ETA:2m9s]
[#32e243 232MiB/298MiB(78%) CN:7 DL:487KiB ETA:2m17s]
[#32e243 232MiB/298MiB(78%) CN:7 DL:491KiB ETA:2m15s]
[#32e243 233MiB/298MiB(78%) CN:7 DL:437KiB ETA:2m31s]
[#32e243 233MiB/298MiB(78%) CN:7 DL:528KiB ETA:2m4s]
[#32e243 234MiB/298MiB(78%) CN:7 DL:590KiB ETA:1m49s]
[#32e243 235MiB/298MiB(78%) CN:7 DL:567KiB ETA:1m53s]
[#32e243 235MiB/298MiB(79%) CN:7 DL:570KiB ETA:1m51s]
[#32e243 236MiB/298MiB(79%) CN:7 DL:552KiB ETA:1m54s]
[#32e243 237MiB/298MiB(79%) CN:7 DL:568KiB ETA:1m49s]
[#32e243 237MiB/298MiB(79%) CN:7 DL:566KiB ETA:1m49s]
[#32e243 237MiB/298MiB(79%) CN:7 DL:541KiB ETA:1m53s]
[#32e243 238MiB/298MiB(79%) CN:7 DL:528KiB ETA:1m55s]
[#32e243 238MiB/298MiB(80%) CN:7 DL:522KiB ETA:1m56s]
[#32e243 239MiB/298MiB(80%) CN:7 DL:534KiB ETA:1m52s]
[#32e243 240MiB/298MiB(80%) CN:7 DL:558KiB ETA:1m45s]
[#32e243 241MiB/298MiB(80%) CN:7 DL:558KiB ETA:1m44s]
 *** Download Progress Summary as of Thu Aug 13 08:15:12 2026 *** 
===============================================================================
[#32e243 241MiB/298MiB(81%) CN:7 DL:574KiB ETA:1m40s]
FILE: data/genetics/phase4a_raw/crohn_disease_GCST004132/cd_build37_40266_20161107.txt.gz
-------------------------------------------------------------------------------

[#32e243 241MiB/298MiB(81%) CN:7 DL:574KiB ETA:1m40s]
[#32e243 241MiB/298MiB(81%) CN:7 DL:544KiB ETA:1m45s]
[#32e243 242MiB/298MiB(81%) CN:7 DL:505KiB ETA:1m52s]
[#32e243 242MiB/298MiB(81%) CN:7 DL:514KiB ETA:1m50s]
[#32e243 243MiB/298MiB(81%) CN:7 DL:554KiB ETA:1m40s]
[#32e243 244MiB/298MiB(81%) CN:7 DL:634KiB ETA:1m26s]
[#32e243 244MiB/298MiB(82%) CN:7 DL:649KiB ETA:1m23s]
[#32e243 245MiB/298MiB(82%) CN:7 DL:589KiB ETA:1m31s]
[#32e243 245MiB/298MiB(82%) CN:7 DL:488KiB ETA:1m50s]
[#32e243 245MiB/298MiB(82%) CN:7 DL:452KiB ETA:1m58s]
[#32e243 246MiB/298MiB(82%) CN:7 DL:531KiB ETA:1m38s]
[#32e243 246MiB/298MiB(82%) CN:7 DL:489KiB ETA:1m47s]
[#32e243 247MiB/298MiB(82%) CN:7 DL:468KiB ETA:1m50s]
[#32e243 248MiB/298MiB(83%) CN:7 DL:532KiB ETA:1m35s]
[#32e243 248MiB/298MiB(83%) CN:7 DL:436KiB ETA:1m55s]
[#32e243 249MiB/298MiB(83%) CN:7 DL:444KiB ETA:1m52s]
[#32e243 250MiB/298MiB(83%) CN:7 DL:534KiB ETA:1m31s]
[#32e243 250MiB/298MiB(84%) CN:7 DL:525KiB ETA:1m32s]
[#32e243 250MiB/298MiB(84%) CN:7 DL:549KiB ETA:1m27s]
[#32e243 251MiB/298MiB(84%) CN:7 DL:546KiB ETA:1m26s]
[#32e243 252MiB/298MiB(84%) CN:7 DL:568KiB ETA:1m22s]
[#32e243 252MiB/298MiB(84%) CN:7 DL:577KiB ETA:1m20s]
[#32e243 253MiB/298MiB(85%) CN:7 DL:527KiB ETA:1m26s]
[#32e243 253MiB/298MiB(85%) CN:7 DL:566KiB ETA:1m19s]
[#32e243 254MiB/298MiB(85%) CN:7 DL:544KiB ETA:1m22s]
[#32e243 254MiB/298MiB(85%) CN:7 DL:448KiB ETA:1m39s]
[#32e243 255MiB/298MiB(85%) CN:7 DL:509KiB ETA:1m25s]
[#32e243 255MiB/298MiB(85%) CN:7 DL:509KiB ETA:1m25s]
 *** Download Progress Summary as of Thu Aug 13 08:15:42 2026 *** 
===============================================================================
[#32e243 256MiB/298MiB(85%) CN:7 DL:462KiB ETA:1m32s]
FILE: data/genetics/phase4a_raw/crohn_disease_GCST004132/cd_build37_40266_20161107.txt.gz
-------------------------------------------------------------------------------

[#32e243 256MiB/298MiB(85%) CN:7 DL:462KiB ETA:1m32s]
[#32e243 256MiB/298MiB(86%) CN:7 DL:440KiB ETA:1m36s]
[#32e243 256MiB/298MiB(86%) CN:7 DL:376KiB ETA:1m51s]
[#32e243 257MiB/298MiB(86%) CN:7 DL:406KiB ETA:1m41s]
[#32e243 258MiB/298MiB(86%) CN:7 DL:420KiB ETA:1m36s]
[#32e243 258MiB/298MiB(86%) CN:7 DL:477KiB ETA:1m24s]
[#32e243 259MiB/298MiB(86%) CN:7 DL:408KiB ETA:1m37s]
[#32e243 259MiB/298MiB(86%) CN:7 DL:374KiB ETA:1m46s]
[#32e243 259MiB/298MiB(87%) CN:7 DL:353KiB ETA:1m51s]
[#32e243 259MiB/298MiB(87%) CN:7 DL:389KiB ETA:1m40s]
[#32e243 260MiB/298MiB(87%) CN:7 DL:389KiB ETA:1m39s]
[#32e243 260MiB/298MiB(87%) CN:7 DL:417KiB ETA:1m31s]
[#32e243 261MiB/298MiB(87%) CN:7 DL:373KiB ETA:1m41s]
[#32e243 261MiB/298MiB(87%) CN:7 DL:351KiB ETA:1m46s]
[#32e243 261MiB/298MiB(87%) CN:7 DL:356KiB ETA:1m43s]
[#32e243 262MiB/298MiB(88%) CN:7 DL:379KiB ETA:1m35s]
[#32e243 263MiB/298MiB(88%) CN:7 DL:435KiB ETA:1m22s]
[#32e243 263MiB/298MiB(88%) CN:7 DL:467KiB ETA:1m15s]
[#32e243 264MiB/298MiB(88%) CN:7 DL:455KiB ETA:1m16s]
[#32e243 264MiB/298MiB(88%) CN:7 DL:489KiB ETA:1m10s]
[#32e243 264MiB/298MiB(88%) CN:7 DL:447KiB ETA:1m16s]
[#32e243 264MiB/298MiB(88%) CN:7 DL:411KiB ETA:1m22s]
[#32e243 265MiB/298MiB(88%) CN:7 DL:401KiB ETA:1m24s]
[#32e243 265MiB/298MiB(89%) CN:7 DL:448KiB ETA:1m13s]
[#32e243 266MiB/298MiB(89%) CN:7 DL:448KiB ETA:1m11s]
[#32e243 267MiB/298MiB(89%) CN:7 DL:455KiB ETA:1m9s]
[#32e243 267MiB/298MiB(89%) CN:7 DL:474KiB ETA:1m4s]
[#32e243 268MiB/298MiB(90%) CN:7 DL:468KiB ETA:1m4s]
[#32e243 268MiB/298MiB(90%) CN:7 DL:457KiB ETA:1m5s]
 *** Download Progress Summary as of Thu Aug 13 08:16:13 2026 *** 
===============================================================================
[#32e243 269MiB/298MiB(90%) CN:7 DL:483KiB ETA:1m1s]
FILE: data/genetics/phase4a_raw/crohn_disease_GCST004132/cd_build37_40266_20161107.txt.gz
-------------------------------------------------------------------------------

[#32e243 269MiB/298MiB(90%) CN:7 DL:483KiB ETA:1m1s]
[#32e243 269MiB/298MiB(90%) CN:7 DL:581KiB ETA:49s]
[#32e243 270MiB/298MiB(90%) CN:7 DL:590KiB ETA:47s]
[#32e243 270MiB/298MiB(90%) CN:7 DL:531KiB ETA:52s]
[#32e243 271MiB/298MiB(90%) CN:7 DL:504KiB ETA:54s]
[#32e243 271MiB/298MiB(91%) CN:7 DL:435KiB ETA:1m2s]
[#32e243 271MiB/298MiB(91%) CN:7 DL:422KiB ETA:1m3s]
[#32e243 272MiB/298MiB(91%) CN:7 DL:489KiB ETA:52s]
[#32e243 273MiB/298MiB(91%) CN:7 DL:492KiB ETA:51s]
[#32e243 274MiB/298MiB(92%) CN:7 DL:489KiB ETA:49s]
[#32e243 274MiB/298MiB(92%) CN:7 DL:547KiB ETA:43s]
[#32e243 275MiB/298MiB(92%) CN:7 DL:489KiB ETA:47s]
[#32e243 276MiB/298MiB(92%) CN:7 DL:552KiB ETA:40s]
[#32e243 276MiB/298MiB(92%) CN:7 DL:572KiB ETA:39s]
[#32e243 276MiB/298MiB(92%) CN:7 DL:556KiB ETA:39s]
[#32e243 277MiB/298MiB(93%) CN:7 DL:579KiB ETA:36s]
[#32e243 278MiB/298MiB(93%) CN:7 DL:570KiB ETA:35s]
[#32e243 279MiB/298MiB(93%) CN:7 DL:629KiB ETA:30s]
[#32e243 279MiB/298MiB(93%) CN:7 DL:599KiB ETA:31s]
[#32e243 281MiB/298MiB(94%) CN:7 DL:652KiB ETA:26s]
[#32e243 281MiB/298MiB(94%) CN:7 DL:626KiB ETA:27s]
[#32e243 281MiB/298MiB(94%) CN:7 DL:575KiB ETA:29s]
[#32e243 282MiB/298MiB(94%) CN:7 DL:710KiB ETA:21s]
[#32e243 283MiB/298MiB(95%) CN:7 DL:780KiB ETA:18s]
[#32e243 284MiB/298MiB(95%) CN:7 DL:782KiB ETA:17s]
[#32e243 285MiB/298MiB(95%) CN:7 DL:779KiB ETA:16s]
[#32e243 286MiB/298MiB(96%) CN:7 DL:767KiB ETA:15s]
[#32e243 286MiB/298MiB(96%) CN:7 DL:799KiB ETA:14s]
 *** Download Progress Summary as of Thu Aug 13 08:16:43 2026 *** 
===============================================================================
[#32e243 287MiB/298MiB(96%) CN:7 DL:724KiB ETA:14s]
FILE: data/genetics/phase4a_raw/crohn_disease_GCST004132/cd_build37_40266_20161107.txt.gz
-------------------------------------------------------------------------------

[#32e243 287MiB/298MiB(96%) CN:7 DL:724KiB ETA:14s]
[#32e243 288MiB/298MiB(96%) CN:7 DL:793KiB ETA:12s]
[#32e243 289MiB/298MiB(97%) CN:7 DL:869KiB ETA:10s]
[#32e243 289MiB/298MiB(97%) CN:7 DL:781KiB ETA:10s]
[#32e243 290MiB/298MiB(97%) CN:7 DL:754KiB ETA:10s]
[#32e243 291MiB/298MiB(97%) CN:7 DL:762KiB ETA:8s]
[#32e243 292MiB/298MiB(98%) CN:7 DL:749KiB ETA:7s]
[#32e243 293MiB/298MiB(98%) CN:7 DL:760KiB ETA:6s]
[#32e243 294MiB/298MiB(98%) CN:7 DL:776KiB ETA:5s]
[#32e243 295MiB/298MiB(99%) CN:6 DL:810KiB ETA:3s]
[#32e243 296MiB/298MiB(99%) CN:4 DL:825KiB ETA:2s]
[#32e243 296MiB/298MiB(99%) CN:4 DL:760KiB ETA:2s]
[#32e243 296MiB/298MiB(99%) CN:2 DL:731KiB ETA:1s]
[#32e243 297MiB/298MiB(99%) CN:1 DL:695KiB ETA:1s]
[#32e243 297MiB/298MiB(99%) CN:1 DL:640KiB]
[#32e243 297MiB/298MiB(99%) CN:1 DL:580KiB]

08/13 08:16:59 [[1;32mNOTICE[0m] Download complete: data/genetics/phase4a_raw/crohn_disease_GCST004132/cd_build37_40266_20161107.txt.gz

Download Results:
gid   |stat|avg speed  |path/URI
======+====+===========+=======================================================
32e243|OK  |   353KiB/s|data/genetics/phase4a_raw/crohn_disease_GCST004132/cd_build37_40266_20161107.txt.gz

Status Legend:
(OK):download completed.
