
08/13 07:54:28 [[1;32mNOTICE[0m] Downloading 1 item(s)
[#85a454 0B/0B CN:1 DL:0B]
[#85a454 0B/342MiB(0%) CN:8 DL:30KiB ETA:3h10m3s]
[#85a454 160KiB/342MiB(0%) CN:8 DL:100KiB ETA:58m19s]
[#85a454 400KiB/342MiB(0%) CN:8 DL:189KiB ETA:30m45s]
[#85a454 896KiB/342MiB(0%) CN:8 DL:267KiB ETA:21m46s]
[#85a454 1.3MiB/342MiB(0%) CN:8 DL:275KiB ETA:21m8s]
[#85a454 1.7MiB/342MiB(0%) CN:8 DL:313KiB ETA:18m33s]
[#85a454 2.1MiB/342MiB(0%) CN:8 DL:321KiB ETA:18m3s]
[#85a454 2.6MiB/342MiB(0%) CN:8 DL:334KiB ETA:17m19s]
[#85a454 3.2MiB/342MiB(0%) CN:8 DL:363KiB ETA:15m55s]
[#85a454 3.6MiB/342MiB(1%) CN:8 DL:393KiB ETA:14m40s]
[#85a454 4.1MiB/342MiB(1%) CN:8 DL:436KiB ETA:13m14s]
[#85a454 4.4MiB/342MiB(1%) CN:8 DL:421KiB ETA:13m40s]
[#85a454 4.6MiB/342MiB(1%) CN:8 DL:397KiB ETA:14m29s]
[#85a454 4.6MiB/342MiB(1%) CN:8 DL:353KiB ETA:16m16s]
[#85a454 4.8MiB/342MiB(1%) CN:8 DL:320KiB ETA:17m57s]
[#85a454 5.4MiB/342MiB(1%) CN:8 DL:339KiB ETA:16m55s]
[#85a454 6.0MiB/342MiB(1%) CN:8 DL:359KiB ETA:15m57s]
[#85a454 6.2MiB/342MiB(1%) CN:8 DL:318KiB ETA:18m]
[#85a454 6.4MiB/342MiB(1%) CN:8 DL:308KiB ETA:18m34s]
[#85a454 6.4MiB/342MiB(1%) CN:8 DL:259KiB ETA:22m3s]
[#85a454 6.5MiB/342MiB(1%) CN:8 DL:242KiB ETA:23m38s]
[#85a454 6.7MiB/342MiB(1%) CN:8 DL:253KiB ETA:22m33s]
[#85a454 6.9MiB/342MiB(2%) CN:8 DL:242KiB ETA:23m35s]
[#85a454 7.3MiB/342MiB(2%) CN:8 DL:270KiB ETA:21m9s]
[#85a454 7.8MiB/342MiB(2%) CN:8 DL:255KiB ETA:22m21s]
[#85a454 7.9MiB/342MiB(2%) CN:8 DL:201KiB ETA:28m20s]
 *** Download Progress Summary as of Thu Aug 13 07:54:59 2026 *** 
===============================================================================
[#85a454 8.3MiB/342MiB(2%) CN:8 DL:221KiB ETA:25m42s]
FILE: data/genetics/phase4a_raw/ischemic_stroke_GCST006910/MEGASTROKE.4.CES.EUR.out
-------------------------------------------------------------------------------

[#85a454 8.3MiB/342MiB(2%) CN:8 DL:221KiB ETA:25m42s]
[#85a454 8.4MiB/342MiB(2%) CN:8 DL:205KiB ETA:27m44s]
[#85a454 8.7MiB/342MiB(2%) CN:8 DL:239KiB ETA:23m47s]
[#85a454 8.7MiB/342MiB(2%) CN:8 DL:244KiB ETA:23m14s]
[#85a454 8.9MiB/342MiB(2%) CN:8 DL:231KiB ETA:24m36s]
[#85a454 8.9MiB/342MiB(2%) CN:8 DL:191KiB ETA:29m42s]
[#85a454 9.3MiB/342MiB(2%) CN:8 DL:210KiB ETA:27m3s]
[#85a454 9.3MiB/342MiB(2%) CN:8 DL:156KiB ETA:36m18s]
[#85a454 9.5MiB/342MiB(2%) CN:8 DL:167KiB ETA:33m55s]
[#85a454 9.6MiB/342MiB(2%) CN:8 DL:130KiB ETA:43m31s]
[#85a454 9.8MiB/342MiB(2%) CN:8 DL:144KiB ETA:39m17s]
[#85a454 9.8MiB/342MiB(2%) CN:8 DL:116KiB ETA:48m41s]
[#85a454 10MiB/342MiB(2%) CN:8 DL:129KiB ETA:43m38s]
[#85a454 10MiB/342MiB(2%) CN:8 DL:126KiB ETA:44m40s]
[#85a454 10MiB/342MiB(3%) CN:8 DL:111KiB ETA:51m1s]
[#85a454 10MiB/342MiB(3%) CN:8 DL:133KiB ETA:42m26s]
[#85a454 10MiB/342MiB(3%) CN:8 DL:125KiB ETA:45m2s]
[#85a454 11MiB/342MiB(3%) CN:8 DL:155KiB ETA:36m28s]
[#85a454 11MiB/342MiB(3%) CN:8 DL:173KiB ETA:32m34s]
[#85a454 11MiB/342MiB(3%) CN:8 DL:181KiB ETA:31m8s]
[#85a454 11MiB/342MiB(3%) CN:8 DL:184KiB ETA:30m31s]
[#85a454 12MiB/342MiB(3%) CN:8 DL:208KiB ETA:27m1s]
[#85a454 12MiB/342MiB(3%) CN:8 DL:194KiB ETA:28m54s]
[#85a454 12MiB/342MiB(3%) CN:8 DL:221KiB ETA:25m27s]
[#85a454 13MiB/342MiB(3%) CN:8 DL:239KiB ETA:23m27s]
[#85a454 13MiB/342MiB(3%) CN:8 DL:187KiB ETA:29m59s]
 *** Download Progress Summary as of Thu Aug 13 07:55:30 2026 *** 
===============================================================================
[#85a454 13MiB/342MiB(3%) CN:8 DL:173KiB ETA:32m23s]
FILE: data/genetics/phase4a_raw/ischemic_stroke_GCST006910/MEGASTROKE.4.CES.EUR.out
-------------------------------------------------------------------------------

[#85a454 13MiB/342MiB(3%) CN:8 DL:173KiB ETA:32m23s]
[#85a454 13MiB/342MiB(3%) CN:8 DL:213KiB ETA:26m19s]
[#85a454 13MiB/342MiB(4%) CN:8 DL:225KiB ETA:24m51s]
[#85a454 14MiB/342MiB(4%) CN:8 DL:247KiB ETA:22m35s]
[#85a454 14MiB/342MiB(4%) CN:8 DL:271KiB ETA:20m36s]
[#85a454 14MiB/342MiB(4%) CN:8 DL:259KiB ETA:21m31s]
[#85a454 15MiB/342MiB(4%) CN:8 DL:249KiB ETA:22m22s]
[#85a454 15MiB/342MiB(4%) CN:8 DL:256KiB ETA:21m45s]
[#85a454 15MiB/342MiB(4%) CN:8 DL:277KiB ETA:20m3s]
[#85a454 16MiB/342MiB(4%) CN:8 DL:274KiB ETA:20m16s]
[#85a454 16MiB/342MiB(4%) CN:8 DL:217KiB ETA:25m37s]
[#85a454 16MiB/342MiB(4%) CN:8 DL:207KiB ETA:26m51s]
[#85a454 16MiB/342MiB(4%) CN:8 DL:194KiB ETA:28m36s]
[#85a454 17MiB/342MiB(4%) CN:8 DL:212KiB ETA:26m6s]
[#85a454 17MiB/342MiB(5%) CN:8 DL:207KiB ETA:26m44s]
[#85a454 17MiB/342MiB(5%) CN:8 DL:200KiB ETA:27m40s]
[#85a454 17MiB/342MiB(5%) CN:8 DL:150KiB ETA:36m45s]
[#85a454 17MiB/342MiB(5%) CN:8 DL:155KiB ETA:35m33s]
[#85a454 17MiB/342MiB(5%) CN:8 DL:160KiB ETA:34m33s]
[#85a454 18MiB/342MiB(5%) CN:8 DL:148KiB ETA:37m10s]
[#85a454 18MiB/342MiB(5%) CN:8 DL:158KiB ETA:34m50s]
[#85a454 18MiB/342MiB(5%) CN:8 DL:158KiB ETA:34m51s]
[#85a454 18MiB/342MiB(5%) CN:8 DL:168KiB ETA:32m48s]
[#85a454 18MiB/342MiB(5%) CN:8 DL:159KiB ETA:34m30s]
[#85a454 19MiB/342MiB(5%) CN:8 DL:177KiB ETA:31m1s]
 *** Download Progress Summary as of Thu Aug 13 07:56:00 2026 *** 
===============================================================================
[#85a454 19MiB/342MiB(5%) CN:8 DL:223KiB ETA:24m36s]
FILE: data/genetics/phase4a_raw/ischemic_stroke_GCST006910/MEGASTROKE.4.CES.EUR.out
-------------------------------------------------------------------------------

[#85a454 19MiB/342MiB(5%) CN:8 DL:223KiB ETA:24m36s]
[#85a454 19MiB/342MiB(5%) CN:8 DL:204KiB ETA:26m55s]
[#85a454 20MiB/342MiB(5%) CN:8 DL:236KiB ETA:23m15s]
[#85a454 20MiB/342MiB(5%) CN:8 DL:239KiB ETA:22m55s]
[#85a454 20MiB/342MiB(6%) CN:8 DL:263KiB ETA:20m49s]
[#85a454 20MiB/342MiB(6%) CN:8 DL:247KiB ETA:22m10s]
[#85a454 21MiB/342MiB(6%) CN:8 DL:263KiB ETA:20m47s]
[#85a454 21MiB/342MiB(6%) CN:8 DL:249KiB ETA:21m59s]
[#85a454 21MiB/342MiB(6%) CN:8 DL:271KiB ETA:20m11s]
[#85a454 21MiB/342MiB(6%) CN:8 DL:256KiB ETA:21m17s]
[#85a454 22MiB/342MiB(6%) CN:8 DL:277KiB ETA:19m40s]
[#85a454 22MiB/342MiB(6%) CN:8 DL:263KiB ETA:20m43s]
[#85a454 22MiB/342MiB(6%) CN:8 DL:261KiB ETA:20m49s]
[#85a454 23MiB/342MiB(6%) CN:8 DL:233KiB ETA:23m18s]
[#85a454 23MiB/342MiB(6%) CN:8 DL:224KiB ETA:24m16s]
[#85a454 23MiB/342MiB(6%) CN:8 DL:247KiB ETA:21m57s]
[#85a454 23MiB/342MiB(7%) CN:8 DL:253KiB ETA:21m28s]
[#85a454 24MiB/342MiB(7%) CN:8 DL:246KiB ETA:22m1s]
[#85a454 24MiB/342MiB(7%) CN:8 DL:245KiB ETA:22m3s]
[#85a454 24MiB/342MiB(7%) CN:8 DL:234KiB ETA:23m5s]
[#85a454 24MiB/342MiB(7%) CN:8 DL:215KiB ETA:25m12s]
[#85a454 24MiB/342MiB(7%) CN:8 DL:229KiB ETA:23m36s]
[#85a454 25MiB/342MiB(7%) CN:8 DL:216KiB ETA:25m1s]
[#85a454 25MiB/342MiB(7%) CN:8 DL:255KiB ETA:21m9s]
[#85a454 25MiB/342MiB(7%) CN:8 DL:253KiB ETA:21m18s]
[#85a454 26MiB/342MiB(7%) CN:8 DL:252KiB ETA:21m23s]
[#85a454 26MiB/342MiB(7%) CN:8 DL:224KiB ETA:24m1s]
[#85a454 26MiB/342MiB(7%) CN:8 DL:244KiB ETA:22m3s]
 *** Download Progress Summary as of Thu Aug 13 07:56:30 2026 *** 
===============================================================================
[#85a454 26MiB/342MiB(7%) CN:8 DL:233KiB ETA:23m1s]
FILE: data/genetics/phase4a_raw/ischemic_stroke_GCST006910/MEGASTROKE.4.CES.EUR.out
-------------------------------------------------------------------------------

[#85a454 26MiB/342MiB(7%) CN:8 DL:233KiB ETA:23m1s]
[#85a454 26MiB/342MiB(7%) CN:8 DL:217KiB ETA:24m47s]
[#85a454 27MiB/342MiB(7%) CN:8 DL:235KiB ETA:22m53s]
[#85a454 27MiB/342MiB(8%) CN:8 DL:256KiB ETA:20m59s]
[#85a454 27MiB/342MiB(8%) CN:8 DL:239KiB ETA:22m25s]
[#85a454 27MiB/342MiB(8%) CN:8 DL:232KiB ETA:23m6s]
[#85a454 28MiB/342MiB(8%) CN:8 DL:199KiB ETA:26m49s]
[#85a454 28MiB/342MiB(8%) CN:8 DL:212KiB ETA:25m10s]
[#85a454 28MiB/342MiB(8%) CN:8 DL:195KiB ETA:27m19s]
[#85a454 28MiB/342MiB(8%) CN:8 DL:232KiB ETA:23m]
[#85a454 29MiB/342MiB(8%) CN:8 DL:243KiB ETA:21m59s]
[#85a454 29MiB/342MiB(8%) CN:8 DL:254KiB ETA:20m56s]
[#85a454 29MiB/342MiB(8%) CN:8 DL:259KiB ETA:20m34s]
[#85a454 30MiB/342MiB(8%) CN:8 DL:247KiB ETA:21m30s]
[#85a454 30MiB/342MiB(8%) CN:8 DL:267KiB ETA:19m53s]
[#85a454 30MiB/342MiB(8%) CN:8 DL:264KiB ETA:20m7s]
[#85a454 30MiB/342MiB(9%) CN:8 DL:281KiB ETA:18m54s]
[#85a454 31MiB/342MiB(9%) CN:8 DL:291KiB ETA:18m13s]
[#85a454 31MiB/342MiB(9%) CN:8 DL:280KiB ETA:18m52s]
[#85a454 31MiB/342MiB(9%) CN:8 DL:300KiB ETA:17m39s]
[#85a454 32MiB/342MiB(9%) CN:8 DL:275KiB ETA:19m14s]
[#85a454 32MiB/342MiB(9%) CN:8 DL:264KiB ETA:20m2s]
[#85a454 32MiB/342MiB(9%) CN:8 DL:249KiB ETA:21m11s]
[#85a454 32MiB/342MiB(9%) CN:8 DL:257KiB ETA:20m31s]
[#85a454 32MiB/342MiB(9%) CN:8 DL:248KiB ETA:21m16s]
[#85a454 33MiB/342MiB(9%) CN:8 DL:251KiB ETA:21m]
[#85a454 33MiB/342MiB(9%) CN:8 DL:227KiB ETA:23m12s]
[#85a454 33MiB/342MiB(9%) CN:8 DL:219KiB ETA:24m1s]
[#85a454 33MiB/342MiB(9%) CN:8 DL:197KiB ETA:26m44s]
 *** Download Progress Summary as of Thu Aug 13 07:57:00 2026 *** 
===============================================================================
[#85a454 33MiB/342MiB(9%) CN:8 DL:187KiB ETA:28m6s]
FILE: data/genetics/phase4a_raw/ischemic_stroke_GCST006910/MEGASTROKE.4.CES.EUR.out
-------------------------------------------------------------------------------

[#85a454 33MiB/342MiB(9%) CN:8 DL:187KiB ETA:28m6s]
[#85a454 34MiB/342MiB(9%) CN:8 DL:195KiB ETA:26m57s]
[#85a454 34MiB/342MiB(10%) CN:8 DL:208KiB ETA:25m9s]
[#85a454 34MiB/342MiB(10%) CN:8 DL:206KiB ETA:25m24s]
[#85a454 34MiB/342MiB(10%) CN:8 DL:226KiB ETA:23m11s]
[#85a454 35MiB/342MiB(10%) CN:8 DL:196KiB ETA:26m41s]
[#85a454 35MiB/342MiB(10%) CN:8 DL:209KiB ETA:25m4s]
[#85a454 35MiB/342MiB(10%) CN:8 DL:193KiB ETA:27m]
[#85a454 35MiB/342MiB(10%) CN:8 DL:211KiB ETA:24m43s]
[#85a454 36MiB/342MiB(10%) CN:8 DL:242KiB ETA:21m33s]
[#85a454 36MiB/342MiB(10%) CN:8 DL:235KiB ETA:22m8s]
[#85a454 36MiB/342MiB(10%) CN:8 DL:241KiB ETA:21m33s]
[#85a454 36MiB/342MiB(10%) CN:8 DL:229KiB ETA:22m42s]
[#85a454 37MiB/342MiB(10%) CN:8 DL:232KiB ETA:22m26s]
[#85a454 37MiB/342MiB(10%) CN:8 DL:238KiB ETA:21m48s]
[#85a454 37MiB/342MiB(10%) CN:8 DL:246KiB ETA:21m7s]
[#85a454 38MiB/342MiB(11%) CN:8 DL:285KiB ETA:18m10s]
[#85a454 38MiB/342MiB(11%) CN:8 DL:299KiB ETA:17m17s]
[#85a454 38MiB/342MiB(11%) CN:8 DL:301KiB ETA:17m10s]
[#85a454 39MiB/342MiB(11%) CN:8 DL:306KiB ETA:16m53s]
[#85a454 39MiB/342MiB(11%) CN:8 DL:316KiB ETA:16m18s]
[#85a454 39MiB/342MiB(11%) CN:8 DL:328KiB ETA:15m43s]
[#85a454 40MiB/342MiB(11%) CN:8 DL:331KiB ETA:15m33s]
[#85a454 40MiB/342MiB(11%) CN:8 DL:337KiB ETA:15m17s]
[#85a454 40MiB/342MiB(11%) CN:8 DL:329KiB ETA:15m39s]
[#85a454 40MiB/342MiB(11%) CN:8 DL:302KiB ETA:17m2s]
[#85a454 41MiB/342MiB(12%) CN:8 DL:297KiB ETA:17m16s]
[#85a454 41MiB/342MiB(12%) CN:8 DL:283KiB ETA:18m8s]
[#85a454 41MiB/342MiB(12%) CN:8 DL:263KiB ETA:19m26s]
 *** Download Progress Summary as of Thu Aug 13 07:57:31 2026 *** 
===============================================================================
[#85a454 41MiB/342MiB(12%) CN:8 DL:235KiB ETA:21m47s]
FILE: data/genetics/phase4a_raw/ischemic_stroke_GCST006910/MEGASTROKE.4.CES.EUR.out
-------------------------------------------------------------------------------

[#85a454 41MiB/342MiB(12%) CN:8 DL:235KiB ETA:21m47s]
[#85a454 42MiB/342MiB(12%) CN:8 DL:217KiB ETA:23m36s]
[#85a454 42MiB/342MiB(12%) CN:8 DL:252KiB ETA:20m16s]
[#85a454 43MiB/342MiB(12%) CN:8 DL:268KiB ETA:19m1s]
[#85a454 43MiB/342MiB(12%) CN:8 DL:270KiB ETA:18m50s]
[#85a454 43MiB/342MiB(12%) CN:8 DL:306KiB ETA:16m38s]
[#85a454 44MiB/342MiB(12%) CN:8 DL:290KiB ETA:17m30s]
[#85a454 44MiB/342MiB(13%) CN:8 DL:340KiB ETA:14m55s]
[#85a454 44MiB/342MiB(13%) CN:8 DL:346KiB ETA:14m39s]
[#85a454 45MiB/342MiB(13%) CN:8 DL:344KiB ETA:14m44s]
[#85a454 45MiB/342MiB(13%) CN:8 DL:363KiB ETA:13m55s]
[#85a454 45MiB/342MiB(13%) CN:8 DL:346KiB ETA:14m37s]
[#85a454 46MiB/342MiB(13%) CN:8 DL:353KiB ETA:14m16s]
[#85a454 46MiB/342MiB(13%) CN:8 DL:376KiB ETA:13m24s]
[#85a454 47MiB/342MiB(13%) CN:8 DL:339KiB ETA:14m49s]
[#85a454 47MiB/342MiB(13%) CN:8 DL:362KiB ETA:13m53s]
[#85a454 47MiB/342MiB(13%) CN:8 DL:320KiB ETA:15m41s]
[#85a454 47MiB/342MiB(13%) CN:8 DL:306KiB ETA:16m25s]
[#85a454 48MiB/342MiB(14%) CN:8 DL:317KiB ETA:15m47s]
[#85a454 48MiB/342MiB(14%) CN:8 DL:313KiB ETA:16m]
[#85a454 49MiB/342MiB(14%) CN:8 DL:303KiB ETA:16m29s]
[#85a454 49MiB/342MiB(14%) CN:8 DL:267KiB ETA:18m43s]
[#85a454 49MiB/342MiB(14%) CN:8 DL:284KiB ETA:17m31s]
[#85a454 50MiB/342MiB(14%) CN:8 DL:276KiB ETA:18m2s]
[#85a454 50MiB/342MiB(14%) CN:8 DL:304KiB ETA:16m21s]
[#85a454 51MiB/342MiB(14%) CN:8 DL:425KiB ETA:11m39s]
[#85a454 51MiB/342MiB(15%) CN:8 DL:425KiB ETA:11m38s]
[#85a454 52MiB/342MiB(15%) CN:8 DL:415KiB ETA:11m54s]
 *** Download Progress Summary as of Thu Aug 13 07:58:02 2026 *** 
===============================================================================
[#85a454 52MiB/342MiB(15%) CN:8 DL:445KiB ETA:11m5s]
FILE: data/genetics/phase4a_raw/ischemic_stroke_GCST006910/MEGASTROKE.4.CES.EUR.out
-------------------------------------------------------------------------------

[#85a454 52MiB/342MiB(15%) CN:8 DL:445KiB ETA:11m5s]
[#85a454 53MiB/342MiB(15%) CN:8 DL:449KiB ETA:10m58s]
[#85a454 53MiB/342MiB(15%) CN:8 DL:511KiB ETA:9m37s]
[#85a454 54MiB/342MiB(15%) CN:8 DL:492KiB ETA:9m59s]
[#85a454 54MiB/342MiB(15%) CN:8 DL:526KiB ETA:9m19s]
[#85a454 54MiB/342MiB(16%) CN:8 DL:473KiB ETA:10m21s]
[#85a454 55MiB/342MiB(16%) CN:8 DL:399KiB ETA:12m15s]
[#85a454 55MiB/342MiB(16%) CN:8 DL:374KiB ETA:13m4s]
[#85a454 56MiB/342MiB(16%) CN:8 DL:378KiB ETA:12m54s]
[#85a454 56MiB/342MiB(16%) CN:8 DL:365KiB ETA:13m20s]
[#85a454 57MiB/342MiB(16%) CN:8 DL:357KiB ETA:13m36s]
[#85a454 57MiB/342MiB(16%) CN:8 DL:346KiB ETA:14m2s]
[#85a454 57MiB/342MiB(16%) CN:8 DL:349KiB ETA:13m53s]
[#85a454 58MiB/342MiB(17%) CN:8 DL:417KiB ETA:11m35s]
[#85a454 59MiB/342MiB(17%) CN:8 DL:438KiB ETA:11m2s]
[#85a454 59MiB/342MiB(17%) CN:8 DL:471KiB ETA:10m13s]
[#85a454 60MiB/342MiB(17%) CN:8 DL:500KiB ETA:9m37s]
[#85a454 61MiB/342MiB(17%) CN:8 DL:511KiB ETA:9m23s]
[#85a454 61MiB/342MiB(17%) CN:8 DL:537KiB ETA:8m54s]
[#85a454 62MiB/342MiB(18%) CN:8 DL:561KiB ETA:8m30s]
[#85a454 63MiB/342MiB(18%) CN:8 DL:628KiB ETA:7m34s]
[#85a454 64MiB/342MiB(18%) CN:8 DL:661KiB ETA:7m10s]
[#85a454 64MiB/342MiB(18%) CN:8 DL:674KiB ETA:7m1s]
[#85a454 65MiB/342MiB(19%) CN:8 DL:741KiB ETA:6m22s]
[#85a454 66MiB/342MiB(19%) CN:8 DL:731KiB ETA:6m26s]
[#85a454 67MiB/342MiB(19%) CN:8 DL:761KiB ETA:6m10s]
[#85a454 67MiB/342MiB(19%) CN:8 DL:775KiB ETA:6m2s]
[#85a454 68MiB/342MiB(20%) CN:8 DL:821KiB ETA:5m40s]
[#85a454 70MiB/342MiB(20%) CN:8 DL:861KiB ETA:5m23s]
 *** Download Progress Summary as of Thu Aug 13 07:58:33 2026 *** 
===============================================================================
[#85a454 71MiB/342MiB(20%) CN:8 DL:883KiB ETA:5m14s]
FILE: data/genetics/phase4a_raw/ischemic_stroke_GCST006910/MEGASTROKE.4.CES.EUR.out
-------------------------------------------------------------------------------

[#85a454 71MiB/342MiB(20%) CN:8 DL:883KiB ETA:5m14s]
[#85a454 72MiB/342MiB(21%) CN:8 DL:898KiB ETA:5m7s]
[#85a454 72MiB/342MiB(21%) CN:8 DL:911KiB ETA:5m2s]
[#85a454 73MiB/342MiB(21%) CN:8 DL:0.9MiB ETA:4m51s]
[#85a454 74MiB/342MiB(21%) CN:8 DL:0.9MiB ETA:4m48s]
[#85a454 75MiB/342MiB(22%) CN:8 DL:0.9MiB ETA:4m38s]
[#85a454 76MiB/342MiB(22%) CN:8 DL:0.9MiB ETA:4m38s]
[#85a454 77MiB/342MiB(22%) CN:8 DL:0.9MiB ETA:4m40s]
[#85a454 78MiB/342MiB(22%) CN:8 DL:0.9MiB ETA:4m41s]
[#85a454 79MiB/342MiB(23%) CN:8 DL:0.9MiB ETA:4m43s]
[#85a454 80MiB/342MiB(23%) CN:8 DL:0.9MiB ETA:4m44s]
[#85a454 81MiB/342MiB(23%) CN:8 DL:0.9MiB ETA:4m46s]
[#85a454 81MiB/342MiB(23%) CN:8 DL:0.9MiB ETA:4m48s]
[#85a454 82MiB/342MiB(24%) CN:8 DL:896KiB ETA:4m56s]
[#85a454 83MiB/342MiB(24%) CN:8 DL:870KiB ETA:5m3s]
[#85a454 84MiB/342MiB(24%) CN:8 DL:881KiB ETA:4m58s]
[#85a454 85MiB/342MiB(25%) CN:8 DL:889KiB ETA:4m55s]
[#85a454 86MiB/342MiB(25%) CN:8 DL:872KiB ETA:5m]
[#85a454 87MiB/342MiB(25%) CN:8 DL:847KiB ETA:5m8s]
[#85a454 88MiB/342MiB(25%) CN:8 DL:830KiB ETA:5m13s]
[#85a454 88MiB/342MiB(25%) CN:8 DL:812KiB ETA:5m19s]
[#85a454 89MiB/342MiB(26%) CN:8 DL:803KiB ETA:5m21s]
[#85a454 90MiB/342MiB(26%) CN:8 DL:797KiB ETA:5m23s]
[#85a454 91MiB/342MiB(26%) CN:8 DL:819KiB ETA:5m13s]
[#85a454 92MiB/342MiB(26%) CN:8 DL:802KiB ETA:5m18s]
[#85a454 93MiB/342MiB(27%) CN:8 DL:807KiB ETA:5m15s]
[#85a454 93MiB/342MiB(27%) CN:8 DL:795KiB ETA:5m19s]
[#85a454 94MiB/342MiB(27%) CN:8 DL:787KiB ETA:5m21s]
[#85a454 95MiB/342MiB(27%) CN:8 DL:795KiB ETA:5m17s]
 *** Download Progress Summary as of Thu Aug 13 07:59:03 2026 *** 
===============================================================================
[#85a454 96MiB/342MiB(28%) CN:8 DL:778KiB ETA:5m23s]
FILE: data/genetics/phase4a_raw/ischemic_stroke_GCST006910/MEGASTROKE.4.CES.EUR.out
-------------------------------------------------------------------------------

[#85a454 96MiB/342MiB(28%) CN:8 DL:778KiB ETA:5m23s]
[#85a454 97MiB/342MiB(28%) CN:8 DL:776KiB ETA:5m23s]
[#85a454 97MiB/342MiB(28%) CN:8 DL:787KiB ETA:5m17s]
[#85a454 98MiB/342MiB(28%) CN:8 DL:768KiB ETA:5m24s]
[#85a454 99MiB/342MiB(28%) CN:8 DL:767KiB ETA:5m24s]
[#85a454 100MiB/342MiB(29%) CN:8 DL:763KiB ETA:5m24s]
[#85a454 100MiB/342MiB(29%) CN:8 DL:740KiB ETA:5m34s]
[#85a454 101MiB/342MiB(29%) CN:8 DL:716KiB ETA:5m44s]
[#85a454 102MiB/342MiB(29%) CN:8 DL:729KiB ETA:5m37s]
[#85a454 102MiB/342MiB(30%) CN:8 DL:715KiB ETA:5m42s]
[#85a454 103MiB/342MiB(30%) CN:8 DL:732KiB ETA:5m33s]
[#85a454 104MiB/342MiB(30%) CN:8 DL:701KiB ETA:5m47s]
[#85a454 105MiB/342MiB(30%) CN:8 DL:699KiB ETA:5m47s]
[#85a454 105MiB/342MiB(30%) CN:8 DL:711KiB ETA:5m40s]
[#85a454 106MiB/342MiB(31%) CN:8 DL:681KiB ETA:5m54s]
[#85a454 107MiB/342MiB(31%) CN:8 DL:674KiB ETA:5m57s]
[#85a454 107MiB/342MiB(31%) CN:8 DL:692KiB ETA:5m46s]
[#85a454 108MiB/342MiB(31%) CN:8 DL:650KiB ETA:6m8s]
[#85a454 109MiB/342MiB(31%) CN:8 DL:646KiB ETA:6m9s]
[#85a454 109MiB/342MiB(32%) CN:8 DL:670KiB ETA:5m54s]
[#85a454 110MiB/342MiB(32%) CN:8 DL:633KiB ETA:6m15s]
[#85a454 111MiB/342MiB(32%) CN:8 DL:647KiB ETA:6m5s]
[#85a454 111MiB/342MiB(32%) CN:8 DL:650KiB ETA:6m3s]
[#85a454 112MiB/342MiB(32%) CN:8 DL:635KiB ETA:6m11s]
[#85a454 112MiB/342MiB(32%) CN:8 DL:641KiB ETA:6m6s]
[#85a454 113MiB/342MiB(33%) CN:8 DL:671KiB ETA:5m48s]
[#85a454 114MiB/342MiB(33%) CN:8 DL:655KiB ETA:5m56s]
[#85a454 114MiB/342MiB(33%) CN:8 DL:660KiB ETA:5m52s]
[#85a454 115MiB/342MiB(33%) CN:8 DL:693KiB ETA:5m34s]
 *** Download Progress Summary as of Thu Aug 13 07:59:34 2026 *** 
===============================================================================
[#85a454 116MiB/342MiB(34%) CN:8 DL:709KiB ETA:5m25s]
FILE: data/genetics/phase4a_raw/ischemic_stroke_GCST006910/MEGASTROKE.4.CES.EUR.out
-------------------------------------------------------------------------------

[#85a454 116MiB/342MiB(34%) CN:8 DL:709KiB ETA:5m25s]
[#85a454 117MiB/342MiB(34%) CN:8 DL:704KiB ETA:5m26s]
[#85a454 118MiB/342MiB(34%) CN:8 DL:751KiB ETA:5m5s]
[#85a454 118MiB/342MiB(34%) CN:8 DL:741KiB ETA:5m8s]
[#85a454 119MiB/342MiB(35%) CN:8 DL:769KiB ETA:4m56s]
[#85a454 120MiB/342MiB(35%) CN:8 DL:785KiB ETA:4m49s]
[#85a454 121MiB/342MiB(35%) CN:8 DL:805KiB ETA:4m40s]
[#85a454 122MiB/342MiB(35%) CN:8 DL:816KiB ETA:4m35s]
[#85a454 123MiB/342MiB(35%) CN:8 DL:816KiB ETA:4m34s]
[#85a454 124MiB/342MiB(36%) CN:8 DL:811KiB ETA:4m35s]
[#85a454 124MiB/342MiB(36%) CN:8 DL:796KiB ETA:4m39s]
[#85a454 125MiB/342MiB(36%) CN:8 DL:714KiB ETA:5m11s]
[#85a454 125MiB/342MiB(36%) CN:8 DL:688KiB ETA:5m22s]
[#85a454 127MiB/342MiB(37%) CN:8 DL:822KiB ETA:4m27s]
[#85a454 128MiB/342MiB(37%) CN:8 DL:780KiB ETA:4m40s]
[#85a454 128MiB/342MiB(37%) CN:8 DL:751KiB ETA:4m50s]
[#85a454 129MiB/342MiB(37%) CN:8 DL:669KiB ETA:5m25s]
[#85a454 129MiB/342MiB(37%) CN:8 DL:620KiB ETA:5m51s]
[#85a454 131MiB/342MiB(38%) CN:8 DL:694KiB ETA:5m11s]
[#85a454 131MiB/342MiB(38%) CN:8 DL:753KiB ETA:4m46s]
[#85a454 132MiB/342MiB(38%) CN:8 DL:752KiB ETA:4m45s]
[#85a454 132MiB/342MiB(38%) CN:8 DL:562KiB ETA:6m21s]
[#85a454 132MiB/342MiB(38%) CN:8 DL:531KiB ETA:6m43s]
[#85a454 133MiB/342MiB(38%) CN:8 DL:499KiB ETA:7m9s]
[#85a454 134MiB/342MiB(39%) CN:8 DL:570KiB ETA:6m13s]
[#85a454 134MiB/342MiB(39%) CN:8 DL:559KiB ETA:6m20s]
[#85a454 135MiB/342MiB(39%) CN:8 DL:588KiB ETA:6m]
[#85a454 135MiB/342MiB(39%) CN:8 DL:476KiB ETA:7m24s]
 *** Download Progress Summary as of Thu Aug 13 08:00:04 2026 *** 
===============================================================================
[#85a454 135MiB/342MiB(39%) CN:8 DL:440KiB ETA:8m]
FILE: data/genetics/phase4a_raw/ischemic_stroke_GCST006910/MEGASTROKE.4.CES.EUR.out
-------------------------------------------------------------------------------

[#85a454 135MiB/342MiB(39%) CN:8 DL:440KiB ETA:8m]
[#85a454 136MiB/342MiB(39%) CN:8 DL:383KiB ETA:9m11s]
[#85a454 136MiB/342MiB(39%) CN:8 DL:377KiB ETA:9m19s]
[#85a454 136MiB/342MiB(39%) CN:8 DL:392KiB ETA:8m56s]
[#85a454 136MiB/342MiB(40%) CN:8 DL:417KiB ETA:8m24s]
[#85a454 137MiB/342MiB(40%) CN:8 DL:317KiB ETA:11m2s]
[#85a454 138MiB/342MiB(40%) CN:8 DL:381KiB ETA:9m7s]
[#85a454 138MiB/342MiB(40%) CN:8 DL:345KiB ETA:10m4s]
[#85a454 138MiB/342MiB(40%) CN:8 DL:340KiB ETA:10m12s]
[#85a454 139MiB/342MiB(40%) CN:8 DL:354KiB ETA:9m46s]
[#85a454 139MiB/342MiB(40%) CN:8 DL:402KiB ETA:8m35s]
[#85a454 140MiB/342MiB(40%) CN:8 DL:384KiB ETA:8m58s]
[#85a454 140MiB/342MiB(41%) CN:8 DL:374KiB ETA:9m12s]
[#85a454 141MiB/342MiB(41%) CN:8 DL:420KiB ETA:8m9s]
[#85a454 141MiB/342MiB(41%) CN:8 DL:327KiB ETA:10m28s]
[#85a454 141MiB/342MiB(41%) CN:8 DL:316KiB ETA:10m48s]
[#85a454 141MiB/342MiB(41%) CN:8 DL:322KiB ETA:10m37s]
[#85a454 141MiB/342MiB(41%) CN:8 DL:253KiB ETA:13m28s]
[#85a454 142MiB/342MiB(41%) CN:8 DL:243KiB ETA:14m3s]
[#85a454 142MiB/342MiB(41%) CN:8 DL:258KiB ETA:13m11s]
[#85a454 142MiB/342MiB(41%) CN:8 DL:269KiB ETA:12m39s]
[#85a454 142MiB/342MiB(41%) CN:8 DL:249KiB ETA:13m40s]
[#85a454 142MiB/342MiB(41%) CN:8 DL:166KiB ETA:20m27s]
[#85a454 143MiB/342MiB(41%) CN:8 DL:176KiB ETA:19m15s]
[#85a454 143MiB/342MiB(41%) CN:8 DL:210KiB ETA:16m7s]
[#85a454 143MiB/342MiB(42%) CN:8 DL:242KiB ETA:13m58s]
[#85a454 144MiB/342MiB(42%) CN:8 DL:252KiB ETA:13m23s]
 *** Download Progress Summary as of Thu Aug 13 08:00:35 2026 *** 
===============================================================================
[#85a454 144MiB/342MiB(42%) CN:8 DL:252KiB ETA:13m22s]
FILE: data/genetics/phase4a_raw/ischemic_stroke_GCST006910/MEGASTROKE.4.CES.EUR.out
-------------------------------------------------------------------------------

[#85a454 144MiB/342MiB(42%) CN:8 DL:252KiB ETA:13m22s]
[#85a454 144MiB/342MiB(42%) CN:8 DL:233KiB ETA:14m25s]
[#85a454 144MiB/342MiB(42%) CN:8 DL:214KiB ETA:15m41s]
[#85a454 145MiB/342MiB(42%) CN:8 DL:243KiB ETA:13m50s]
[#85a454 145MiB/342MiB(42%) CN:8 DL:230KiB ETA:14m34s]
[#85a454 145MiB/342MiB(42%) CN:8 DL:255KiB ETA:13m8s]
[#85a454 145MiB/342MiB(42%) CN:8 DL:244KiB ETA:13m41s]
[#85a454 146MiB/342MiB(42%) CN:8 DL:226KiB ETA:14m46s]
[#85a454 146MiB/342MiB(42%) CN:8 DL:231KiB ETA:14m26s]
[#85a454 146MiB/342MiB(42%) CN:8 DL:227KiB ETA:14m39s]
[#85a454 146MiB/342MiB(42%) CN:8 DL:226KiB ETA:14m44s]
[#85a454 147MiB/342MiB(42%) CN:8 DL:247KiB ETA:13m26s]
[#85a454 147MiB/342MiB(43%) CN:8 DL:240KiB ETA:13m50s]
[#85a454 147MiB/342MiB(43%) CN:8 DL:253KiB ETA:13m6s]
[#85a454 148MiB/342MiB(43%) CN:8 DL:243KiB ETA:13m36s]
[#85a454 148MiB/342MiB(43%) CN:8 DL:269KiB ETA:12m16s]
[#85a454 148MiB/342MiB(43%) CN:8 DL:254KiB ETA:13m]
[#85a454 148MiB/342MiB(43%) CN:8 DL:245KiB ETA:13m26s]
[#85a454 149MiB/342MiB(43%) CN:8 DL:287KiB ETA:11m26s]
[#85a454 149MiB/342MiB(43%) CN:8 DL:303KiB ETA:10m50s]
[#85a454 150MiB/342MiB(43%) CN:8 DL:300KiB ETA:10m54s]
[#85a454 150MiB/342MiB(43%) CN:8 DL:294KiB ETA:11m8s]
[#85a454 150MiB/342MiB(44%) CN:8 DL:296KiB ETA:11m1s]
[#85a454 151MiB/342MiB(44%) CN:8 DL:285KiB ETA:11m26s]
[#85a454 151MiB/342MiB(44%) CN:8 DL:315KiB ETA:10m19s]
[#85a454 151MiB/342MiB(44%) CN:8 DL:326KiB ETA:9m58s]
[#85a454 151MiB/342MiB(44%) CN:8 DL:315KiB ETA:10m18s]
 *** Download Progress Summary as of Thu Aug 13 08:01:05 2026 *** 
===============================================================================
[#85a454 152MiB/342MiB(44%) CN:8 DL:285KiB ETA:11m22s]
FILE: data/genetics/phase4a_raw/ischemic_stroke_GCST006910/MEGASTROKE.4.CES.EUR.out
-------------------------------------------------------------------------------

[#85a454 152MiB/342MiB(44%) CN:8 DL:285KiB ETA:11m22s]
[#85a454 152MiB/342MiB(44%) CN:8 DL:276KiB ETA:11m44s]
[#85a454 152MiB/342MiB(44%) CN:8 DL:292KiB ETA:11m2s]
[#85a454 153MiB/342MiB(44%) CN:8 DL:279KiB ETA:11m31s]
[#85a454 153MiB/342MiB(44%) CN:8 DL:275KiB ETA:11m41s]
[#85a454 153MiB/342MiB(44%) CN:8 DL:258KiB ETA:12m27s]
[#85a454 153MiB/342MiB(44%) CN:8 DL:223KiB ETA:14m24s]
[#85a454 154MiB/342MiB(45%) CN:8 DL:246KiB ETA:13m3s]
[#85a454 154MiB/342MiB(45%) CN:8 DL:245KiB ETA:13m3s]
[#85a454 154MiB/342MiB(45%) CN:8 DL:269KiB ETA:11m54s]
[#85a454 154MiB/342MiB(45%) CN:8 DL:256KiB ETA:12m28s]
[#85a454 155MiB/342MiB(45%) CN:8 DL:223KiB ETA:14m17s]
[#85a454 155MiB/342MiB(45%) CN:8 DL:252KiB ETA:12m38s]
[#85a454 155MiB/342MiB(45%) CN:8 DL:249KiB ETA:12m46s]
[#85a454 156MiB/342MiB(45%) CN:8 DL:285KiB ETA:11m7s]
[#85a454 156MiB/342MiB(45%) CN:8 DL:283KiB ETA:11m13s]
[#85a454 156MiB/342MiB(45%) CN:8 DL:269KiB ETA:11m44s]
[#85a454 156MiB/342MiB(45%) CN:8 DL:266KiB ETA:11m52s]
[#85a454 157MiB/342MiB(45%) CN:8 DL:268KiB ETA:11m46s]
[#85a454 157MiB/342MiB(46%) CN:8 DL:289KiB ETA:10m53s]
[#85a454 158MiB/342MiB(46%) CN:8 DL:316KiB ETA:9m57s]
[#85a454 158MiB/342MiB(46%) CN:8 DL:295KiB ETA:10m37s]
[#85a454 158MiB/342MiB(46%) CN:8 DL:292KiB ETA:10m43s]
[#85a454 158MiB/342MiB(46%) CN:8 DL:282KiB ETA:11m5s]
[#85a454 159MiB/342MiB(46%) CN:8 DL:296KiB ETA:10m32s]
[#85a454 159MiB/342MiB(46%) CN:8 DL:314KiB ETA:9m55s]
[#85a454 159MiB/342MiB(46%) CN:8 DL:327KiB ETA:9m30s]
[#85a454 160MiB/342MiB(46%) CN:8 DL:323KiB ETA:9m37s]
[#85a454 160MiB/342MiB(46%) CN:8 DL:306KiB ETA:10m7s]
 *** Download Progress Summary as of Thu Aug 13 08:01:36 2026 *** 
===============================================================================
[#85a454 160MiB/342MiB(46%) CN:8 DL:277KiB ETA:11m9s]
FILE: data/genetics/phase4a_raw/ischemic_stroke_GCST006910/MEGASTROKE.4.CES.EUR.out
-------------------------------------------------------------------------------

[#85a454 160MiB/342MiB(46%) CN:8 DL:277KiB ETA:11m9s]
[#85a454 160MiB/342MiB(46%) CN:8 DL:274KiB ETA:11m17s]
[#85a454 160MiB/342MiB(47%) CN:8 DL:252KiB ETA:12m16s]
[#85a454 161MiB/342MiB(47%) CN:8 DL:271KiB ETA:11m23s]
[#85a454 162MiB/342MiB(47%) CN:8 DL:313KiB ETA:9m48s]
[#85a454 162MiB/342MiB(47%) CN:8 DL:284KiB ETA:10m49s]
[#85a454 162MiB/342MiB(47%) CN:8 DL:305KiB ETA:10m1s]
[#85a454 162MiB/342MiB(47%) CN:8 DL:279KiB ETA:10m58s]
[#85a454 163MiB/342MiB(47%) CN:8 DL:283KiB ETA:10m46s]
[#85a454 163MiB/342MiB(47%) CN:8 DL:312KiB ETA:9m45s]
[#85a454 163MiB/342MiB(47%) CN:8 DL:337KiB ETA:9m1s]
[#85a454 164MiB/342MiB(48%) CN:8 DL:379KiB ETA:8m]
[#85a454 164MiB/342MiB(48%) CN:8 DL:379KiB ETA:7m59s]
[#85a454 165MiB/342MiB(48%) CN:8 DL:338KiB ETA:8m56s]
[#85a454 165MiB/342MiB(48%) CN:8 DL:354KiB ETA:8m30s]
[#85a454 165MiB/342MiB(48%) CN:8 DL:338KiB ETA:8m55s]
[#85a454 165MiB/342MiB(48%) CN:8 DL:339KiB ETA:8m52s]
[#85a454 166MiB/342MiB(48%) CN:8 DL:353KiB ETA:8m29s]
[#85a454 166MiB/342MiB(48%) CN:8 DL:342KiB ETA:8m45s]
[#85a454 167MiB/342MiB(48%) CN:8 DL:343KiB ETA:8m42s]
[#85a454 167MiB/342MiB(48%) CN:8 DL:330KiB ETA:9m2s]
[#85a454 167MiB/342MiB(48%) CN:8 DL:303KiB ETA:9m49s]
[#85a454 167MiB/342MiB(48%) CN:8 DL:281KiB ETA:10m34s]
[#85a454 168MiB/342MiB(49%) CN:8 DL:296KiB ETA:10m1s]
[#85a454 168MiB/342MiB(49%) CN:8 DL:362KiB ETA:8m10s]
[#85a454 169MiB/342MiB(49%) CN:8 DL:385KiB ETA:7m39s]
[#85a454 169MiB/342MiB(49%) CN:8 DL:359KiB ETA:8m11s]
[#85a454 170MiB/342MiB(49%) CN:8 DL:406KiB ETA:7m12s]
[#85a454 170MiB/342MiB(49%) CN:8 DL:407KiB ETA:7m11s]
 *** Download Progress Summary as of Thu Aug 13 08:02:07 2026 *** 
===============================================================================
[#85a454 171MiB/342MiB(50%) CN:8 DL:423KiB ETA:6m53s]
FILE: data/genetics/phase4a_raw/ischemic_stroke_GCST006910/MEGASTROKE.4.CES.EUR.out
-------------------------------------------------------------------------------

[#85a454 171MiB/342MiB(50%) CN:8 DL:423KiB ETA:6m53s]
[#85a454 171MiB/342MiB(50%) CN:8 DL:443KiB ETA:6m33s]
[#85a454 171MiB/342MiB(50%) CN:8 DL:438KiB ETA:6m37s]
[#85a454 172MiB/342MiB(50%) CN:8 DL:411KiB ETA:7m3s]
[#85a454 172MiB/342MiB(50%) CN:8 DL:422KiB ETA:6m50s]
[#85a454 173MiB/342MiB(50%) CN:8 DL:402KiB ETA:7m10s]
[#85a454 173MiB/342MiB(50%) CN:8 DL:413KiB ETA:6m57s]
[#85a454 173MiB/342MiB(50%) CN:8 DL:352KiB ETA:8m9s]
[#85a454 174MiB/342MiB(50%) CN:8 DL:394KiB ETA:7m15s]
[#85a454 174MiB/342MiB(51%) CN:8 DL:379KiB ETA:7m31s]
[#85a454 175MiB/342MiB(51%) CN:8 DL:381KiB ETA:7m28s]
[#85a454 175MiB/342MiB(51%) CN:8 DL:412KiB ETA:6m53s]
[#85a454 176MiB/342MiB(51%) CN:8 DL:453KiB ETA:6m15s]
[#85a454 176MiB/342MiB(51%) CN:8 DL:396KiB ETA:7m8s]
[#85a454 176MiB/342MiB(51%) CN:8 DL:377KiB ETA:7m29s]
[#85a454 176MiB/342MiB(51%) CN:8 DL:338KiB ETA:8m21s]
[#85a454 177MiB/342MiB(51%) CN:8 DL:349KiB ETA:8m5s]
[#85a454 177MiB/342MiB(51%) CN:8 DL:329KiB ETA:8m32s]
[#85a454 178MiB/342MiB(52%) CN:8 DL:347KiB ETA:8m3s]
[#85a454 178MiB/342MiB(52%) CN:8 DL:332KiB ETA:8m25s]
[#85a454 178MiB/342MiB(52%) CN:8 DL:309KiB ETA:9m1s]
[#85a454 178MiB/342MiB(52%) CN:8 DL:280KiB ETA:9m55s]
[#85a454 179MiB/342MiB(52%) CN:8 DL:320KiB ETA:8m40s]
[#85a454 180MiB/342MiB(52%) CN:8 DL:374KiB ETA:7m23s]
[#85a454 180MiB/342MiB(52%) CN:8 DL:389KiB ETA:7m5s]
[#85a454 180MiB/342MiB(52%) CN:8 DL:400KiB ETA:6m52s]
[#85a454 181MiB/342MiB(52%) CN:8 DL:390KiB ETA:7m1s]
[#85a454 181MiB/342MiB(53%) CN:8 DL:367KiB ETA:7m28s]
[#85a454 182MiB/342MiB(53%) CN:8 DL:402KiB ETA:6m47s]
 *** Download Progress Summary as of Thu Aug 13 08:02:38 2026 *** 
===============================================================================
[#85a454 182MiB/342MiB(53%) CN:8 DL:417KiB ETA:6m31s]
FILE: data/genetics/phase4a_raw/ischemic_stroke_GCST006910/MEGASTROKE.4.CES.EUR.out
-------------------------------------------------------------------------------

[#85a454 182MiB/342MiB(53%) CN:8 DL:417KiB ETA:6m31s]
[#85a454 182MiB/342MiB(53%) CN:8 DL:432KiB ETA:6m17s]
[#85a454 183MiB/342MiB(53%) CN:8 DL:388KiB ETA:7m]
[#85a454 183MiB/342MiB(53%) CN:8 DL:377KiB ETA:7m11s]
[#85a454 183MiB/342MiB(53%) CN:8 DL:353KiB ETA:7m39s]
[#85a454 184MiB/342MiB(53%) CN:8 DL:348KiB ETA:7m45s]
[#85a454 184MiB/342MiB(53%) CN:8 DL:297KiB ETA:9m4s]
[#85a454 184MiB/342MiB(53%) CN:8 DL:287KiB ETA:9m21s]
[#85a454 185MiB/342MiB(54%) CN:8 DL:292KiB ETA:9m10s]
[#85a454 185MiB/342MiB(54%) CN:8 DL:335KiB ETA:7m59s]
[#85a454 185MiB/342MiB(54%) CN:8 DL:315KiB ETA:8m28s]
[#85a454 185MiB/342MiB(54%) CN:8 DL:301KiB ETA:8m52s]
[#85a454 186MiB/342MiB(54%) CN:8 DL:278KiB ETA:9m33s]
[#85a454 186MiB/342MiB(54%) CN:8 DL:320KiB ETA:8m17s]
[#85a454 187MiB/342MiB(54%) CN:8 DL:328KiB ETA:8m3s]
[#85a454 187MiB/342MiB(54%) CN:8 DL:355KiB ETA:7m25s]
[#85a454 187MiB/342MiB(54%) CN:8 DL:369KiB ETA:7m8s]
[#85a454 187MiB/342MiB(54%) CN:8 DL:309KiB ETA:8m31s]
[#85a454 187MiB/342MiB(54%) CN:8 DL:253KiB ETA:10m23s]
[#85a454 188MiB/342MiB(54%) CN:8 DL:256KiB ETA:10m16s]
[#85a454 188MiB/342MiB(55%) CN:8 DL:311KiB ETA:8m24s]
[#85a454 189MiB/342MiB(55%) CN:8 DL:275KiB ETA:9m30s]
[#85a454 189MiB/342MiB(55%) CN:8 DL:283KiB ETA:9m12s]
[#85a454 189MiB/342MiB(55%) CN:8 DL:238KiB ETA:10m56s]
[#85a454 189MiB/342MiB(55%) CN:8 DL:220KiB ETA:11m50s]
[#85a454 190MiB/342MiB(55%) CN:8 DL:239KiB ETA:10m52s]
[#85a454 190MiB/342MiB(55%) CN:8 DL:296KiB ETA:8m44s]
[#85a454 190MiB/342MiB(55%) CN:8 DL:294KiB ETA:8m47s]
 *** Download Progress Summary as of Thu Aug 13 08:03:08 2026 *** 
===============================================================================
[#85a454 190MiB/342MiB(55%) CN:8 DL:277KiB ETA:9m18s]
FILE: data/genetics/phase4a_raw/ischemic_stroke_GCST006910/MEGASTROKE.4.CES.EUR.out
-------------------------------------------------------------------------------

[#85a454 190MiB/342MiB(55%) CN:8 DL:277KiB ETA:9m18s]
[#85a454 191MiB/342MiB(55%) CN:8 DL:243KiB ETA:10m35s]
[#85a454 191MiB/342MiB(55%) CN:8 DL:238KiB ETA:10m49s]
[#85a454 191MiB/342MiB(55%) CN:8 DL:224KiB ETA:11m29s]
[#85a454 191MiB/342MiB(56%) CN:8 DL:257KiB ETA:9m58s]
[#85a454 192MiB/342MiB(56%) CN:8 DL:287KiB ETA:8m54s]
[#85a454 192MiB/342MiB(56%) CN:8 DL:288KiB ETA:8m50s]
[#85a454 193MiB/342MiB(56%) CN:8 DL:282KiB ETA:9m1s]
[#85a454 193MiB/342MiB(56%) CN:8 DL:312KiB ETA:8m7s]
[#85a454 193MiB/342MiB(56%) CN:8 DL:303KiB ETA:8m21s]
[#85a454 194MiB/342MiB(56%) CN:8 DL:344KiB ETA:7m19s]
[#85a454 194MiB/342MiB(56%) CN:8 DL:341KiB ETA:7m23s]
[#85a454 195MiB/342MiB(56%) CN:8 DL:381KiB ETA:6m35s]
[#85a454 195MiB/342MiB(57%) CN:8 DL:374KiB ETA:6m42s]
[#85a454 195MiB/342MiB(57%) CN:8 DL:391KiB ETA:6m23s]
[#85a454 195MiB/342MiB(57%) CN:8 DL:338KiB ETA:7m23s]
[#85a454 196MiB/342MiB(57%) CN:8 DL:366KiB ETA:6m47s]
[#85a454 196MiB/342MiB(57%) CN:8 DL:347KiB ETA:7m8s]
[#85a454 197MiB/342MiB(57%) CN:8 DL:345KiB ETA:7m10s]
[#85a454 197MiB/342MiB(57%) CN:8 DL:305KiB ETA:8m6s]
[#85a454 197MiB/342MiB(57%) CN:8 DL:319KiB ETA:7m45s]
[#85a454 197MiB/342MiB(57%) CN:8 DL:267KiB ETA:9m14s]
[#85a454 197MiB/342MiB(57%) CN:8 DL:268KiB ETA:9m11s]
[#85a454 198MiB/342MiB(57%) CN:8 DL:250KiB ETA:9m50s]
[#85a454 198MiB/342MiB(57%) CN:8 DL:244KiB ETA:10m3s]
[#85a454 198MiB/342MiB(57%) CN:8 DL:221KiB ETA:11m5s]
[#85a454 198MiB/342MiB(57%) CN:8 DL:189KiB ETA:12m57s]
[#85a454 198MiB/342MiB(58%) CN:8 DL:186KiB ETA:13m8s]
[#85a454 198MiB/342MiB(58%) CN:8 DL:159KiB ETA:15m20s]
 *** Download Progress Summary as of Thu Aug 13 08:03:38 2026 *** 
===============================================================================
[#85a454 199MiB/342MiB(58%) CN:8 DL:171KiB ETA:14m16s]
FILE: data/genetics/phase4a_raw/ischemic_stroke_GCST006910/MEGASTROKE.4.CES.EUR.out
-------------------------------------------------------------------------------

[#85a454 199MiB/342MiB(58%) CN:8 DL:171KiB ETA:14m16s]
[#85a454 199MiB/342MiB(58%) CN:8 DL:180KiB ETA:13m33s]
[#85a454 199MiB/342MiB(58%) CN:8 DL:162KiB ETA:15m1s]
[#85a454 199MiB/342MiB(58%) CN:8 DL:150KiB ETA:16m13s]
[#85a454 199MiB/342MiB(58%) CN:8 DL:170KiB ETA:14m13s]
[#85a454 199MiB/342MiB(58%) CN:8 DL:144KiB ETA:16m48s]
[#85a454 199MiB/342MiB(58%) CN:8 DL:147KiB ETA:16m30s]
[#85a454 200MiB/342MiB(58%) CN:8 DL:145KiB ETA:16m42s]

08/13 08:03:46 [[1;31mERROR[0m] CUID#14 - Download aborted. URI=https://ftp.ebi.ac.uk/pub/databases/gwas/summary_statistics/GCST006001-GCST007000/GCST006910/MEGASTROKE.4.CES.EUR.out
Exception: [AbstractCommand.cc:351] errorCode=1 URI=https://ftp.ebi.ac.uk/pub/databases/gwas/summary_statistics/GCST006001-GCST007000/GCST006910/MEGASTROKE.4.CES.EUR.out
  -> [SocketCore.cc:1022] errorCode=1 SSL/TLS handshake failure: protocol error
[#85a454 200MiB/342MiB(58%) CN:7 DL:186KiB ETA:13m1s]
[#85a454 200MiB/342MiB(58%) CN:7 DL:183KiB ETA:13m10s]
[#85a454 200MiB/342MiB(58%) CN:7 DL:194KiB ETA:12m26s]
[#85a454 201MiB/342MiB(58%) CN:7 DL:190KiB ETA:12m38s]
[#85a454 201MiB/342MiB(58%) CN:7 DL:172KiB ETA:13m58s]
[#85a454 201MiB/342MiB(58%) CN:7 DL:165KiB ETA:14m35s]
[#85a454 201MiB/342MiB(58%) CN:7 DL:190KiB ETA:12m35s]
[#85a454 201MiB/342MiB(58%) CN:7 DL:208KiB ETA:11m30s]
[#85a454 202MiB/342MiB(59%) CN:7 DL:214KiB ETA:11m10s]
[#85a454 202MiB/342MiB(59%) CN:7 DL:206KiB ETA:11m35s]
[#85a454 202MiB/342MiB(59%) CN:7 DL:189KiB ETA:12m33s]
[#85a454 202MiB/342MiB(59%) CN:7 DL:193KiB ETA:12m19s]
[#85a454 202MiB/342MiB(59%) CN:7 DL:178KiB ETA:13m18s]
[#85a454 203MiB/342MiB(59%) CN:7 DL:222KiB ETA:10m38s]
[#85a454 203MiB/342MiB(59%) CN:7 DL:209KiB ETA:11m17s]
[#85a454 203MiB/342MiB(59%) CN:7 DL:207KiB ETA:11m23s]
[#85a454 203MiB/342MiB(59%) CN:7 DL:189KiB ETA:12m27s]
[#85a454 204MiB/342MiB(59%) CN:7 DL:201KiB ETA:11m42s]
[#85a454 204MiB/342MiB(59%) CN:7 DL:240KiB ETA:9m46s]
[#85a454 204MiB/342MiB(59%) CN:7 DL:221KiB ETA:10m36s]
 *** Download Progress Summary as of Thu Aug 13 08:04:09 2026 *** 
===============================================================================
[#85a454 205MiB/342MiB(59%) CN:7 DL:243KiB ETA:9m36s]
FILE: data/genetics/phase4a_raw/ischemic_stroke_GCST006910/MEGASTROKE.4.CES.EUR.out
-------------------------------------------------------------------------------

[#85a454 205MiB/342MiB(59%) CN:7 DL:243KiB ETA:9m36s]
[#85a454 205MiB/342MiB(59%) CN:7 DL:238KiB ETA:9m50s]
[#85a454 205MiB/342MiB(60%) CN:7 DL:229KiB ETA:10m9s]
[#85a454 205MiB/342MiB(60%) CN:7 DL:215KiB ETA:10m49s]
[#85a454 206MiB/342MiB(60%) CN:7 DL:230KiB ETA:10m4s]
[#85a454 206MiB/342MiB(60%) CN:7 DL:218KiB ETA:10m38s]
[#85a454 206MiB/342MiB(60%) CN:7 DL:180KiB ETA:12m50s]
[#85a454 206MiB/342MiB(60%) CN:7 DL:198KiB ETA:11m39s]
[#85a454 206MiB/342MiB(60%) CN:7 DL:155KiB ETA:14m53s]
[#85a454 206MiB/342MiB(60%) CN:7 DL:122KiB ETA:18m56s]
[#85a454 206MiB/342MiB(60%) CN:7 DL:125KiB ETA:18m24s]
[#85a454 207MiB/342MiB(60%) CN:7 DL:131KiB ETA:17m35s]
[#85a454 207MiB/342MiB(60%) CN:7 DL:132KiB ETA:17m25s]
[#85a454 207MiB/342MiB(60%) CN:7 DL:133KiB ETA:17m18s]
[#85a454 207MiB/342MiB(60%) CN:7 DL:120KiB ETA:19m7s]
[#85a454 207MiB/342MiB(60%) CN:7 DL:128KiB ETA:17m48s]
[#85a454 207MiB/342MiB(60%) CN:7 DL:136KiB ETA:16m46s]
[#85a454 207MiB/342MiB(60%) CN:7 DL:139KiB ETA:16m27s]
[#85a454 208MiB/342MiB(60%) CN:7 DL:154KiB ETA:14m47s]
[#85a454 208MiB/342MiB(60%) CN:7 DL:120KiB ETA:18m55s]
[#85a454 208MiB/342MiB(60%) CN:7 DL:118KiB ETA:19m21s]
[#85a454 208MiB/342MiB(60%) CN:7 DL:105KiB ETA:21m42s]
[#85a454 208MiB/342MiB(60%) CN:7 DL:113KiB ETA:20m2s]
[#85a454 208MiB/342MiB(60%) CN:7 DL:106KiB ETA:21m20s]
[#85a454 208MiB/342MiB(61%) CN:7 DL:114KiB ETA:19m58s]
 *** Download Progress Summary as of Thu Aug 13 08:04:39 2026 *** 
===============================================================================
[#85a454 209MiB/342MiB(61%) CN:7 DL:124KiB ETA:18m18s]
FILE: data/genetics/phase4a_raw/ischemic_stroke_GCST006910/MEGASTROKE.4.CES.EUR.out
-------------------------------------------------------------------------------

[#85a454 209MiB/342MiB(61%) CN:7 DL:124KiB ETA:18m18s]
[#85a454 209MiB/342MiB(61%) CN:7 DL:103KiB ETA:22m3s]
[#85a454 209MiB/342MiB(61%) CN:7 DL:116KiB ETA:19m27s]
[#85a454 209MiB/342MiB(61%) CN:7 DL:152KiB ETA:14m50s]
[#85a454 209MiB/342MiB(61%) CN:7 DL:150KiB ETA:15m]
[#85a454 210MiB/342MiB(61%) CN:7 DL:185KiB ETA:12m10s]
[#85a454 210MiB/342MiB(61%) CN:7 DL:175KiB ETA:12m52s]
[#85a454 210MiB/342MiB(61%) CN:7 DL:170KiB ETA:13m14s]
[#85a454 210MiB/342MiB(61%) CN:7 DL:173KiB ETA:12m56s]
[#85a454 210MiB/342MiB(61%) CN:7 DL:204KiB ETA:10m57s]
[#85a454 211MiB/342MiB(61%) CN:7 DL:216KiB ETA:10m20s]
[#85a454 211MiB/342MiB(61%) CN:7 DL:238KiB ETA:9m20s]
[#85a454 211MiB/342MiB(61%) CN:7 DL:213KiB ETA:10m25s]
[#85a454 212MiB/342MiB(61%) CN:7 DL:208KiB ETA:10m39s]
[#85a454 212MiB/342MiB(62%) CN:7 DL:222KiB ETA:9m57s]
[#85a454 212MiB/342MiB(62%) CN:7 DL:233KiB ETA:9m29s]
[#85a454 212MiB/342MiB(62%) CN:7 DL:270KiB ETA:8m9s]
[#85a454 213MiB/342MiB(62%) CN:7 DL:261KiB ETA:8m25s]
[#85a454 213MiB/342MiB(62%) CN:7 DL:243KiB ETA:9m2s]
[#85a454 213MiB/342MiB(62%) CN:7 DL:251KiB ETA:8m44s]
[#85a454 214MiB/342MiB(62%) CN:7 DL:249KiB ETA:8m45s]
[#85a454 214MiB/342MiB(62%) CN:7 DL:246KiB ETA:8m53s]
[#85a454 214MiB/342MiB(62%) CN:7 DL:252KiB ETA:8m39s]
[#85a454 214MiB/342MiB(62%) CN:7 DL:268KiB ETA:8m7s]
[#85a454 215MiB/342MiB(62%) CN:7 DL:277KiB ETA:7m50s]
[#85a454 215MiB/342MiB(62%) CN:7 DL:282KiB ETA:7m39s]
[#85a454 215MiB/342MiB(63%) CN:7 DL:279KiB ETA:7m43s]
[#85a454 216MiB/342MiB(63%) CN:7 DL:284KiB ETA:7m33s]
 *** Download Progress Summary as of Thu Aug 13 08:05:10 2026 *** 
===============================================================================
[#85a454 216MiB/342MiB(63%) CN:7 DL:272KiB ETA:7m53s]
FILE: data/genetics/phase4a_raw/ischemic_stroke_GCST006910/MEGASTROKE.4.CES.EUR.out
-------------------------------------------------------------------------------

[#85a454 216MiB/342MiB(63%) CN:7 DL:272KiB ETA:7m53s]
[#85a454 216MiB/342MiB(63%) CN:7 DL:275KiB ETA:7m47s]
[#85a454 216MiB/342MiB(63%) CN:7 DL:283KiB ETA:7m33s]
[#85a454 217MiB/342MiB(63%) CN:7 DL:280KiB ETA:7m36s]
[#85a454 217MiB/342MiB(63%) CN:7 DL:278KiB ETA:7m38s]
[#85a454 217MiB/342MiB(63%) CN:7 DL:254KiB ETA:8m21s]
[#85a454 217MiB/342MiB(63%) CN:7 DL:227KiB ETA:9m21s]
[#85a454 217MiB/342MiB(63%) CN:7 DL:219KiB ETA:9m40s]
[#85a454 218MiB/342MiB(63%) CN:7 DL:188KiB ETA:11m17s]
[#85a454 218MiB/342MiB(63%) CN:7 DL:193KiB ETA:10m56s]
[#85a454 218MiB/342MiB(63%) CN:7 DL:180KiB ETA:11m43s]
[#85a454 218MiB/342MiB(63%) CN:7 DL:193KiB ETA:10m53s]
[#85a454 218MiB/342MiB(63%) CN:7 DL:170KiB ETA:12m23s]
[#85a454 218MiB/342MiB(63%) CN:7 DL:132KiB ETA:15m56s]
[#85a454 219MiB/342MiB(63%) CN:7 DL:150KiB ETA:13m58s]
[#85a454 219MiB/342MiB(64%) CN:7 DL:138KiB ETA:15m10s]
[#85a454 219MiB/342MiB(64%) CN:7 DL:164KiB ETA:12m45s]
[#85a454 219MiB/342MiB(64%) CN:7 DL:168KiB ETA:12m26s]
[#85a454 219MiB/342MiB(64%) CN:7 DL:181KiB ETA:11m32s]
[#85a454 219MiB/342MiB(64%) CN:7 DL:174KiB ETA:11m58s]
[#85a454 220MiB/342MiB(64%) CN:7 DL:149KiB ETA:13m54s]
[#85a454 220MiB/342MiB(64%) CN:7 DL:159KiB ETA:13m2s]
[#85a454 220MiB/342MiB(64%) CN:7 DL:178KiB ETA:11m38s]
[#85a454 220MiB/342MiB(64%) CN:7 DL:186KiB ETA:11m6s]
[#85a454 221MiB/342MiB(64%) CN:7 DL:171KiB ETA:12m2s]
[#85a454 221MiB/342MiB(64%) CN:7 DL:176KiB ETA:11m40s]
[#85a454 221MiB/342MiB(64%) CN:7 DL:171KiB ETA:12m3s]
[#85a454 221MiB/342MiB(64%) CN:7 DL:197KiB ETA:10m27s]
 *** Download Progress Summary as of Thu Aug 13 08:05:41 2026 *** 
===============================================================================
[#85a454 222MiB/342MiB(64%) CN:7 DL:213KiB ETA:9m37s]
FILE: data/genetics/phase4a_raw/ischemic_stroke_GCST006910/MEGASTROKE.4.CES.EUR.out
-------------------------------------------------------------------------------

[#85a454 222MiB/342MiB(64%) CN:7 DL:213KiB ETA:9m37s]
[#85a454 222MiB/342MiB(64%) CN:7 DL:224KiB ETA:9m8s]
[#85a454 222MiB/342MiB(64%) CN:7 DL:239KiB ETA:8m33s]
[#85a454 222MiB/342MiB(65%) CN:7 DL:230KiB ETA:8m51s]
[#85a454 222MiB/342MiB(65%) CN:7 DL:210KiB ETA:9m41s]
[#85a454 223MiB/342MiB(65%) CN:7 DL:231KiB ETA:8m47s]
[#85a454 223MiB/342MiB(65%) CN:7 DL:231KiB ETA:8m47s]
[#85a454 223MiB/342MiB(65%) CN:7 DL:234KiB ETA:8m38s]
[#85a454 223MiB/342MiB(65%) CN:7 DL:241KiB ETA:8m23s]
[#85a454 224MiB/342MiB(65%) CN:7 DL:216KiB ETA:9m19s]
[#85a454 224MiB/342MiB(65%) CN:7 DL:216KiB ETA:9m19s]
[#85a454 224MiB/342MiB(65%) CN:7 DL:205KiB ETA:9m48s]
[#85a454 224MiB/342MiB(65%) CN:7 DL:247KiB ETA:8m6s]
[#85a454 225MiB/342MiB(65%) CN:7 DL:268KiB ETA:7m26s]
[#85a454 225MiB/342MiB(65%) CN:7 DL:272KiB ETA:7m19s]
[#85a454 225MiB/342MiB(65%) CN:7 DL:270KiB ETA:7m22s]
[#85a454 226MiB/342MiB(66%) CN:7 DL:274KiB ETA:7m14s]
[#85a454 226MiB/342MiB(66%) CN:7 DL:258KiB ETA:7m40s]
[#85a454 226MiB/342MiB(66%) CN:7 DL:300KiB ETA:6m33s]
[#85a454 227MiB/342MiB(66%) CN:7 DL:312KiB ETA:6m17s]
[#85a454 227MiB/342MiB(66%) CN:7 DL:337KiB ETA:5m48s]
[#85a454 227MiB/342MiB(66%) CN:7 DL:297KiB ETA:6m34s]
[#85a454 227MiB/342MiB(66%) CN:7 DL:302KiB ETA:6m26s]
[#85a454 228MiB/342MiB(66%) CN:7 DL:269KiB ETA:7m13s]
[#85a454 228MiB/342MiB(66%) CN:7 DL:288KiB ETA:6m44s]
[#85a454 228MiB/342MiB(66%) CN:7 DL:294KiB ETA:6m34s]
[#85a454 229MiB/342MiB(66%) CN:7 DL:305KiB ETA:6m20s]
[#85a454 229MiB/342MiB(66%) CN:7 DL:239KiB ETA:8m4s]
[#85a454 229MiB/342MiB(67%) CN:7 DL:253KiB ETA:7m36s]
 *** Download Progress Summary as of Thu Aug 13 08:06:11 2026 *** 
===============================================================================
[#85a454 229MiB/342MiB(67%) CN:7 DL:233KiB ETA:8m14s]
FILE: data/genetics/phase4a_raw/ischemic_stroke_GCST006910/MEGASTROKE.4.CES.EUR.out
-------------------------------------------------------------------------------

[#85a454 229MiB/342MiB(67%) CN:7 DL:233KiB ETA:8m14s]
[#85a454 229MiB/342MiB(67%) CN:7 DL:217KiB ETA:8m49s]
[#85a454 229MiB/342MiB(67%) CN:7 DL:221KiB ETA:8m40s]
[#85a454 230MiB/342MiB(67%) CN:7 DL:191KiB ETA:10m]
[#85a454 230MiB/342MiB(67%) CN:7 DL:187KiB ETA:10m13s]
[#85a454 230MiB/342MiB(67%) CN:7 DL:161KiB ETA:11m50s]
[#85a454 230MiB/342MiB(67%) CN:7 DL:168KiB ETA:11m18s]
[#85a454 230MiB/342MiB(67%) CN:7 DL:174KiB ETA:10m53s]
[#85a454 230MiB/342MiB(67%) CN:7 DL:151KiB ETA:12m32s]
[#85a454 231MiB/342MiB(67%) CN:7 DL:155KiB ETA:12m11s]
[#85a454 231MiB/342MiB(67%) CN:7 DL:144KiB ETA:13m10s]
[#85a454 231MiB/342MiB(67%) CN:7 DL:153KiB ETA:12m21s]
[#85a454 231MiB/342MiB(67%) CN:7 DL:197KiB ETA:9m32s]
[#85a454 232MiB/342MiB(67%) CN:7 DL:191KiB ETA:9m49s]
[#85a454 232MiB/342MiB(67%) CN:7 DL:198KiB ETA:9m26s]
[#85a454 232MiB/342MiB(67%) CN:7 DL:188KiB ETA:9m55s]
[#85a454 232MiB/342MiB(67%) CN:7 DL:181KiB ETA:10m19s]
[#85a454 233MiB/342MiB(68%) CN:7 DL:204KiB ETA:9m6s]
[#85a454 233MiB/342MiB(68%) CN:7 DL:237KiB ETA:7m49s]
[#85a454 233MiB/342MiB(68%) CN:7 DL:266KiB ETA:6m57s]
[#85a454 234MiB/342MiB(68%) CN:7 DL:264KiB ETA:6m58s]
[#85a454 234MiB/342MiB(68%) CN:7 DL:287KiB ETA:6m24s]
[#85a454 234MiB/342MiB(68%) CN:7 DL:274KiB ETA:6m41s]
[#85a454 235MiB/342MiB(68%) CN:7 DL:274KiB ETA:6m40s]
[#85a454 235MiB/342MiB(68%) CN:7 DL:304KiB ETA:6m]
[#85a454 235MiB/342MiB(68%) CN:7 DL:313KiB ETA:5m48s]
[#85a454 236MiB/342MiB(69%) CN:7 DL:342KiB ETA:5m16s]
 *** Download Progress Summary as of Thu Aug 13 08:06:42 2026 *** 
===============================================================================
[#85a454 236MiB/342MiB(69%) CN:7 DL:337KiB ETA:5m20s]
FILE: data/genetics/phase4a_raw/ischemic_stroke_GCST006910/MEGASTROKE.4.CES.EUR.out
-------------------------------------------------------------------------------

[#85a454 236MiB/342MiB(69%) CN:7 DL:337KiB ETA:5m20s]
[#85a454 236MiB/342MiB(69%) CN:7 DL:329KiB ETA:5m27s]
[#85a454 237MiB/342MiB(69%) CN:7 DL:294KiB ETA:6m6s]
[#85a454 237MiB/342MiB(69%) CN:7 DL:318KiB ETA:5m36s]
[#85a454 238MiB/342MiB(69%) CN:7 DL:349KiB ETA:5m5s]
[#85a454 238MiB/342MiB(69%) CN:7 DL:357KiB ETA:4m58s]
[#85a454 238MiB/342MiB(69%) CN:7 DL:372KiB ETA:4m44s]
[#85a454 239MiB/342MiB(69%) CN:7 DL:359KiB ETA:4m54s]
[#85a454 239MiB/342MiB(69%) CN:7 DL:283KiB ETA:6m12s]
[#85a454 239MiB/342MiB(69%) CN:7 DL:284KiB ETA:6m11s]
[#85a454 239MiB/342MiB(69%) CN:7 DL:266KiB ETA:6m35s]
[#85a454 239MiB/342MiB(70%) CN:7 DL:241KiB ETA:7m15s]
[#85a454 239MiB/342MiB(70%) CN:7 DL:196KiB ETA:8m53s]
[#85a454 240MiB/342MiB(70%) CN:7 DL:193KiB ETA:9m]
[#85a454 240MiB/342MiB(70%) CN:7 DL:156KiB ETA:11m7s]
[#85a454 240MiB/342MiB(70%) CN:7 DL:156KiB ETA:11m6s]
[#85a454 240MiB/342MiB(70%) CN:7 DL:170KiB ETA:10m11s]
[#85a454 240MiB/342MiB(70%) CN:7 DL:173KiB ETA:9m57s]
[#85a454 241MiB/342MiB(70%) CN:7 DL:179KiB ETA:9m37s]
[#85a454 241MiB/342MiB(70%) CN:7 DL:181KiB ETA:9m30s]
[#85a454 241MiB/342MiB(70%) CN:7 DL:172KiB ETA:10m]
[#85a454 241MiB/342MiB(70%) CN:7 DL:154KiB ETA:11m10s]
[#85a454 241MiB/342MiB(70%) CN:7 DL:191KiB ETA:8m57s]
[#85a454 242MiB/342MiB(70%) CN:7 DL:187KiB ETA:9m7s]
[#85a454 242MiB/342MiB(70%) CN:7 DL:184KiB ETA:9m15s]
[#85a454 242MiB/342MiB(70%) CN:7 DL:170KiB ETA:9m57s]
 *** Download Progress Summary as of Thu Aug 13 08:07:12 2026 *** 
===============================================================================
[#85a454 242MiB/342MiB(70%) CN:7 DL:159KiB ETA:10m39s]
FILE: data/genetics/phase4a_raw/ischemic_stroke_GCST006910/MEGASTROKE.4.CES.EUR.out
-------------------------------------------------------------------------------

[#85a454 242MiB/342MiB(70%) CN:7 DL:159KiB ETA:10m39s]
[#85a454 243MiB/342MiB(71%) CN:7 DL:185KiB ETA:9m7s]
[#85a454 243MiB/342MiB(71%) CN:7 DL:208KiB ETA:8m7s]
[#85a454 243MiB/342MiB(71%) CN:7 DL:169KiB ETA:9m56s]
[#85a454 243MiB/342MiB(71%) CN:7 DL:157KiB ETA:10m41s]
[#85a454 243MiB/342MiB(71%) CN:7 DL:156KiB ETA:10m42s]
[#85a454 243MiB/342MiB(71%) CN:7 DL:147KiB ETA:11m23s]
[#85a454 244MiB/342MiB(71%) CN:7 DL:149KiB ETA:11m11s]
[#85a454 244MiB/342MiB(71%) CN:7 DL:126KiB ETA:13m15s]
[#85a454 244MiB/342MiB(71%) CN:7 DL:114KiB ETA:14m35s]
[#85a454 244MiB/342MiB(71%) CN:7 DL:140KiB ETA:11m52s]
[#85a454 244MiB/342MiB(71%) CN:7 DL:141KiB ETA:11m45s]
[#85a454 245MiB/342MiB(71%) CN:7 DL:169KiB ETA:9m45s]
[#85a454 245MiB/342MiB(71%) CN:7 DL:165KiB ETA:10m]
[#85a454 245MiB/342MiB(71%) CN:7 DL:198KiB ETA:8m17s]
[#85a454 245MiB/342MiB(71%) CN:7 DL:201KiB ETA:8m10s]
[#85a454 246MiB/342MiB(71%) CN:7 DL:215KiB ETA:7m36s]
[#85a454 246MiB/342MiB(71%) CN:7 DL:205KiB ETA:8m]
[#85a454 246MiB/342MiB(71%) CN:7 DL:207KiB ETA:7m52s]
[#85a454 246MiB/342MiB(71%) CN:7 DL:189KiB ETA:8m37s]
[#85a454 246MiB/342MiB(72%) CN:7 DL:216KiB ETA:7m32s]
[#85a454 247MiB/342MiB(72%) CN:7 DL:205KiB ETA:7m53s]
[#85a454 247MiB/342MiB(72%) CN:7 DL:218KiB ETA:7m25s]
[#85a454 247MiB/342MiB(72%) CN:7 DL:179KiB ETA:9m1s]
[#85a454 247MiB/342MiB(72%) CN:7 DL:180KiB ETA:8m57s]
[#85a454 248MiB/342MiB(72%) CN:7 DL:220KiB ETA:7m17s]
 *** Download Progress Summary as of Thu Aug 13 08:07:43 2026 *** 
===============================================================================
[#85a454 248MiB/342MiB(72%) CN:7 DL:236KiB ETA:6m46s]
FILE: data/genetics/phase4a_raw/ischemic_stroke_GCST006910/MEGASTROKE.4.CES.EUR.out
-------------------------------------------------------------------------------

[#85a454 248MiB/342MiB(72%) CN:7 DL:236KiB ETA:6m46s]
[#85a454 248MiB/342MiB(72%) CN:7 DL:237KiB ETA:6m43s]
[#85a454 248MiB/342MiB(72%) CN:7 DL:211KiB ETA:7m33s]
[#85a454 248MiB/342MiB(72%) CN:7 DL:178KiB ETA:8m58s]
[#85a454 248MiB/342MiB(72%) CN:7 DL:157KiB ETA:10m10s]
[#85a454 249MiB/342MiB(72%) CN:7 DL:196KiB ETA:8m7s]
[#85a454 249MiB/342MiB(72%) CN:7 DL:199KiB ETA:7m58s]
[#85a454 249MiB/342MiB(72%) CN:7 DL:224KiB ETA:7m1s]
[#85a454 250MiB/342MiB(73%) CN:7 DL:202KiB ETA:7m46s]
[#85a454 250MiB/342MiB(73%) CN:7 DL:192KiB ETA:8m10s]
[#85a454 250MiB/342MiB(73%) CN:7 DL:191KiB ETA:8m11s]
[#85a454 250MiB/342MiB(73%) CN:7 DL:185KiB ETA:8m28s]
[#85a454 250MiB/342MiB(73%) CN:7 DL:208KiB ETA:7m30s]
[#85a454 251MiB/342MiB(73%) CN:7 DL:240KiB ETA:6m28s]
[#85a454 251MiB/342MiB(73%) CN:7 DL:256KiB ETA:6m3s]
[#85a454 251MiB/342MiB(73%) CN:7 DL:244KiB ETA:6m18s]
[#85a454 252MiB/342MiB(73%) CN:7 DL:237KiB ETA:6m29s]
[#85a454 252MiB/342MiB(73%) CN:7 DL:230KiB ETA:6m39s]
[#85a454 252MiB/342MiB(73%) CN:7 DL:212KiB ETA:7m14s]
[#85a454 252MiB/342MiB(73%) CN:7 DL:213KiB ETA:7m12s]
[#85a454 253MiB/342MiB(73%) CN:7 DL:267KiB ETA:5m42s]
[#85a454 253MiB/342MiB(73%) CN:7 DL:259KiB ETA:5m51s]
[#85a454 253MiB/342MiB(74%) CN:7 DL:248KiB ETA:6m6s]
[#85a454 253MiB/342MiB(74%) CN:7 DL:243KiB ETA:6m11s]
[#85a454 253MiB/342MiB(74%) CN:7 DL:231KiB ETA:6m31s]
[#85a454 254MiB/342MiB(74%) CN:7 DL:228KiB ETA:6m36s]
[#85a454 254MiB/342MiB(74%) CN:7 DL:249KiB ETA:6m2s]
[#85a454 254MiB/342MiB(74%) CN:7 DL:254KiB ETA:5m53s]
[#85a454 254MiB/342MiB(74%) CN:7 DL:238KiB ETA:6m17s]
 *** Download Progress Summary as of Thu Aug 13 08:08:14 2026 *** 
===============================================================================
[#85a454 255MiB/342MiB(74%) CN:7 DL:236KiB ETA:6m17s]
FILE: data/genetics/phase4a_raw/ischemic_stroke_GCST006910/MEGASTROKE.4.CES.EUR.out
-------------------------------------------------------------------------------

[#85a454 255MiB/342MiB(74%) CN:7 DL:236KiB ETA:6m17s]
[#85a454 255MiB/342MiB(74%) CN:7 DL:243KiB ETA:6m4s]
[#85a454 255MiB/342MiB(74%) CN:7 DL:223KiB ETA:6m37s]
[#85a454 256MiB/342MiB(74%) CN:7 DL:263KiB ETA:5m34s]
[#85a454 256MiB/342MiB(74%) CN:7 DL:252KiB ETA:5m49s]
[#85a454 256MiB/342MiB(74%) CN:7 DL:261KiB ETA:5m37s]
[#85a454 256MiB/342MiB(74%) CN:7 DL:232KiB ETA:6m18s]
[#85a454 256MiB/342MiB(75%) CN:7 DL:267KiB ETA:5m26s]
[#85a454 257MiB/342MiB(75%) CN:7 DL:218KiB ETA:6m39s]
[#85a454 257MiB/342MiB(75%) CN:7 DL:221KiB ETA:6m32s]
[#85a454 257MiB/342MiB(75%) CN:7 DL:245KiB ETA:5m52s]
[#85a454 257MiB/342MiB(75%) CN:7 DL:220KiB ETA:6m32s]
[#85a454 258MiB/342MiB(75%) CN:7 DL:215KiB ETA:6m40s]
[#85a454 258MiB/342MiB(75%) CN:7 DL:196KiB ETA:7m18s]
[#85a454 258MiB/342MiB(75%) CN:7 DL:243KiB ETA:5m52s]
[#85a454 258MiB/342MiB(75%) CN:7 DL:223KiB ETA:6m22s]
[#85a454 258MiB/342MiB(75%) CN:7 DL:217KiB ETA:6m33s]
[#85a454 259MiB/342MiB(75%) CN:7 DL:203KiB ETA:6m59s]
[#85a454 259MiB/342MiB(75%) CN:7 DL:145KiB ETA:9m45s]
[#85a454 259MiB/342MiB(75%) CN:7 DL:149KiB ETA:9m28s]
[#85a454 259MiB/342MiB(75%) CN:7 DL:138KiB ETA:10m12s]
[#85a454 259MiB/342MiB(75%) CN:7 DL:195KiB ETA:7m10s]
[#85a454 260MiB/342MiB(76%) CN:7 DL:187KiB ETA:7m27s]
[#85a454 260MiB/342MiB(76%) CN:7 DL:173KiB ETA:8m2s]
[#85a454 260MiB/342MiB(76%) CN:7 DL:187KiB ETA:7m26s]
[#85a454 260MiB/342MiB(76%) CN:7 DL:170KiB ETA:8m11s]
[#85a454 260MiB/342MiB(76%) CN:7 DL:206KiB ETA:6m43s]
 *** Download Progress Summary as of Thu Aug 13 08:08:44 2026 *** 
===============================================================================
[#85a454 261MiB/342MiB(76%) CN:7 DL:226KiB ETA:6m6s]
FILE: data/genetics/phase4a_raw/ischemic_stroke_GCST006910/MEGASTROKE.4.CES.EUR.out
-------------------------------------------------------------------------------

[#85a454 261MiB/342MiB(76%) CN:7 DL:226KiB ETA:6m6s]
[#85a454 261MiB/342MiB(76%) CN:7 DL:237KiB ETA:5m49s]
[#85a454 261MiB/342MiB(76%) CN:7 DL:252KiB ETA:5m26s]
[#85a454 261MiB/342MiB(76%) CN:7 DL:205KiB ETA:6m40s]
[#85a454 261MiB/342MiB(76%) CN:7 DL:174KiB ETA:7m53s]
[#85a454 261MiB/342MiB(76%) CN:7 DL:150KiB ETA:9m7s]
[#85a454 262MiB/342MiB(76%) CN:7 DL:204KiB ETA:6m40s]
[#85a454 262MiB/342MiB(76%) CN:7 DL:234KiB ETA:5m46s]
[#85a454 263MiB/342MiB(76%) CN:7 DL:220KiB ETA:6m7s]
[#85a454 263MiB/342MiB(76%) CN:7 DL:205KiB ETA:6m33s]
[#85a454 263MiB/342MiB(76%) CN:7 DL:203KiB ETA:6m36s]
[#85a454 263MiB/342MiB(76%) CN:7 DL:185KiB ETA:7m14s]
[#85a454 263MiB/342MiB(77%) CN:7 DL:215KiB ETA:6m13s]
[#85a454 264MiB/342MiB(77%) CN:7 DL:236KiB ETA:5m38s]
[#85a454 264MiB/342MiB(77%) CN:7 DL:270KiB ETA:4m55s]
[#85a454 264MiB/342MiB(77%) CN:7 DL:257KiB ETA:5m9s]
[#85a454 264MiB/342MiB(77%) CN:7 DL:228KiB ETA:5m47s]
[#85a454 265MiB/342MiB(77%) CN:7 DL:233KiB ETA:5m38s]
[#85a454 265MiB/342MiB(77%) CN:7 DL:217KiB ETA:6m3s]
[#85a454 265MiB/342MiB(77%) CN:7 DL:226KiB ETA:5m46s]
[#85a454 265MiB/342MiB(77%) CN:7 DL:232KiB ETA:5m37s]
[#85a454 266MiB/342MiB(77%) CN:7 DL:256KiB ETA:5m4s]
[#85a454 266MiB/342MiB(77%) CN:7 DL:231KiB ETA:5m36s]
[#85a454 266MiB/342MiB(77%) CN:7 DL:207KiB ETA:6m14s]
[#85a454 266MiB/342MiB(77%) CN:7 DL:199KiB ETA:6m29s]
[#85a454 266MiB/342MiB(77%) CN:7 DL:190KiB ETA:6m45s]
[#85a454 267MiB/342MiB(77%) CN:7 DL:187KiB ETA:6m51s]
[#85a454 267MiB/342MiB(78%) CN:7 DL:186KiB ETA:6m53s]
 *** Download Progress Summary as of Thu Aug 13 08:09:14 2026 *** 
===============================================================================
[#85a454 267MiB/342MiB(78%) CN:7 DL:182KiB ETA:7m1s]
FILE: data/genetics/phase4a_raw/ischemic_stroke_GCST006910/MEGASTROKE.4.CES.EUR.out
-------------------------------------------------------------------------------

[#85a454 267MiB/342MiB(78%) CN:7 DL:182KiB ETA:7m1s]
[#85a454 267MiB/342MiB(78%) CN:7 DL:175KiB ETA:7m17s]
[#85a454 267MiB/342MiB(78%) CN:7 DL:192KiB ETA:6m36s]
[#85a454 268MiB/342MiB(78%) CN:7 DL:183KiB ETA:6m55s]
[#85a454 268MiB/342MiB(78%) CN:7 DL:188KiB ETA:6m42s]
[#85a454 268MiB/342MiB(78%) CN:7 DL:188KiB ETA:6m41s]
[#85a454 268MiB/342MiB(78%) CN:7 DL:186KiB ETA:6m44s]
[#85a454 268MiB/342MiB(78%) CN:7 DL:183KiB ETA:6m51s]
[#85a454 269MiB/342MiB(78%) CN:7 DL:213KiB ETA:5m51s]
[#85a454 269MiB/342MiB(78%) CN:7 DL:228KiB ETA:5m26s]
[#85a454 269MiB/342MiB(78%) CN:7 DL:251KiB ETA:4m56s]
[#85a454 269MiB/342MiB(78%) CN:7 DL:213KiB ETA:5m48s]
[#85a454 270MiB/342MiB(78%) CN:7 DL:236KiB ETA:5m12s]
[#85a454 270MiB/342MiB(78%) CN:7 DL:216KiB ETA:5m41s]
[#85a454 270MiB/342MiB(78%) CN:7 DL:202KiB ETA:6m3s]
[#85a454 270MiB/342MiB(79%) CN:7 DL:240KiB ETA:5m3s]
[#85a454 271MiB/342MiB(79%) CN:7 DL:289KiB ETA:4m10s]
[#85a454 271MiB/342MiB(79%) CN:7 DL:294KiB ETA:4m5s]
[#85a454 272MiB/342MiB(79%) CN:7 DL:284KiB ETA:4m13s]
[#85a454 272MiB/342MiB(79%) CN:7 DL:290KiB ETA:4m7s]
[#85a454 272MiB/342MiB(79%) CN:7 DL:298KiB ETA:3m59s]
[#85a454 273MiB/342MiB(79%) CN:7 DL:300KiB ETA:3m56s]
[#85a454 273MiB/342MiB(79%) CN:7 DL:332KiB ETA:3m32s]
[#85a454 273MiB/342MiB(79%) CN:7 DL:373KiB ETA:3m8s]
[#85a454 273MiB/342MiB(79%) CN:7 DL:322KiB ETA:3m37s]
[#85a454 274MiB/342MiB(80%) CN:7 DL:284KiB ETA:4m5s]
[#85a454 274MiB/342MiB(80%) CN:7 DL:256KiB ETA:4m32s]
[#85a454 274MiB/342MiB(80%) CN:7 DL:284KiB ETA:4m3s]
[#85a454 275MiB/342MiB(80%) CN:7 DL:307KiB ETA:3m43s]
 *** Download Progress Summary as of Thu Aug 13 08:09:44 2026 *** 
===============================================================================
[#85a454 275MiB/342MiB(80%) CN:7 DL:310KiB ETA:3m40s]
FILE: data/genetics/phase4a_raw/ischemic_stroke_GCST006910/MEGASTROKE.4.CES.EUR.out
-------------------------------------------------------------------------------

[#85a454 275MiB/342MiB(80%) CN:7 DL:310KiB ETA:3m40s]
[#85a454 275MiB/342MiB(80%) CN:7 DL:313KiB ETA:3m36s]
[#85a454 276MiB/342MiB(80%) CN:7 DL:318KiB ETA:3m32s]
[#85a454 276MiB/342MiB(80%) CN:7 DL:297KiB ETA:3m46s]
[#85a454 276MiB/342MiB(80%) CN:7 DL:284KiB ETA:3m56s]
[#85a454 276MiB/342MiB(80%) CN:7 DL:297KiB ETA:3m45s]
[#85a454 277MiB/342MiB(80%) CN:7 DL:338KiB ETA:3m17s]
[#85a454 277MiB/342MiB(81%) CN:7 DL:309KiB ETA:3m34s]
[#85a454 277MiB/342MiB(81%) CN:7 DL:277KiB ETA:3m58s]
[#85a454 277MiB/342MiB(81%) CN:7 DL:250KiB ETA:4m23s]
[#85a454 278MiB/342MiB(81%) CN:7 DL:256KiB ETA:4m15s]
[#85a454 278MiB/342MiB(81%) CN:7 DL:246KiB ETA:4m24s]
[#85a454 278MiB/342MiB(81%) CN:7 DL:261KiB ETA:4m8s]
[#85a454 279MiB/342MiB(81%) CN:7 DL:296KiB ETA:3m38s]
[#85a454 279MiB/342MiB(81%) CN:7 DL:303KiB ETA:3m32s]
[#85a454 279MiB/342MiB(81%) CN:7 DL:264KiB ETA:4m3s]
[#85a454 279MiB/342MiB(81%) CN:7 DL:235KiB ETA:4m32s]
[#85a454 279MiB/342MiB(81%) CN:7 DL:226KiB ETA:4m42s]
[#85a454 280MiB/342MiB(81%) CN:7 DL:250KiB ETA:4m14s]
[#85a454 280MiB/342MiB(82%) CN:7 DL:287KiB ETA:3m39s]
[#85a454 281MiB/342MiB(82%) CN:7 DL:279KiB ETA:3m44s]
[#85a454 281MiB/342MiB(82%) CN:7 DL:250KiB ETA:4m9s]
[#85a454 282MiB/342MiB(82%) CN:7 DL:330KiB ETA:3m6s]
[#85a454 282MiB/342MiB(82%) CN:7 DL:324KiB ETA:3m9s]
[#85a454 282MiB/342MiB(82%) CN:7 DL:332KiB ETA:3m3s]
[#85a454 282MiB/342MiB(82%) CN:7 DL:322KiB ETA:3m9s]
[#85a454 282MiB/342MiB(82%) CN:7 DL:351KiB ETA:2m53s]
[#85a454 283MiB/342MiB(82%) CN:7 DL:383KiB ETA:2m36s]
[#85a454 284MiB/342MiB(83%) CN:7 DL:387KiB ETA:2m33s]
 *** Download Progress Summary as of Thu Aug 13 08:10:14 2026 *** 
===============================================================================
[#85a454 284MiB/342MiB(83%) CN:7 DL:407KiB ETA:2m24s]
FILE: data/genetics/phase4a_raw/ischemic_stroke_GCST006910/MEGASTROKE.4.CES.EUR.out
-------------------------------------------------------------------------------

[#85a454 284MiB/342MiB(83%) CN:7 DL:407KiB ETA:2m24s]
[#85a454 284MiB/342MiB(83%) CN:7 DL:391KiB ETA:2m30s]
[#85a454 284MiB/342MiB(83%) CN:7 DL:292KiB ETA:3m21s]
[#85a454 285MiB/342MiB(83%) CN:7 DL:284KiB ETA:3m26s]
[#85a454 286MiB/342MiB(83%) CN:7 DL:398KiB ETA:2m24s]
[#85a454 286MiB/342MiB(83%) CN:7 DL:434KiB ETA:2m10s]
[#85a454 287MiB/342MiB(83%) CN:7 DL:443KiB ETA:2m7s]
[#85a454 287MiB/342MiB(84%) CN:7 DL:396KiB ETA:2m21s]
[#85a454 287MiB/342MiB(84%) CN:7 DL:376KiB ETA:2m28s]
[#85a454 288MiB/342MiB(84%) CN:7 DL:340KiB ETA:2m43s]
[#85a454 288MiB/342MiB(84%) CN:7 DL:364KiB ETA:2m31s]
[#85a454 288MiB/342MiB(84%) CN:7 DL:406KiB ETA:2m15s]
[#85a454 289MiB/342MiB(84%) CN:7 DL:491KiB ETA:1m49s]
[#85a454 290MiB/342MiB(84%) CN:7 DL:444KiB ETA:2m]
[#85a454 290MiB/342MiB(84%) CN:7 DL:397KiB ETA:2m13s]
[#85a454 291MiB/342MiB(85%) CN:7 DL:429KiB ETA:2m2s]
[#85a454 291MiB/342MiB(85%) CN:7 DL:409KiB ETA:2m7s]
[#85a454 291MiB/342MiB(85%) CN:7 DL:400KiB ETA:2m9s]
[#85a454 291MiB/342MiB(85%) CN:7 DL:400KiB ETA:2m9s]
[#85a454 292MiB/342MiB(85%) CN:7 DL:425KiB ETA:2m]
[#85a454 293MiB/342MiB(85%) CN:7 DL:514KiB ETA:1m37s]
[#85a454 293MiB/342MiB(85%) CN:7 DL:457KiB ETA:1m48s]
[#85a454 294MiB/342MiB(85%) CN:7 DL:435KiB ETA:1m52s]
[#85a454 294MiB/342MiB(86%) CN:7 DL:447KiB ETA:1m48s]
[#85a454 295MiB/342MiB(86%) CN:7 DL:425KiB ETA:1m53s]
[#85a454 295MiB/342MiB(86%) CN:7 DL:437KiB ETA:1m49s]
[#85a454 295MiB/342MiB(86%) CN:7 DL:438KiB ETA:1m48s]
[#85a454 295MiB/342MiB(86%) CN:7 DL:426KiB ETA:1m51s]
 *** Download Progress Summary as of Thu Aug 13 08:10:45 2026 *** 
===============================================================================
[#85a454 297MiB/342MiB(86%) CN:7 DL:498KiB ETA:1m33s]
FILE: data/genetics/phase4a_raw/ischemic_stroke_GCST006910/MEGASTROKE.4.CES.EUR.out
-------------------------------------------------------------------------------

[#85a454 297MiB/342MiB(86%) CN:7 DL:498KiB ETA:1m33s]
[#85a454 297MiB/342MiB(86%) CN:7 DL:412KiB ETA:1m51s]
[#85a454 297MiB/342MiB(87%) CN:7 DL:420KiB ETA:1m48s]
[#85a454 298MiB/342MiB(87%) CN:7 DL:392KiB ETA:1m55s]
[#85a454 298MiB/342MiB(87%) CN:7 DL:362KiB ETA:2m4s]
[#85a454 298MiB/342MiB(87%) CN:7 DL:366KiB ETA:2m2s]
[#85a454 299MiB/342MiB(87%) CN:7 DL:395KiB ETA:1m51s]
[#85a454 299MiB/342MiB(87%) CN:7 DL:438KiB ETA:1m39s]
[#85a454 300MiB/342MiB(87%) CN:7 DL:495KiB ETA:1m26s]
[#85a454 300MiB/342MiB(87%) CN:7 DL:407KiB ETA:1m44s]
[#85a454 300MiB/342MiB(87%) CN:7 DL:353KiB ETA:2m]
[#85a454 300MiB/342MiB(87%) CN:7 DL:317KiB ETA:2m13s]
[#85a454 301MiB/342MiB(87%) CN:7 DL:338KiB ETA:2m4s]
[#85a454 302MiB/342MiB(88%) CN:7 DL:422KiB ETA:1m37s]
[#85a454 302MiB/342MiB(88%) CN:7 DL:430KiB ETA:1m34s]
[#85a454 302MiB/342MiB(88%) CN:7 DL:348KiB ETA:1m56s]
[#85a454 303MiB/342MiB(88%) CN:7 DL:343KiB ETA:1m56s]
[#85a454 303MiB/342MiB(88%) CN:7 DL:314KiB ETA:2m6s]
[#85a454 303MiB/342MiB(88%) CN:7 DL:330KiB ETA:1m59s]
[#85a454 304MiB/342MiB(88%) CN:7 DL:351KiB ETA:1m51s]
[#85a454 304MiB/342MiB(88%) CN:7 DL:349KiB ETA:1m51s]
[#85a454 304MiB/342MiB(88%) CN:7 DL:334KiB ETA:1m56s]
[#85a454 304MiB/342MiB(89%) CN:7 DL:293KiB ETA:2m10s]
[#85a454 305MiB/342MiB(89%) CN:7 DL:301KiB ETA:2m5s]
[#85a454 305MiB/342MiB(89%) CN:7 DL:297KiB ETA:2m6s]
[#85a454 305MiB/342MiB(89%) CN:7 DL:259KiB ETA:2m25s]
[#85a454 305MiB/342MiB(89%) CN:7 DL:217KiB ETA:2m52s]
[#85a454 306MiB/342MiB(89%) CN:7 DL:274KiB ETA:2m14s]
 *** Download Progress Summary as of Thu Aug 13 08:11:15 2026 *** 
===============================================================================
[#85a454 307MiB/342MiB(89%) CN:7 DL:360KiB ETA:1m39s]
FILE: data/genetics/phase4a_raw/ischemic_stroke_GCST006910/MEGASTROKE.4.CES.EUR.out
-------------------------------------------------------------------------------

[#85a454 307MiB/342MiB(89%) CN:7 DL:360KiB ETA:1m39s]
[#85a454 307MiB/342MiB(89%) CN:7 DL:358KiB ETA:1m39s]
[#85a454 307MiB/342MiB(89%) CN:7 DL:364KiB ETA:1m36s]
[#85a454 307MiB/342MiB(89%) CN:7 DL:313KiB ETA:1m52s]
[#85a454 307MiB/342MiB(89%) CN:7 DL:262KiB ETA:2m14s]
[#85a454 308MiB/342MiB(90%) CN:7 DL:334KiB ETA:1m44s]
[#85a454 309MiB/342MiB(90%) CN:7 DL:382KiB ETA:1m28s]
[#85a454 309MiB/342MiB(90%) CN:7 DL:435KiB ETA:1m16s]
[#85a454 309MiB/342MiB(90%) CN:7 DL:384KiB ETA:1m26s]
[#85a454 310MiB/342MiB(90%) CN:7 DL:326KiB ETA:1m40s]
[#85a454 310MiB/342MiB(90%) CN:7 DL:289KiB ETA:1m52s]
[#85a454 310MiB/342MiB(90%) CN:7 DL:281KiB ETA:1m55s]
[#85a454 311MiB/342MiB(90%) CN:7 DL:406KiB ETA:1m17s]
[#85a454 311MiB/342MiB(91%) CN:7 DL:401KiB ETA:1m18s]
[#85a454 312MiB/342MiB(91%) CN:7 DL:391KiB ETA:1m19s]
[#85a454 312MiB/342MiB(91%) CN:7 DL:339KiB ETA:1m30s]
[#85a454 312MiB/342MiB(91%) CN:7 DL:307KiB ETA:1m39s]
[#85a454 312MiB/342MiB(91%) CN:7 DL:286KiB ETA:1m46s]
[#85a454 312MiB/342MiB(91%) CN:7 DL:257KiB ETA:1m57s]
[#85a454 313MiB/342MiB(91%) CN:7 DL:331KiB ETA:1m29s]
[#85a454 313MiB/342MiB(91%) CN:7 DL:351KiB ETA:1m23s]
[#85a454 314MiB/342MiB(91%) CN:7 DL:301KiB ETA:1m36s]
[#85a454 314MiB/342MiB(91%) CN:7 DL:293KiB ETA:1m37s]
[#85a454 314MiB/342MiB(91%) CN:7 DL:270KiB ETA:1m45s]
[#85a454 314MiB/342MiB(91%) CN:7 DL:257KiB ETA:1m49s]
[#85a454 314MiB/342MiB(91%) CN:7 DL:243KiB ETA:1m55s]
[#85a454 315MiB/342MiB(92%) CN:7 DL:265KiB ETA:1m45s]
[#85a454 315MiB/342MiB(92%) CN:7 DL:288KiB ETA:1m35s]
[#85a454 315MiB/342MiB(92%) CN:7 DL:231KiB ETA:1m58s]
 *** Download Progress Summary as of Thu Aug 13 08:11:46 2026 *** 
===============================================================================
[#85a454 315MiB/342MiB(92%) CN:7 DL:234KiB ETA:1m55s]
FILE: data/genetics/phase4a_raw/ischemic_stroke_GCST006910/MEGASTROKE.4.CES.EUR.out
-------------------------------------------------------------------------------

[#85a454 315MiB/342MiB(92%) CN:7 DL:234KiB ETA:1m55s]
[#85a454 316MiB/342MiB(92%) CN:7 DL:203KiB ETA:2m12s]
[#85a454 316MiB/342MiB(92%) CN:7 DL:170KiB ETA:2m38s]
[#85a454 316MiB/342MiB(92%) CN:7 DL:179KiB ETA:2m28s]
[#85a454 316MiB/342MiB(92%) CN:7 DL:213KiB ETA:2m2s]
[#85a454 316MiB/342MiB(92%) CN:7 DL:194KiB ETA:2m14s]
[#85a454 317MiB/342MiB(92%) CN:7 DL:189KiB ETA:2m16s]
[#85a454 317MiB/342MiB(92%) CN:7 DL:188KiB ETA:2m16s]
[#85a454 317MiB/342MiB(92%) CN:7 DL:160KiB ETA:2m39s]
[#85a454 317MiB/342MiB(92%) CN:7 DL:159KiB ETA:2m39s]
[#85a454 317MiB/342MiB(92%) CN:7 DL:212KiB ETA:1m58s]
[#85a454 318MiB/342MiB(92%) CN:7 DL:210KiB ETA:1m58s]
[#85a454 318MiB/342MiB(93%) CN:7 DL:215KiB ETA:1m53s]
[#85a454 318MiB/342MiB(93%) CN:7 DL:199KiB ETA:2m2s]
[#85a454 318MiB/342MiB(93%) CN:7 DL:198KiB ETA:2m2s]
[#85a454 318MiB/342MiB(93%) CN:7 DL:178KiB ETA:2m15s]
[#85a454 319MiB/342MiB(93%) CN:7 DL:216KiB ETA:1m49s]
[#85a454 319MiB/342MiB(93%) CN:7 DL:238KiB ETA:1m37s]
[#85a454 319MiB/342MiB(93%) CN:7 DL:266KiB ETA:1m26s]
[#85a454 320MiB/342MiB(93%) CN:7 DL:266KiB ETA:1m24s]
[#85a454 320MiB/342MiB(93%) CN:7 DL:264KiB ETA:1m24s]
[#85a454 320MiB/342MiB(93%) CN:7 DL:255KiB ETA:1m26s]
[#85a454 320MiB/342MiB(93%) CN:7 DL:244KiB ETA:1m29s]
[#85a454 321MiB/342MiB(93%) CN:7 DL:259KiB ETA:1m23s]
[#85a454 321MiB/342MiB(93%) CN:7 DL:271KiB ETA:1m18s]
[#85a454 321MiB/342MiB(93%) CN:7 DL:268KiB ETA:1m18s]
[#85a454 322MiB/342MiB(94%) CN:7 DL:267KiB ETA:1m17s]
[#85a454 322MiB/342MiB(94%) CN:7 DL:256KiB ETA:1m19s]
 *** Download Progress Summary as of Thu Aug 13 08:12:16 2026 *** 
===============================================================================
[#85a454 322MiB/342MiB(94%) CN:7 DL:232KiB ETA:1m27s]
FILE: data/genetics/phase4a_raw/ischemic_stroke_GCST006910/MEGASTROKE.4.CES.EUR.out
-------------------------------------------------------------------------------

[#85a454 322MiB/342MiB(94%) CN:7 DL:232KiB ETA:1m27s]
[#85a454 322MiB/342MiB(94%) CN:7 DL:240KiB ETA:1m23s]
[#85a454 323MiB/342MiB(94%) CN:7 DL:232KiB ETA:1m25s]
[#85a454 323MiB/342MiB(94%) CN:7 DL:249KiB ETA:1m18s]
[#85a454 323MiB/342MiB(94%) CN:7 DL:275KiB ETA:1m9s]
[#85a454 324MiB/342MiB(94%) CN:7 DL:288KiB ETA:1m5s]
[#85a454 324MiB/342MiB(94%) CN:7 DL:280KiB ETA:1m5s]
[#85a454 324MiB/342MiB(94%) CN:7 DL:259KiB ETA:1m10s]
[#85a454 324MiB/342MiB(94%) CN:7 DL:268KiB ETA:1m7s]
[#85a454 325MiB/342MiB(94%) CN:7 DL:279KiB ETA:1m3s]
[#85a454 325MiB/342MiB(95%) CN:7 DL:284KiB ETA:1m1s]
[#85a454 325MiB/342MiB(95%) CN:7 DL:293KiB ETA:58s]
[#85a454 325MiB/342MiB(95%) CN:7 DL:304KiB ETA:55s]
[#85a454 326MiB/342MiB(95%) CN:7 DL:281KiB ETA:58s]
[#85a454 326MiB/342MiB(95%) CN:7 DL:262KiB ETA:1m2s]
[#85a454 326MiB/342MiB(95%) CN:7 DL:243KiB ETA:1m6s]
[#85a454 326MiB/342MiB(95%) CN:7 DL:253KiB ETA:1m2s]
[#85a454 327MiB/342MiB(95%) CN:7 DL:255KiB ETA:1m1s]
[#85a454 327MiB/342MiB(95%) CN:7 DL:252KiB ETA:1m]
[#85a454 327MiB/342MiB(95%) CN:7 DL:256KiB ETA:58s]
[#85a454 328MiB/342MiB(95%) CN:7 DL:274KiB ETA:52s]
[#85a454 328MiB/342MiB(95%) CN:7 DL:273KiB ETA:51s]
[#85a454 328MiB/342MiB(96%) CN:7 DL:264KiB ETA:52s]
[#85a454 329MiB/342MiB(96%) CN:7 DL:287KiB ETA:47s]
[#85a454 329MiB/342MiB(96%) CN:7 DL:289KiB ETA:46s]
[#85a454 329MiB/342MiB(96%) CN:7 DL:294KiB ETA:44s]
[#85a454 330MiB/342MiB(96%) CN:7 DL:309KiB ETA:40s]
[#85a454 330MiB/342MiB(96%) CN:7 DL:316KiB ETA:39s]
[#85a454 330MiB/342MiB(96%) CN:7 DL:317KiB ETA:37s]
 *** Download Progress Summary as of Thu Aug 13 08:12:47 2026 *** 
===============================================================================
[#85a454 331MiB/342MiB(96%) CN:7 DL:303KiB ETA:38s]
FILE: data/genetics/phase4a_raw/ischemic_stroke_GCST006910/MEGASTROKE.4.CES.EUR.out
-------------------------------------------------------------------------------

[#85a454 331MiB/342MiB(96%) CN:7 DL:303KiB ETA:38s]
[#85a454 331MiB/342MiB(96%) CN:7 DL:319KiB ETA:35s]
[#85a454 331MiB/342MiB(96%) CN:7 DL:322KiB ETA:33s]
[#85a454 331MiB/342MiB(96%) CN:7 DL:280KiB ETA:38s]
[#85a454 332MiB/342MiB(96%) CN:7 DL:287KiB ETA:36s]
[#85a454 332MiB/342MiB(97%) CN:7 DL:312KiB ETA:32s]
[#85a454 332MiB/342MiB(97%) CN:7 DL:288KiB ETA:33s]
[#85a454 333MiB/342MiB(97%) CN:7 DL:306KiB ETA:30s]
[#85a454 333MiB/342MiB(97%) CN:7 DL:302KiB ETA:29s]
[#85a454 333MiB/342MiB(97%) CN:7 DL:300KiB ETA:29s]
[#85a454 333MiB/342MiB(97%) CN:7 DL:268KiB ETA:32s]
[#85a454 334MiB/342MiB(97%) CN:7 DL:254KiB ETA:33s]
[#85a454 334MiB/342MiB(97%) CN:7 DL:255KiB ETA:32s]
[#85a454 335MiB/342MiB(97%) CN:7 DL:316KiB ETA:23s]
[#85a454 335MiB/342MiB(98%) CN:7 DL:314KiB ETA:22s]
[#85a454 336MiB/342MiB(98%) CN:7 DL:321KiB ETA:19s]
[#85a454 336MiB/342MiB(98%) CN:7 DL:338KiB ETA:17s]
[#85a454 336MiB/342MiB(98%) CN:7 DL:317KiB ETA:18s]
[#85a454 337MiB/342MiB(98%) CN:7 DL:350KiB ETA:15s]
[#85a454 337MiB/342MiB(98%) CN:7 DL:371KiB ETA:13s]
[#85a454 337MiB/342MiB(98%) CN:7 DL:411KiB ETA:11s]
[#85a454 338MiB/342MiB(98%) CN:7 DL:410KiB ETA:10s]
[#85a454 338MiB/342MiB(98%) CN:6 DL:340KiB ETA:12s]
[#85a454 338MiB/342MiB(98%) CN:6 DL:301KiB ETA:13s]
[#85a454 338MiB/342MiB(98%) CN:5 DL:261KiB ETA:14s]
[#85a454 338MiB/342MiB(98%) CN:5 DL:240KiB ETA:14s]
[#85a454 338MiB/342MiB(98%) CN:5 DL:228KiB ETA:15s]
[#85a454 339MiB/342MiB(99%) CN:5 DL:210KiB ETA:15s]
 *** Download Progress Summary as of Thu Aug 13 08:13:17 2026 *** 
===============================================================================
[#85a454 339MiB/342MiB(99%) CN:5 DL:177KiB ETA:18s]
FILE: data/genetics/phase4a_raw/ischemic_stroke_GCST006910/MEGASTROKE.4.CES.EUR.out
-------------------------------------------------------------------------------

[#85a454 339MiB/342MiB(99%) CN:5 DL:177KiB ETA:18s]
[#85a454 339MiB/342MiB(99%) CN:5 DL:150KiB ETA:21s]
[#85a454 339MiB/342MiB(99%) CN:5 DL:114KiB ETA:27s]
[#85a454 339MiB/342MiB(99%) CN:5 DL:92KiB ETA:33s]
[#85a454 339MiB/342MiB(99%) CN:5 DL:81KiB ETA:37s]
[#85a454 339MiB/342MiB(99%) CN:5 DL:66KiB ETA:44s]
[#85a454 339MiB/342MiB(99%) CN:5 DL:62KiB ETA:47s]
[#85a454 339MiB/342MiB(99%) CN:5 DL:67KiB ETA:38s]
[#85a454 340MiB/342MiB(99%) CN:5 DL:97KiB ETA:23s]
[#85a454 340MiB/342MiB(99%) CN:5 DL:93KiB ETA:24s]
[#85a454 340MiB/342MiB(99%) CN:5 DL:117KiB ETA:16s]
[#85a454 340MiB/342MiB(99%) CN:5 DL:118KiB ETA:15s]
[#85a454 340MiB/342MiB(99%) CN:5 DL:119KiB ETA:15s]
[#85a454 340MiB/342MiB(99%) CN:4 DL:119KiB ETA:15s]
[#85a454 340MiB/342MiB(99%) CN:4 DL:99KiB ETA:16s]
[#85a454 340MiB/342MiB(99%) CN:4 DL:103KiB ETA:14s]
[#85a454 340MiB/342MiB(99%) CN:4 DL:84KiB ETA:17s]
[#85a454 340MiB/342MiB(99%) CN:4 DL:57KiB ETA:24s]
[#85a454 340MiB/342MiB(99%) CN:4 DL:52KiB ETA:27s]
[#85a454 341MiB/342MiB(99%) CN:4 DL:49KiB ETA:28s]
[#85a454 341MiB/342MiB(99%) CN:4 DL:47KiB ETA:29s]
[#85a454 341MiB/342MiB(99%) CN:4 DL:41KiB ETA:33s]
[#85a454 341MiB/342MiB(99%) CN:4 DL:30KiB ETA:43s]
[#85a454 341MiB/342MiB(99%) CN:4 DL:24KiB ETA:52s]
 *** Download Progress Summary as of Thu Aug 13 08:13:48 2026 *** 
===============================================================================
[#85a454 341MiB/342MiB(99%) CN:4 DL:29KiB ETA:39s]
FILE: data/genetics/phase4a_raw/ischemic_stroke_GCST006910/MEGASTROKE.4.CES.EUR.out
-------------------------------------------------------------------------------

[#85a454 341MiB/342MiB(99%) CN:4 DL:29KiB ETA:39s]
[#85a454 341MiB/342MiB(99%) CN:4 DL:31KiB ETA:35s]
[#85a454 341MiB/342MiB(99%) CN:4 DL:42KiB ETA:23s]
[#85a454 341MiB/342MiB(99%) CN:4 DL:53KiB ETA:16s]
[#85a454 341MiB/342MiB(99%) CN:4 DL:67KiB ETA:10s]
[#85a454 341MiB/342MiB(99%) CN:3 DL:85KiB ETA:5s]
[#85a454 341MiB/342MiB(99%) CN:3 DL:84KiB ETA:5s]
[#85a454 342MiB/342MiB(99%) CN:2 DL:87KiB ETA:4s]
[#85a454 342MiB/342MiB(99%) CN:2 DL:82KiB ETA:4s]
[#85a454 342MiB/342MiB(99%) CN:2 DL:74KiB ETA:4s]
[#85a454 342MiB/342MiB(99%) CN:2 DL:68KiB ETA:4s]
[#85a454 342MiB/342MiB(99%) CN:2 DL:59KiB ETA:3s]
[#85a454 342MiB/342MiB(99%) CN:2 DL:62KiB ETA:2s]
[#85a454 342MiB/342MiB(99%) CN:1 DL:40KiB ETA:2s]
[#85a454 342MiB/342MiB(99%) CN:1 DL:34KiB ETA:3s]
[#85a454 342MiB/342MiB(99%) CN:1 DL:30KiB ETA:2s]
[#85a454 342MiB/342MiB(99%) CN:1 DL:32KiB]

08/13 08:14:09 [[1;32mNOTICE[0m] Download complete: data/genetics/phase4a_raw/ischemic_stroke_GCST006910/MEGASTROKE.4.CES.EUR.out

Download Results:
gid   |stat|avg speed  |path/URI
======+====+===========+=======================================================
85a454|OK  |   297KiB/s|data/genetics/phase4a_raw/ischemic_stroke_GCST006910/MEGASTROKE.4.CES.EUR.out

Status Legend:
(OK):download completed.
