[2026-08-13T07:38:57+0800] ARIA2 START https://ftp.ebi.ac.uk/pub/databases/gwas/summary_statistics/GCST90243001-GCST90244000/GCST90243956/GCST90243956.tsv

08/13 07:38:57 [[1;32mNOTICE[0m] Downloading 1 item(s)
[#e402f3 35MiB/731MiB(4%) CN:8 DL:0B]
[#e402f3 35MiB/731MiB(4%) CN:8 DL:388KiB ETA:30m34s]
[#e402f3 35MiB/731MiB(4%) CN:8 DL:531KiB ETA:22m19s]
[#e402f3 36MiB/731MiB(5%) CN:8 DL:655KiB ETA:18m5s]
[#e402f3 37MiB/731MiB(5%) CN:8 DL:701KiB ETA:16m52s]
[#e402f3 38MiB/731MiB(5%) CN:8 DL:738KiB ETA:16m1s]
[#e402f3 39MiB/731MiB(5%) CN:8 DL:742KiB ETA:15m55s]
[#e402f3 39MiB/731MiB(5%) CN:8 DL:769KiB ETA:15m20s]
[#e402f3 40MiB/731MiB(5%) CN:8 DL:777KiB ETA:15m9s]
[#e402f3 41MiB/731MiB(5%) CN:8 DL:794KiB ETA:14m49s]
[#e402f3 42MiB/731MiB(5%) CN:8 DL:802KiB ETA:14m38s]
[#e402f3 43MiB/731MiB(5%) CN:8 DL:835KiB ETA:14m3s]
[#e402f3 44MiB/731MiB(6%) CN:8 DL:869KiB ETA:13m29s]
[#e402f3 45MiB/731MiB(6%) CN:8 DL:879KiB ETA:13m19s]
[#e402f3 45MiB/731MiB(6%) CN:8 DL:857KiB ETA:13m38s]
[#e402f3 46MiB/731MiB(6%) CN:8 DL:875KiB ETA:13m21s]
[#e402f3 47MiB/731MiB(6%) CN:8 DL:844KiB ETA:13m49s]
[#e402f3 48MiB/731MiB(6%) CN:8 DL:868KiB ETA:13m25s]
[#e402f3 49MiB/731MiB(6%) CN:8 DL:845KiB ETA:13m47s]
[#e402f3 49MiB/731MiB(6%) CN:8 DL:832KiB ETA:13m58s]
[#e402f3 50MiB/731MiB(6%) CN:8 DL:823KiB ETA:14m6s]
[#e402f3 51MiB/731MiB(7%) CN:8 DL:827KiB ETA:14m1s]
[#e402f3 52MiB/731MiB(7%) CN:8 DL:791KiB ETA:14m38s]
[#e402f3 52MiB/731MiB(7%) CN:8 DL:797KiB ETA:14m31s]
[#e402f3 53MiB/731MiB(7%) CN:8 DL:816KiB ETA:14m10s]
[#e402f3 54MiB/731MiB(7%) CN:8 DL:803KiB ETA:14m23s]
[#e402f3 55MiB/731MiB(7%) CN:8 DL:788KiB ETA:14m38s]
[#e402f3 56MiB/731MiB(7%) CN:8 DL:807KiB ETA:14m16s]
[#e402f3 57MiB/731MiB(7%) CN:8 DL:829KiB ETA:13m52s]
 *** Download Progress Summary as of Thu Aug 13 07:39:27 2026 *** 
===============================================================================
[#e402f3 57MiB/731MiB(7%) CN:8 DL:841KiB ETA:13m39s]
FILE: data/genetics/phase4a_raw/psoriatic_arthritis_GCST90243956/GCST90243956.tsv
-------------------------------------------------------------------------------

[#e402f3 57MiB/731MiB(7%) CN:8 DL:841KiB ETA:13m39s]
[#e402f3 58MiB/731MiB(8%) CN:8 DL:822KiB ETA:13m57s]
[#e402f3 60MiB/731MiB(8%) CN:8 DL:851KiB ETA:13m27s]
[#e402f3 60MiB/731MiB(8%) CN:8 DL:848KiB ETA:13m29s]
[#e402f3 61MiB/731MiB(8%) CN:8 DL:849KiB ETA:13m26s]
[#e402f3 62MiB/731MiB(8%) CN:8 DL:866KiB ETA:13m9s]
[#e402f3 63MiB/731MiB(8%) CN:8 DL:889KiB ETA:12m48s]
[#e402f3 64MiB/731MiB(8%) CN:8 DL:882KiB ETA:12m53s]
[#e402f3 65MiB/731MiB(8%) CN:8 DL:870KiB ETA:13m3s]
[#e402f3 66MiB/731MiB(9%) CN:8 DL:862KiB ETA:13m9s]
[#e402f3 66MiB/731MiB(9%) CN:8 DL:838KiB ETA:13m32s]
[#e402f3 67MiB/731MiB(9%) CN:8 DL:865KiB ETA:13m5s]
[#e402f3 68MiB/731MiB(9%) CN:8 DL:874KiB ETA:12m56s]
[#e402f3 69MiB/731MiB(9%) CN:8 DL:861KiB ETA:13m6s]
[#e402f3 70MiB/731MiB(9%) CN:8 DL:851KiB ETA:13m14s]
[#e402f3 71MiB/731MiB(9%) CN:8 DL:848KiB ETA:13m16s]
[#e402f3 71MiB/731MiB(9%) CN:8 DL:829KiB ETA:13m34s]
[#e402f3 72MiB/731MiB(9%) CN:8 DL:836KiB ETA:13m26s]
[#e402f3 73MiB/731MiB(10%) CN:8 DL:838KiB ETA:13m23s]
[#e402f3 74MiB/731MiB(10%) CN:8 DL:875KiB ETA:12m47s]
[#e402f3 75MiB/731MiB(10%) CN:8 DL:855KiB ETA:13m5s]
[#e402f3 76MiB/731MiB(10%) CN:8 DL:849KiB ETA:13m9s]
[#e402f3 77MiB/731MiB(10%) CN:8 DL:828KiB ETA:13m28s]
[#e402f3 77MiB/731MiB(10%) CN:8 DL:841KiB ETA:13m15s]
[#e402f3 79MiB/731MiB(10%) CN:8 DL:851KiB ETA:13m4s]
[#e402f3 79MiB/731MiB(10%) CN:8 DL:844KiB ETA:13m10s]
[#e402f3 80MiB/731MiB(11%) CN:8 DL:830KiB ETA:13m22s]
[#e402f3 81MiB/731MiB(11%) CN:8 DL:839KiB ETA:13m12s]
[#e402f3 82MiB/731MiB(11%) CN:8 DL:866KiB ETA:12m46s]
 *** Download Progress Summary as of Thu Aug 13 07:39:58 2026 *** 
===============================================================================
[#e402f3 83MiB/731MiB(11%) CN:8 DL:847KiB ETA:13m3s]
FILE: data/genetics/phase4a_raw/psoriatic_arthritis_GCST90243956/GCST90243956.tsv
-------------------------------------------------------------------------------

[#e402f3 83MiB/731MiB(11%) CN:8 DL:847KiB ETA:13m3s]
[#e402f3 83MiB/731MiB(11%) CN:8 DL:840KiB ETA:13m9s]
[#e402f3 84MiB/731MiB(11%) CN:8 DL:846KiB ETA:13m2s]
[#e402f3 85MiB/731MiB(11%) CN:8 DL:853KiB ETA:12m54s]
[#e402f3 86MiB/731MiB(11%) CN:8 DL:806KiB ETA:13m38s]
[#e402f3 87MiB/731MiB(11%) CN:8 DL:816KiB ETA:13m28s]
[#e402f3 88MiB/731MiB(12%) CN:8 DL:833KiB ETA:13m10s]
[#e402f3 89MiB/731MiB(12%) CN:8 DL:862KiB ETA:12m42s]
[#e402f3 90MiB/731MiB(12%) CN:8 DL:848KiB ETA:12m54s]
[#e402f3 90MiB/731MiB(12%) CN:8 DL:867KiB ETA:12m36s]
[#e402f3 91MiB/731MiB(12%) CN:8 DL:865KiB ETA:12m36s]
[#e402f3 92MiB/731MiB(12%) CN:8 DL:886KiB ETA:12m18s]
[#e402f3 93MiB/731MiB(12%) CN:8 DL:871KiB ETA:12m29s]
[#e402f3 94MiB/731MiB(12%) CN:8 DL:835KiB ETA:13m1s]
[#e402f3 95MiB/731MiB(13%) CN:8 DL:877KiB ETA:12m22s]
[#e402f3 96MiB/731MiB(13%) CN:8 DL:879KiB ETA:12m20s]
[#e402f3 96MiB/731MiB(13%) CN:8 DL:885KiB ETA:12m13s]
[#e402f3 97MiB/731MiB(13%) CN:8 DL:863KiB ETA:12m31s]
[#e402f3 98MiB/731MiB(13%) CN:8 DL:891KiB ETA:12m6s]
[#e402f3 99MiB/731MiB(13%) CN:8 DL:888KiB ETA:12m8s]
[#e402f3 100MiB/731MiB(13%) CN:8 DL:897KiB ETA:12m]
[#e402f3 101MiB/731MiB(13%) CN:8 DL:891KiB ETA:12m4s]
[#e402f3 102MiB/731MiB(13%) CN:8 DL:0.9MiB ETA:11m29s]
[#e402f3 103MiB/731MiB(14%) CN:8 DL:919KiB ETA:11m39s]
[#e402f3 103MiB/731MiB(14%) CN:8 DL:874KiB ETA:12m15s]
[#e402f3 104MiB/731MiB(14%) CN:8 DL:847KiB ETA:12m37s]
[#e402f3 105MiB/731MiB(14%) CN:8 DL:853KiB ETA:12m31s]
[#e402f3 105MiB/731MiB(14%) CN:8 DL:821KiB ETA:13m]
[#e402f3 106MiB/731MiB(14%) CN:8 DL:799KiB ETA:13m20s]
[#e402f3 107MiB/731MiB(14%) CN:8 DL:729KiB ETA:14m35s]
 *** Download Progress Summary as of Thu Aug 13 07:40:29 2026 *** 
===============================================================================
[#e402f3 108MiB/731MiB(14%) CN:8 DL:714KiB ETA:14m53s]
FILE: data/genetics/phase4a_raw/psoriatic_arthritis_GCST90243956/GCST90243956.tsv
-------------------------------------------------------------------------------

[#e402f3 108MiB/731MiB(14%) CN:8 DL:714KiB ETA:14m53s]
[#e402f3 109MiB/731MiB(14%) CN:8 DL:745KiB ETA:14m14s]
[#e402f3 110MiB/731MiB(15%) CN:8 DL:737KiB ETA:14m22s]
[#e402f3 110MiB/731MiB(15%) CN:8 DL:757KiB ETA:13m58s]
[#e402f3 111MiB/731MiB(15%) CN:8 DL:767KiB ETA:13m47s]
[#e402f3 112MiB/731MiB(15%) CN:8 DL:814KiB ETA:12m58s]
[#e402f3 113MiB/731MiB(15%) CN:8 DL:863KiB ETA:12m12s]
[#e402f3 114MiB/731MiB(15%) CN:8 DL:849KiB ETA:12m23s]
[#e402f3 115MiB/731MiB(15%) CN:8 DL:878KiB ETA:11m58s]
[#e402f3 116MiB/731MiB(15%) CN:8 DL:885KiB ETA:11m51s]
[#e402f3 117MiB/731MiB(16%) CN:8 DL:885KiB ETA:11m50s]
[#e402f3 117MiB/731MiB(16%) CN:8 DL:863KiB ETA:12m8s]
[#e402f3 118MiB/731MiB(16%) CN:8 DL:825KiB ETA:12m40s]
[#e402f3 119MiB/731MiB(16%) CN:8 DL:837KiB ETA:12m28s]
[#e402f3 120MiB/731MiB(16%) CN:8 DL:858KiB ETA:12m9s]
[#e402f3 121MiB/731MiB(16%) CN:8 DL:832KiB ETA:12m30s]
[#e402f3 122MiB/731MiB(16%) CN:8 DL:845KiB ETA:12m17s]
[#e402f3 123MiB/731MiB(16%) CN:8 DL:847KiB ETA:12m15s]
[#e402f3 124MiB/731MiB(16%) CN:8 DL:883KiB ETA:11m44s]
[#e402f3 124MiB/731MiB(17%) CN:8 DL:883KiB ETA:11m42s]
[#e402f3 125MiB/731MiB(17%) CN:8 DL:886KiB ETA:11m39s]
[#e402f3 126MiB/731MiB(17%) CN:8 DL:888KiB ETA:11m37s]
[#e402f3 127MiB/731MiB(17%) CN:8 DL:917KiB ETA:11m14s]
[#e402f3 128MiB/731MiB(17%) CN:8 DL:920KiB ETA:11m10s]
[#e402f3 129MiB/731MiB(17%) CN:8 DL:913KiB ETA:11m14s]
[#e402f3 130MiB/731MiB(17%) CN:8 DL:909KiB ETA:11m16s]
[#e402f3 131MiB/731MiB(17%) CN:8 DL:909KiB ETA:11m15s]
[#e402f3 132MiB/731MiB(18%) CN:8 DL:907KiB ETA:11m16s]
[#e402f3 133MiB/731MiB(18%) CN:8 DL:903KiB ETA:11m18s]
[#e402f3 134MiB/731MiB(18%) CN:8 DL:903KiB ETA:11m16s]
 *** Download Progress Summary as of Thu Aug 13 07:41:00 2026 *** 
===============================================================================
[#e402f3 135MiB/731MiB(18%) CN:8 DL:903KiB ETA:11m15s]
FILE: data/genetics/phase4a_raw/psoriatic_arthritis_GCST90243956/GCST90243956.tsv
-------------------------------------------------------------------------------

[#e402f3 135MiB/731MiB(18%) CN:8 DL:903KiB ETA:11m15s]
[#e402f3 136MiB/731MiB(18%) CN:8 DL:899KiB ETA:11m17s]
[#e402f3 136MiB/731MiB(18%) CN:8 DL:895KiB ETA:11m20s]
[#e402f3 137MiB/731MiB(18%) CN:8 DL:881KiB ETA:11m30s]
[#e402f3 138MiB/731MiB(18%) CN:8 DL:873KiB ETA:11m35s]
[#e402f3 139MiB/731MiB(19%) CN:8 DL:872KiB ETA:11m34s]
[#e402f3 140MiB/731MiB(19%) CN:8 DL:871KiB ETA:11m34s]
[#e402f3 141MiB/731MiB(19%) CN:8 DL:871KiB ETA:11m33s]
[#e402f3 142MiB/731MiB(19%) CN:8 DL:852KiB ETA:11m48s]
[#e402f3 143MiB/731MiB(19%) CN:8 DL:861KiB ETA:11m39s]
[#e402f3 143MiB/731MiB(19%) CN:8 DL:847KiB ETA:11m50s]
[#e402f3 144MiB/731MiB(19%) CN:8 DL:842KiB ETA:11m53s]
[#e402f3 145MiB/731MiB(19%) CN:8 DL:834KiB ETA:11m59s]
[#e402f3 146MiB/731MiB(19%) CN:8 DL:808KiB ETA:12m21s]
[#e402f3 147MiB/731MiB(20%) CN:8 DL:852KiB ETA:11m42s]
[#e402f3 147MiB/731MiB(20%) CN:8 DL:818KiB ETA:12m10s]
[#e402f3 148MiB/731MiB(20%) CN:8 DL:803KiB ETA:12m23s]
[#e402f3 149MiB/731MiB(20%) CN:8 DL:800KiB ETA:12m25s]
[#e402f3 150MiB/731MiB(20%) CN:8 DL:816KiB ETA:12m8s]
[#e402f3 150MiB/731MiB(20%) CN:8 DL:811KiB ETA:12m12s]
[#e402f3 151MiB/731MiB(20%) CN:8 DL:791KiB ETA:12m30s]
[#e402f3 152MiB/731MiB(20%) CN:8 DL:830KiB ETA:11m53s]
[#e402f3 153MiB/731MiB(20%) CN:8 DL:827KiB ETA:11m55s]
[#e402f3 154MiB/731MiB(21%) CN:8 DL:832KiB ETA:11m50s]
[#e402f3 155MiB/731MiB(21%) CN:8 DL:867KiB ETA:11m19s]
[#e402f3 156MiB/731MiB(21%) CN:8 DL:859KiB ETA:11m25s]
[#e402f3 157MiB/731MiB(21%) CN:8 DL:870KiB ETA:11m16s]
[#e402f3 158MiB/731MiB(21%) CN:8 DL:886KiB ETA:11m2s]
[#e402f3 158MiB/731MiB(21%) CN:8 DL:887KiB ETA:11m]
[#e402f3 159MiB/731MiB(21%) CN:8 DL:892KiB ETA:10m55s]
 *** Download Progress Summary as of Thu Aug 13 07:41:31 2026 *** 
===============================================================================
[#e402f3 160MiB/731MiB(21%) CN:8 DL:889KiB ETA:10m56s]
FILE: data/genetics/phase4a_raw/psoriatic_arthritis_GCST90243956/GCST90243956.tsv
-------------------------------------------------------------------------------

[#e402f3 160MiB/731MiB(21%) CN:8 DL:889KiB ETA:10m56s]
[#e402f3 161MiB/731MiB(22%) CN:8 DL:887KiB ETA:10m58s]
[#e402f3 162MiB/731MiB(22%) CN:8 DL:849KiB ETA:11m26s]
[#e402f3 163MiB/731MiB(22%) CN:8 DL:870KiB ETA:11m8s]
[#e402f3 164MiB/731MiB(22%) CN:8 DL:861KiB ETA:11m14s]
[#e402f3 164MiB/731MiB(22%) CN:8 DL:855KiB ETA:11m17s]
[#e402f3 165MiB/731MiB(22%) CN:8 DL:833KiB ETA:11m34s]
[#e402f3 166MiB/731MiB(22%) CN:8 DL:850KiB ETA:11m20s]
[#e402f3 167MiB/731MiB(22%) CN:8 DL:846KiB ETA:11m22s]
[#e402f3 168MiB/731MiB(23%) CN:8 DL:843KiB ETA:11m23s]
[#e402f3 169MiB/731MiB(23%) CN:8 DL:828KiB ETA:11m35s]
[#e402f3 170MiB/731MiB(23%) CN:8 DL:830KiB ETA:11m32s]
[#e402f3 170MiB/731MiB(23%) CN:8 DL:811KiB ETA:11m47s]
[#e402f3 171MiB/731MiB(23%) CN:8 DL:808KiB ETA:11m49s]
[#e402f3 172MiB/731MiB(23%) CN:8 DL:802KiB ETA:11m53s]
[#e402f3 172MiB/731MiB(23%) CN:8 DL:776KiB ETA:12m16s]
[#e402f3 173MiB/731MiB(23%) CN:8 DL:781KiB ETA:12m11s]
[#e402f3 174MiB/731MiB(23%) CN:8 DL:778KiB ETA:12m12s]
[#e402f3 175MiB/731MiB(23%) CN:8 DL:750KiB ETA:12m39s]
[#e402f3 175MiB/731MiB(24%) CN:8 DL:737KiB ETA:12m51s]
[#e402f3 176MiB/731MiB(24%) CN:8 DL:715KiB ETA:13m14s]
[#e402f3 177MiB/731MiB(24%) CN:8 DL:687KiB ETA:13m45s]
[#e402f3 177MiB/731MiB(24%) CN:8 DL:662KiB ETA:14m15s]
[#e402f3 178MiB/731MiB(24%) CN:8 DL:674KiB ETA:13m59s]
[#e402f3 179MiB/731MiB(24%) CN:8 DL:633KiB ETA:14m53s]
[#e402f3 179MiB/731MiB(24%) CN:8 DL:623KiB ETA:15m6s]
[#e402f3 180MiB/731MiB(24%) CN:8 DL:636KiB ETA:14m46s]
[#e402f3 181MiB/731MiB(24%) CN:8 DL:593KiB ETA:15m49s]
[#e402f3 181MiB/731MiB(24%) CN:8 DL:587KiB ETA:15m59s]
 *** Download Progress Summary as of Thu Aug 13 07:42:01 2026 *** 
===============================================================================
[#e402f3 182MiB/731MiB(24%) CN:8 DL:604KiB ETA:15m29s]
FILE: data/genetics/phase4a_raw/psoriatic_arthritis_GCST90243956/GCST90243956.tsv
-------------------------------------------------------------------------------

[#e402f3 182MiB/731MiB(24%) CN:8 DL:604KiB ETA:15m29s]
[#e402f3 182MiB/731MiB(24%) CN:8 DL:559KiB ETA:16m45s]
[#e402f3 183MiB/731MiB(25%) CN:8 DL:575KiB ETA:16m15s]
[#e402f3 183MiB/731MiB(25%) CN:8 DL:536KiB ETA:17m25s]
[#e402f3 184MiB/731MiB(25%) CN:8 DL:481KiB ETA:19m24s]
[#e402f3 185MiB/731MiB(25%) CN:8 DL:545KiB ETA:17m5s]
[#e402f3 185MiB/731MiB(25%) CN:8 DL:535KiB ETA:17m22s]
[#e402f3 186MiB/731MiB(25%) CN:8 DL:543KiB ETA:17m8s]
[#e402f3 186MiB/731MiB(25%) CN:8 DL:549KiB ETA:16m55s]
[#e402f3 187MiB/731MiB(25%) CN:8 DL:539KiB ETA:17m13s]
[#e402f3 188MiB/731MiB(25%) CN:8 DL:572KiB ETA:16m12s]
[#e402f3 188MiB/731MiB(25%) CN:8 DL:558KiB ETA:16m35s]
[#e402f3 189MiB/731MiB(25%) CN:8 DL:591KiB ETA:15m39s]
[#e402f3 190MiB/731MiB(25%) CN:8 DL:667KiB ETA:13m51s]
[#e402f3 190MiB/731MiB(26%) CN:8 DL:627KiB ETA:14m42s]
[#e402f3 191MiB/731MiB(26%) CN:8 DL:612KiB ETA:15m3s]
[#e402f3 191MiB/731MiB(26%) CN:8 DL:608KiB ETA:15m9s]
[#e402f3 192MiB/731MiB(26%) CN:8 DL:609KiB ETA:15m6s]
[#e402f3 192MiB/731MiB(26%) CN:8 DL:598KiB ETA:15m22s]
[#e402f3 193MiB/731MiB(26%) CN:8 DL:612KiB ETA:14m59s]
[#e402f3 194MiB/731MiB(26%) CN:8 DL:609KiB ETA:15m3s]
[#e402f3 194MiB/731MiB(26%) CN:8 DL:624KiB ETA:14m39s]
[#e402f3 195MiB/731MiB(26%) CN:8 DL:622KiB ETA:14m41s]
[#e402f3 196MiB/731MiB(26%) CN:8 DL:592KiB ETA:15m25s]
[#e402f3 196MiB/731MiB(26%) CN:8 DL:625KiB ETA:14m34s]
[#e402f3 197MiB/731MiB(26%) CN:8 DL:620KiB ETA:14m41s]
[#e402f3 198MiB/731MiB(27%) CN:8 DL:645KiB ETA:14m6s]
[#e402f3 198MiB/731MiB(27%) CN:8 DL:598KiB ETA:15m12s]
[#e402f3 199MiB/731MiB(27%) CN:8 DL:637KiB ETA:14m15s]
 *** Download Progress Summary as of Thu Aug 13 07:42:31 2026 *** 
===============================================================================
[#e402f3 199MiB/731MiB(27%) CN:8 DL:658KiB ETA:13m46s]
FILE: data/genetics/phase4a_raw/psoriatic_arthritis_GCST90243956/GCST90243956.tsv
-------------------------------------------------------------------------------

[#e402f3 199MiB/731MiB(27%) CN:8 DL:658KiB ETA:13m46s]
[#e402f3 200MiB/731MiB(27%) CN:8 DL:675KiB ETA:13m24s]
[#e402f3 201MiB/731MiB(27%) CN:8 DL:660KiB ETA:13m41s]
[#e402f3 202MiB/731MiB(27%) CN:8 DL:695KiB ETA:12m59s]
[#e402f3 203MiB/731MiB(27%) CN:8 DL:693KiB ETA:13m]
[#e402f3 204MiB/731MiB(27%) CN:8 DL:755KiB ETA:11m54s]
[#e402f3 204MiB/731MiB(28%) CN:8 DL:796KiB ETA:11m17s]
[#e402f3 205MiB/731MiB(28%) CN:8 DL:780KiB ETA:11m30s]
[#e402f3 206MiB/731MiB(28%) CN:8 DL:776KiB ETA:11m32s]
[#e402f3 207MiB/731MiB(28%) CN:8 DL:778KiB ETA:11m29s]
[#e402f3 207MiB/731MiB(28%) CN:8 DL:755KiB ETA:11m50s]
[#e402f3 208MiB/731MiB(28%) CN:8 DL:744KiB ETA:11m58s]
[#e402f3 209MiB/731MiB(28%) CN:8 DL:751KiB ETA:11m51s]
[#e402f3 210MiB/731MiB(28%) CN:8 DL:731KiB ETA:12m10s]
[#e402f3 210MiB/731MiB(28%) CN:8 DL:725KiB ETA:12m14s]
[#e402f3 211MiB/731MiB(28%) CN:8 DL:719KiB ETA:12m20s]
[#e402f3 212MiB/731MiB(29%) CN:8 DL:737KiB ETA:12m]
[#e402f3 213MiB/731MiB(29%) CN:8 DL:737KiB ETA:12m]
[#e402f3 213MiB/731MiB(29%) CN:8 DL:748KiB ETA:11m48s]
[#e402f3 214MiB/731MiB(29%) CN:8 DL:782KiB ETA:11m16s]
[#e402f3 215MiB/731MiB(29%) CN:8 DL:765KiB ETA:11m30s]
[#e402f3 216MiB/731MiB(29%) CN:8 DL:748KiB ETA:11m45s]
[#e402f3 217MiB/731MiB(29%) CN:8 DL:760KiB ETA:11m32s]
[#e402f3 217MiB/731MiB(29%) CN:8 DL:774KiB ETA:11m18s]
[#e402f3 218MiB/731MiB(29%) CN:8 DL:765KiB ETA:11m26s]
[#e402f3 219MiB/731MiB(30%) CN:8 DL:783KiB ETA:11m9s]
[#e402f3 220MiB/731MiB(30%) CN:8 DL:799KiB ETA:10m55s]
[#e402f3 221MiB/731MiB(30%) CN:8 DL:797KiB ETA:10m55s]
[#e402f3 221MiB/731MiB(30%) CN:8 DL:785KiB ETA:11m3s]
 *** Download Progress Summary as of Thu Aug 13 07:43:02 2026 *** 
===============================================================================
[#e402f3 223MiB/731MiB(30%) CN:8 DL:817KiB ETA:10m37s]
FILE: data/genetics/phase4a_raw/psoriatic_arthritis_GCST90243956/GCST90243956.tsv
-------------------------------------------------------------------------------

[#e402f3 223MiB/731MiB(30%) CN:8 DL:817KiB ETA:10m37s]
[#e402f3 223MiB/731MiB(30%) CN:8 DL:840KiB ETA:10m18s]
[#e402f3 224MiB/731MiB(30%) CN:8 DL:864KiB ETA:10m]
[#e402f3 225MiB/731MiB(30%) CN:8 DL:872KiB ETA:9m53s]
[#e402f3 226MiB/731MiB(30%) CN:8 DL:894KiB ETA:9m38s]
[#e402f3 227MiB/731MiB(31%) CN:8 DL:895KiB ETA:9m36s]
[#e402f3 228MiB/731MiB(31%) CN:8 DL:914KiB ETA:9m23s]
[#e402f3 229MiB/731MiB(31%) CN:8 DL:915KiB ETA:9m21s]
[#e402f3 230MiB/731MiB(31%) CN:8 DL:0.9MiB ETA:9m14s]
[#e402f3 231MiB/731MiB(31%) CN:8 DL:915KiB ETA:9m19s]
[#e402f3 231MiB/731MiB(31%) CN:8 DL:907KiB ETA:9m23s]
[#e402f3 232MiB/731MiB(31%) CN:8 DL:891KiB ETA:9m33s]
[#e402f3 233MiB/731MiB(31%) CN:8 DL:886KiB ETA:9m35s]
[#e402f3 234MiB/731MiB(32%) CN:8 DL:879KiB ETA:9m39s]
[#e402f3 235MiB/731MiB(32%) CN:8 DL:871KiB ETA:9m43s]
[#e402f3 235MiB/731MiB(32%) CN:8 DL:846KiB ETA:9m59s]
[#e402f3 236MiB/731MiB(32%) CN:8 DL:800KiB ETA:10m33s]
[#e402f3 236MiB/731MiB(32%) CN:8 DL:782KiB ETA:10m46s]
[#e402f3 237MiB/731MiB(32%) CN:8 DL:789KiB ETA:10m40s]
[#e402f3 238MiB/731MiB(32%) CN:8 DL:779KiB ETA:10m48s]
[#e402f3 239MiB/731MiB(32%) CN:8 DL:794KiB ETA:10m33s]
[#e402f3 240MiB/731MiB(32%) CN:8 DL:792KiB ETA:10m34s]
[#e402f3 241MiB/731MiB(32%) CN:8 DL:806KiB ETA:10m22s]
[#e402f3 242MiB/731MiB(33%) CN:8 DL:810KiB ETA:10m18s]
[#e402f3 242MiB/731MiB(33%) CN:8 DL:814KiB ETA:10m14s]
[#e402f3 243MiB/731MiB(33%) CN:8 DL:804KiB ETA:10m20s]
[#e402f3 244MiB/731MiB(33%) CN:8 DL:860KiB ETA:9m39s]
[#e402f3 245MiB/731MiB(33%) CN:8 DL:877KiB ETA:9m27s]
[#e402f3 246MiB/731MiB(33%) CN:8 DL:881KiB ETA:9m23s]
[#e402f3 247MiB/731MiB(33%) CN:8 DL:878KiB ETA:9m24s]
[#e402f3 248MiB/731MiB(33%) CN:8 DL:860KiB ETA:9m35s]
 *** Download Progress Summary as of Thu Aug 13 07:43:33 2026 *** 
===============================================================================
[#e402f3 249MiB/731MiB(34%) CN:8 DL:880KiB ETA:9m20s]
FILE: data/genetics/phase4a_raw/psoriatic_arthritis_GCST90243956/GCST90243956.tsv
-------------------------------------------------------------------------------

[#e402f3 249MiB/731MiB(34%) CN:8 DL:880KiB ETA:9m20s]
[#e402f3 249MiB/731MiB(34%) CN:8 DL:881KiB ETA:9m19s]
[#e402f3 250MiB/731MiB(34%) CN:8 DL:858KiB ETA:9m33s]
[#e402f3 251MiB/731MiB(34%) CN:8 DL:877KiB ETA:9m19s]
[#e402f3 252MiB/731MiB(34%) CN:8 DL:872KiB ETA:9m22s]
[#e402f3 253MiB/731MiB(34%) CN:8 DL:881KiB ETA:9m15s]
[#e402f3 254MiB/731MiB(34%) CN:8 DL:886KiB ETA:9m10s]
[#e402f3 255MiB/731MiB(34%) CN:8 DL:890KiB ETA:9m7s]
[#e402f3 256MiB/731MiB(35%) CN:8 DL:892KiB ETA:9m5s]
[#e402f3 256MiB/731MiB(35%) CN:8 DL:873KiB ETA:9m16s]
[#e402f3 257MiB/731MiB(35%) CN:8 DL:894KiB ETA:9m2s]
[#e402f3 258MiB/731MiB(35%) CN:8 DL:916KiB ETA:8m48s]
[#e402f3 259MiB/731MiB(35%) CN:8 DL:902KiB ETA:8m55s]
[#e402f3 260MiB/731MiB(35%) CN:8 DL:854KiB ETA:9m24s]
[#e402f3 261MiB/731MiB(35%) CN:8 DL:898KiB ETA:8m55s]
[#e402f3 262MiB/731MiB(35%) CN:8 DL:878KiB ETA:9m6s]
[#e402f3 263MiB/731MiB(35%) CN:8 DL:884KiB ETA:9m2s]
[#e402f3 264MiB/731MiB(36%) CN:8 DL:870KiB ETA:9m9s]
[#e402f3 265MiB/731MiB(36%) CN:8 DL:882KiB ETA:9m1s]
[#e402f3 266MiB/731MiB(36%) CN:8 DL:865KiB ETA:9m11s]
[#e402f3 266MiB/731MiB(36%) CN:8 DL:863KiB ETA:9m11s]
[#e402f3 267MiB/731MiB(36%) CN:8 DL:850KiB ETA:9m18s]
[#e402f3 268MiB/731MiB(36%) CN:8 DL:910KiB ETA:8m40s]
[#e402f3 269MiB/731MiB(36%) CN:8 DL:848KiB ETA:9m18s]
[#e402f3 270MiB/731MiB(36%) CN:8 DL:854KiB ETA:9m12s]
[#e402f3 271MiB/731MiB(37%) CN:8 DL:869KiB ETA:9m2s]
[#e402f3 271MiB/731MiB(37%) CN:8 DL:854KiB ETA:9m11s]
[#e402f3 272MiB/731MiB(37%) CN:8 DL:864KiB ETA:9m3s]
[#e402f3 273MiB/731MiB(37%) CN:8 DL:846KiB ETA:9m14s]
[#e402f3 274MiB/731MiB(37%) CN:8 DL:861KiB ETA:9m3s]
 *** Download Progress Summary as of Thu Aug 13 07:44:03 2026 *** 
===============================================================================
[#e402f3 275MiB/731MiB(37%) CN:8 DL:847KiB ETA:9m11s]
FILE: data/genetics/phase4a_raw/psoriatic_arthritis_GCST90243956/GCST90243956.tsv
-------------------------------------------------------------------------------

[#e402f3 275MiB/731MiB(37%) CN:8 DL:847KiB ETA:9m11s]
[#e402f3 275MiB/731MiB(37%) CN:8 DL:838KiB ETA:9m16s]
[#e402f3 276MiB/731MiB(37%) CN:8 DL:845KiB ETA:9m10s]
[#e402f3 277MiB/731MiB(37%) CN:8 DL:854KiB ETA:9m3s]
[#e402f3 278MiB/731MiB(38%) CN:8 DL:839KiB ETA:9m13s]
[#e402f3 279MiB/731MiB(38%) CN:8 DL:851KiB ETA:9m3s]
[#e402f3 280MiB/731MiB(38%) CN:8 DL:856KiB ETA:8m59s]
[#e402f3 280MiB/731MiB(38%) CN:8 DL:861KiB ETA:8m55s]
[#e402f3 281MiB/731MiB(38%) CN:8 DL:850KiB ETA:9m1s]
[#e402f3 282MiB/731MiB(38%) CN:8 DL:837KiB ETA:9m9s]
[#e402f3 282MiB/731MiB(38%) CN:8 DL:806KiB ETA:9m29s]
[#e402f3 283MiB/731MiB(38%) CN:8 DL:782KiB ETA:9m46s]
[#e402f3 284MiB/731MiB(38%) CN:8 DL:770KiB ETA:9m54s]
[#e402f3 284MiB/731MiB(38%) CN:8 DL:739KiB ETA:10m18s]
[#e402f3 285MiB/731MiB(39%) CN:8 DL:749KiB ETA:10m8s]
[#e402f3 286MiB/731MiB(39%) CN:8 DL:759KiB ETA:9m59s]
[#e402f3 287MiB/731MiB(39%) CN:8 DL:748KiB ETA:10m7s]
[#e402f3 288MiB/731MiB(39%) CN:8 DL:723KiB ETA:10m27s]
[#e402f3 289MiB/731MiB(39%) CN:8 DL:740KiB ETA:10m12s]
[#e402f3 289MiB/731MiB(39%) CN:8 DL:735KiB ETA:10m15s]
[#e402f3 290MiB/731MiB(39%) CN:8 DL:750KiB ETA:10m1s]
[#e402f3 291MiB/731MiB(39%) CN:8 DL:770KiB ETA:9m44s]
[#e402f3 292MiB/731MiB(39%) CN:8 DL:837KiB ETA:8m57s]
[#e402f3 292MiB/731MiB(40%) CN:8 DL:784KiB ETA:9m32s]
[#e402f3 293MiB/731MiB(40%) CN:8 DL:770KiB ETA:9m42s]
[#e402f3 294MiB/731MiB(40%) CN:8 DL:763KiB ETA:9m46s]
[#e402f3 295MiB/731MiB(40%) CN:8 DL:772KiB ETA:9m38s]
[#e402f3 295MiB/731MiB(40%) CN:8 DL:796KiB ETA:9m19s]
[#e402f3 296MiB/731MiB(40%) CN:8 DL:809KiB ETA:9m10s]
[#e402f3 297MiB/731MiB(40%) CN:8 DL:820KiB ETA:9m1s]
 *** Download Progress Summary as of Thu Aug 13 07:44:33 2026 *** 
===============================================================================
[#e402f3 298MiB/731MiB(40%) CN:8 DL:820KiB ETA:9m]
FILE: data/genetics/phase4a_raw/psoriatic_arthritis_GCST90243956/GCST90243956.tsv
-------------------------------------------------------------------------------

[#e402f3 298MiB/731MiB(40%) CN:8 DL:820KiB ETA:9m]
[#e402f3 299MiB/731MiB(40%) CN:8 DL:835KiB ETA:8m49s]
[#e402f3 300MiB/731MiB(41%) CN:8 DL:842KiB ETA:8m44s]
[#e402f3 300MiB/731MiB(41%) CN:8 DL:846KiB ETA:8m41s]
[#e402f3 301MiB/731MiB(41%) CN:8 DL:855KiB ETA:8m34s]
[#e402f3 302MiB/731MiB(41%) CN:8 DL:852KiB ETA:8m35s]
[#e402f3 303MiB/731MiB(41%) CN:8 DL:844KiB ETA:8m39s]
[#e402f3 304MiB/731MiB(41%) CN:8 DL:839KiB ETA:8m41s]
[#e402f3 305MiB/731MiB(41%) CN:8 DL:841KiB ETA:8m39s]
[#e402f3 305MiB/731MiB(41%) CN:8 DL:826KiB ETA:8m47s]
[#e402f3 306MiB/731MiB(41%) CN:8 DL:821KiB ETA:8m49s]
[#e402f3 307MiB/731MiB(42%) CN:8 DL:825KiB ETA:8m45s]
[#e402f3 308MiB/731MiB(42%) CN:8 DL:829KiB ETA:8m42s]
[#e402f3 309MiB/731MiB(42%) CN:8 DL:813KiB ETA:8m51s]
[#e402f3 309MiB/731MiB(42%) CN:8 DL:819KiB ETA:8m46s]
[#e402f3 310MiB/731MiB(42%) CN:8 DL:821KiB ETA:8m44s]
[#e402f3 311MiB/731MiB(42%) CN:8 DL:827KiB ETA:8m40s]
[#e402f3 312MiB/731MiB(42%) CN:8 DL:851KiB ETA:8m24s]
[#e402f3 313MiB/731MiB(42%) CN:8 DL:816KiB ETA:8m44s]
[#e402f3 313MiB/731MiB(42%) CN:8 DL:818KiB ETA:8m42s]
[#e402f3 314MiB/731MiB(42%) CN:8 DL:811KiB ETA:8m45s]
[#e402f3 315MiB/731MiB(43%) CN:8 DL:801KiB ETA:8m51s]
[#e402f3 316MiB/731MiB(43%) CN:8 DL:811KiB ETA:8m44s]
[#e402f3 316MiB/731MiB(43%) CN:8 DL:801KiB ETA:8m49s]
[#e402f3 317MiB/731MiB(43%) CN:8 DL:823KiB ETA:8m34s]
[#e402f3 318MiB/731MiB(43%) CN:8 DL:804KiB ETA:8m45s]
[#e402f3 319MiB/731MiB(43%) CN:8 DL:800KiB ETA:8m47s]
[#e402f3 320MiB/731MiB(43%) CN:8 DL:795KiB ETA:8m49s]
[#e402f3 321MiB/731MiB(43%) CN:8 DL:808KiB ETA:8m39s]
[#e402f3 321MiB/731MiB(43%) CN:8 DL:819KiB ETA:8m31s]
 *** Download Progress Summary as of Thu Aug 13 07:45:04 2026 *** 
===============================================================================
[#e402f3 322MiB/731MiB(44%) CN:8 DL:831KiB ETA:8m23s]
FILE: data/genetics/phase4a_raw/psoriatic_arthritis_GCST90243956/GCST90243956.tsv
-------------------------------------------------------------------------------

[#e402f3 322MiB/731MiB(44%) CN:8 DL:831KiB ETA:8m23s]
[#e402f3 323MiB/731MiB(44%) CN:8 DL:854KiB ETA:8m8s]
[#e402f3 324MiB/731MiB(44%) CN:8 DL:853KiB ETA:8m7s]
[#e402f3 325MiB/731MiB(44%) CN:8 DL:863KiB ETA:8m1s]
[#e402f3 326MiB/731MiB(44%) CN:8 DL:865KiB ETA:7m59s]
[#e402f3 327MiB/731MiB(44%) CN:8 DL:873KiB ETA:7m54s]
[#e402f3 328MiB/731MiB(44%) CN:8 DL:869KiB ETA:7m55s]
[#e402f3 328MiB/731MiB(44%) CN:8 DL:898KiB ETA:7m38s]
[#e402f3 329MiB/731MiB(45%) CN:8 DL:888KiB ETA:7m42s]
[#e402f3 330MiB/731MiB(45%) CN:8 DL:886KiB ETA:7m43s]
[#e402f3 331MiB/731MiB(45%) CN:8 DL:876KiB ETA:7m47s]
[#e402f3 332MiB/731MiB(45%) CN:8 DL:861KiB ETA:7m54s]
[#e402f3 333MiB/731MiB(45%) CN:8 DL:871KiB ETA:7m48s]
[#e402f3 334MiB/731MiB(45%) CN:8 DL:861KiB ETA:7m52s]
[#e402f3 335MiB/731MiB(45%) CN:8 DL:878KiB ETA:7m42s]
[#e402f3 335MiB/731MiB(45%) CN:8 DL:851KiB ETA:7m56s]
[#e402f3 336MiB/731MiB(46%) CN:8 DL:851KiB ETA:7m55s]
[#e402f3 337MiB/731MiB(46%) CN:8 DL:831KiB ETA:8m5s]
[#e402f3 338MiB/731MiB(46%) CN:8 DL:826KiB ETA:8m7s]
[#e402f3 338MiB/731MiB(46%) CN:8 DL:812KiB ETA:8m14s]
[#e402f3 339MiB/731MiB(46%) CN:8 DL:801KiB ETA:8m20s]
[#e402f3 340MiB/731MiB(46%) CN:8 DL:833KiB ETA:8m]
[#e402f3 341MiB/731MiB(46%) CN:8 DL:825KiB ETA:8m3s]
[#e402f3 342MiB/731MiB(46%) CN:8 DL:796KiB ETA:8m20s]
[#e402f3 343MiB/731MiB(46%) CN:8 DL:792KiB ETA:8m21s]
[#e402f3 344MiB/731MiB(47%) CN:8 DL:820KiB ETA:8m3s]
[#e402f3 344MiB/731MiB(47%) CN:8 DL:823KiB ETA:8m]
[#e402f3 345MiB/731MiB(47%) CN:8 DL:839KiB ETA:7m50s]
[#e402f3 346MiB/731MiB(47%) CN:8 DL:823KiB ETA:7m58s]
[#e402f3 347MiB/731MiB(47%) CN:8 DL:830KiB ETA:7m53s]
 *** Download Progress Summary as of Thu Aug 13 07:45:34 2026 *** 
===============================================================================
[#e402f3 348MiB/731MiB(47%) CN:8 DL:840KiB ETA:7m47s]
FILE: data/genetics/phase4a_raw/psoriatic_arthritis_GCST90243956/GCST90243956.tsv
-------------------------------------------------------------------------------

[#e402f3 348MiB/731MiB(47%) CN:8 DL:840KiB ETA:7m47s]
[#e402f3 349MiB/731MiB(47%) CN:8 DL:819KiB ETA:7m58s]
[#e402f3 349MiB/731MiB(47%) CN:8 DL:839KiB ETA:7m45s]
[#e402f3 350MiB/731MiB(47%) CN:8 DL:856KiB ETA:7m35s]
[#e402f3 351MiB/731MiB(48%) CN:8 DL:842KiB ETA:7m41s]
[#e402f3 352MiB/731MiB(48%) CN:8 DL:864KiB ETA:7m28s]
[#e402f3 353MiB/731MiB(48%) CN:8 DL:880KiB ETA:7m19s]
[#e402f3 354MiB/731MiB(48%) CN:8 DL:880KiB ETA:7m18s]
[#e402f3 355MiB/731MiB(48%) CN:8 DL:877KiB ETA:7m19s]
[#e402f3 356MiB/731MiB(48%) CN:8 DL:907KiB ETA:7m3s]
[#e402f3 357MiB/731MiB(48%) CN:8 DL:891KiB ETA:7m10s]
[#e402f3 357MiB/731MiB(48%) CN:8 DL:859KiB ETA:7m25s]
[#e402f3 359MiB/731MiB(49%) CN:8 DL:0.9MiB ETA:6m39s]
[#e402f3 359MiB/731MiB(49%) CN:8 DL:876KiB ETA:7m14s]
[#e402f3 360MiB/731MiB(49%) CN:8 DL:0.9MiB ETA:6m42s]
[#e402f3 362MiB/731MiB(49%) CN:8 DL:0.9MiB ETA:6m30s]
[#e402f3 363MiB/731MiB(49%) CN:8 DL:0.9MiB ETA:6m14s]
[#e402f3 364MiB/731MiB(49%) CN:8 DL:0.9MiB ETA:6m21s]
[#e402f3 364MiB/731MiB(49%) CN:8 DL:0.9MiB ETA:6m37s]
[#e402f3 365MiB/731MiB(49%) CN:8 DL:884KiB ETA:7m4s]
[#e402f3 365MiB/731MiB(50%) CN:8 DL:0.9MiB ETA:6m40s]
[#e402f3 367MiB/731MiB(50%) CN:8 DL:0.9MiB ETA:6m8s]
[#e402f3 368MiB/731MiB(50%) CN:8 DL:1.0MiB ETA:5m57s]
[#e402f3 369MiB/731MiB(50%) CN:8 DL:0.9MiB ETA:6m16s]
[#e402f3 370MiB/731MiB(50%) CN:8 DL:0.9MiB ETA:6m32s]
[#e402f3 371MiB/731MiB(50%) CN:8 DL:904KiB ETA:6m47s]
[#e402f3 372MiB/731MiB(50%) CN:8 DL:906KiB ETA:6m46s]
[#e402f3 372MiB/731MiB(50%) CN:8 DL:911KiB ETA:6m43s]
[#e402f3 374MiB/731MiB(51%) CN:8 DL:1.0MiB ETA:5m44s]
[#e402f3 374MiB/731MiB(51%) CN:8 DL:0.9MiB ETA:6m3s]
 *** Download Progress Summary as of Thu Aug 13 07:46:05 2026 *** 
===============================================================================
[#e402f3 375MiB/731MiB(51%) CN:8 DL:0.9MiB ETA:6m5s]
FILE: data/genetics/phase4a_raw/psoriatic_arthritis_GCST90243956/GCST90243956.tsv
-------------------------------------------------------------------------------

[#e402f3 375MiB/731MiB(51%) CN:8 DL:0.9MiB ETA:6m5s]
[#e402f3 376MiB/731MiB(51%) CN:8 DL:908KiB ETA:6m40s]
[#e402f3 377MiB/731MiB(51%) CN:8 DL:0.9MiB ETA:6m22s]
[#e402f3 378MiB/731MiB(51%) CN:8 DL:0.9MiB ETA:6m27s]
[#e402f3 379MiB/731MiB(51%) CN:8 DL:0.9MiB ETA:6m23s]
[#e402f3 380MiB/731MiB(52%) CN:8 DL:0.9MiB ETA:6m7s]
[#e402f3 381MiB/731MiB(52%) CN:8 DL:0.9MiB ETA:6m7s]
[#e402f3 382MiB/731MiB(52%) CN:8 DL:0.9MiB ETA:5m49s]
[#e402f3 383MiB/731MiB(52%) CN:8 DL:0.9MiB ETA:6m19s]
[#e402f3 384MiB/731MiB(52%) CN:8 DL:0.9MiB ETA:6m]
[#e402f3 385MiB/731MiB(52%) CN:8 DL:0.9MiB ETA:5m50s]
[#e402f3 386MiB/731MiB(52%) CN:8 DL:0.9MiB ETA:6m5s]
[#e402f3 387MiB/731MiB(52%) CN:8 DL:0.9MiB ETA:6m5s]
[#e402f3 388MiB/731MiB(53%) CN:8 DL:0.9MiB ETA:6m1s]
[#e402f3 389MiB/731MiB(53%) CN:8 DL:0.9MiB ETA:6m13s]
[#e402f3 390MiB/731MiB(53%) CN:8 DL:0.9MiB ETA:6m4s]
[#e402f3 391MiB/731MiB(53%) CN:8 DL:0.9MiB ETA:6m7s]
[#e402f3 391MiB/731MiB(53%) CN:8 DL:895KiB ETA:6m28s]
[#e402f3 392MiB/731MiB(53%) CN:8 DL:824KiB ETA:7m1s]
[#e402f3 393MiB/731MiB(53%) CN:8 DL:839KiB ETA:6m52s]
[#e402f3 394MiB/731MiB(53%) CN:8 DL:0.9MiB ETA:6m9s]
[#e402f3 396MiB/731MiB(54%) CN:8 DL:0.9MiB ETA:6m4s]
[#e402f3 396MiB/731MiB(54%) CN:8 DL:917KiB ETA:6m13s]
[#e402f3 397MiB/731MiB(54%) CN:8 DL:904KiB ETA:6m18s]
[#e402f3 397MiB/731MiB(54%) CN:8 DL:822KiB ETA:6m55s]
[#e402f3 398MiB/731MiB(54%) CN:8 DL:831KiB ETA:6m50s]
[#e402f3 400MiB/731MiB(54%) CN:8 DL:0.9MiB ETA:5m50s]
[#e402f3 401MiB/731MiB(54%) CN:8 DL:1.0MiB ETA:5m26s]
[#e402f3 402MiB/731MiB(54%) CN:8 DL:0.9MiB ETA:5m33s]
[#e402f3 403MiB/731MiB(55%) CN:8 DL:0.9MiB ETA:5m57s]
 *** Download Progress Summary as of Thu Aug 13 07:46:35 2026 *** 
===============================================================================
[#e402f3 404MiB/731MiB(55%) CN:8 DL:919KiB ETA:6m4s]
FILE: data/genetics/phase4a_raw/psoriatic_arthritis_GCST90243956/GCST90243956.tsv
-------------------------------------------------------------------------------

[#e402f3 404MiB/731MiB(55%) CN:8 DL:919KiB ETA:6m4s]
[#e402f3 405MiB/731MiB(55%) CN:8 DL:0.9MiB ETA:6m]
[#e402f3 405MiB/731MiB(55%) CN:8 DL:0.9MiB ETA:6m]
[#e402f3 406MiB/731MiB(55%) CN:8 DL:0.9MiB ETA:5m46s]
[#e402f3 407MiB/731MiB(55%) CN:8 DL:1.0MiB ETA:5m19s]
[#e402f3 408MiB/731MiB(55%) CN:8 DL:1.0MiB ETA:5m23s]
[#e402f3 409MiB/731MiB(55%) CN:8 DL:918KiB ETA:5m59s]
[#e402f3 409MiB/731MiB(56%) CN:8 DL:888KiB ETA:6m10s]
[#e402f3 411MiB/731MiB(56%) CN:8 DL:912KiB ETA:5m59s]
[#e402f3 411MiB/731MiB(56%) CN:8 DL:848KiB ETA:6m26s]
[#e402f3 412MiB/731MiB(56%) CN:8 DL:870KiB ETA:6m14s]
[#e402f3 414MiB/731MiB(56%) CN:8 DL:0.9MiB ETA:5m36s]
[#e402f3 415MiB/731MiB(56%) CN:8 DL:0.9MiB ETA:5m34s]
[#e402f3 416MiB/731MiB(56%) CN:8 DL:0.9MiB ETA:5m27s]
[#e402f3 417MiB/731MiB(57%) CN:8 DL:0.9MiB ETA:5m33s]
[#e402f3 417MiB/731MiB(57%) CN:8 DL:0.9MiB ETA:5m37s]
[#e402f3 419MiB/731MiB(57%) CN:8 DL:0.9MiB ETA:5m17s]
[#e402f3 420MiB/731MiB(57%) CN:8 DL:1.0MiB ETA:4m59s]
[#e402f3 421MiB/731MiB(57%) CN:8 DL:1.0MiB ETA:5m7s]
[#e402f3 421MiB/731MiB(57%) CN:8 DL:0.9MiB ETA:5m21s]
[#e402f3 422MiB/731MiB(57%) CN:8 DL:0.9MiB ETA:5m41s]
[#e402f3 423MiB/731MiB(57%) CN:8 DL:0.9MiB ETA:5m41s]
[#e402f3 425MiB/731MiB(58%) CN:8 DL:0.9MiB ETA:5m21s]
[#e402f3 426MiB/731MiB(58%) CN:8 DL:0.9MiB ETA:5m21s]
[#e402f3 426MiB/731MiB(58%) CN:8 DL:0.9MiB ETA:5m17s]
[#e402f3 427MiB/731MiB(58%) CN:8 DL:0.9MiB ETA:5m17s]
[#e402f3 428MiB/731MiB(58%) CN:8 DL:0.9MiB ETA:5m23s]
[#e402f3 429MiB/731MiB(58%) CN:8 DL:0.9MiB ETA:5m16s]
[#e402f3 430MiB/731MiB(58%) CN:8 DL:0.9MiB ETA:5m25s]
[#e402f3 431MiB/731MiB(58%) CN:8 DL:0.9MiB ETA:5m15s]
 *** Download Progress Summary as of Thu Aug 13 07:47:06 2026 *** 
===============================================================================
[#e402f3 431MiB/731MiB(59%) CN:8 DL:0.9MiB ETA:5m12s]
FILE: data/genetics/phase4a_raw/psoriatic_arthritis_GCST90243956/GCST90243956.tsv
-------------------------------------------------------------------------------

[#e402f3 431MiB/731MiB(59%) CN:8 DL:0.9MiB ETA:5m12s]
[#e402f3 433MiB/731MiB(59%) CN:8 DL:0.9MiB ETA:5m9s]
[#e402f3 435MiB/731MiB(59%) CN:8 DL:0.9MiB ETA:4m59s]
[#e402f3 435MiB/731MiB(59%) CN:8 DL:0.9MiB ETA:5m5s]
[#e402f3 437MiB/731MiB(59%) CN:8 DL:1.0MiB ETA:4m45s]
[#e402f3 438MiB/731MiB(59%) CN:8 DL:1.0MiB ETA:4m42s]
[#e402f3 439MiB/731MiB(60%) CN:8 DL:1.0MiB ETA:4m49s]
[#e402f3 440MiB/731MiB(60%) CN:8 DL:1.0MiB ETA:4m39s]
[#e402f3 441MiB/731MiB(60%) CN:8 DL:1.0MiB ETA:4m29s]
[#e402f3 442MiB/731MiB(60%) CN:8 DL:1.1MiB ETA:4m6s]
[#e402f3 443MiB/731MiB(60%) CN:8 DL:1.2MiB ETA:3m57s]
[#e402f3 444MiB/731MiB(60%) CN:8 DL:1.1MiB ETA:4m13s]
[#e402f3 445MiB/731MiB(60%) CN:8 DL:1.0MiB ETA:4m23s]
[#e402f3 446MiB/731MiB(61%) CN:8 DL:1.0MiB ETA:4m39s]
[#e402f3 447MiB/731MiB(61%) CN:8 DL:1.0MiB ETA:4m31s]
[#e402f3 448MiB/731MiB(61%) CN:8 DL:1.0MiB ETA:4m27s]
[#e402f3 449MiB/731MiB(61%) CN:8 DL:1.0MiB ETA:4m25s]
[#e402f3 450MiB/731MiB(61%) CN:8 DL:1.0MiB ETA:4m32s]
[#e402f3 451MiB/731MiB(61%) CN:8 DL:0.9MiB ETA:5m1s]
[#e402f3 451MiB/731MiB(61%) CN:8 DL:0.9MiB ETA:5m9s]
[#e402f3 453MiB/731MiB(61%) CN:8 DL:0.9MiB ETA:4m54s]
[#e402f3 454MiB/731MiB(62%) CN:8 DL:0.9MiB ETA:4m50s]
[#e402f3 454MiB/731MiB(62%) CN:8 DL:0.9MiB ETA:5m4s]
[#e402f3 455MiB/731MiB(62%) CN:8 DL:805KiB ETA:5m51s]
[#e402f3 455MiB/731MiB(62%) CN:8 DL:738KiB ETA:6m22s]
[#e402f3 455MiB/731MiB(62%) CN:8 DL:628KiB ETA:7m29s]
[#e402f3 457MiB/731MiB(62%) CN:8 DL:745KiB ETA:6m16s]
[#e402f3 459MiB/731MiB(62%) CN:8 DL:834KiB ETA:5m34s]
[#e402f3 461MiB/731MiB(63%) CN:8 DL:912KiB ETA:5m3s]
[#e402f3 461MiB/731MiB(63%) CN:8 DL:813KiB ETA:5m40s]
 *** Download Progress Summary as of Thu Aug 13 07:47:37 2026 *** 
===============================================================================
[#e402f3 461MiB/731MiB(63%) CN:8 DL:762KiB ETA:6m2s]
FILE: data/genetics/phase4a_raw/psoriatic_arthritis_GCST90243956/GCST90243956.tsv
-------------------------------------------------------------------------------

[#e402f3 461MiB/731MiB(63%) CN:8 DL:762KiB ETA:6m2s]
[#e402f3 462MiB/731MiB(63%) CN:8 DL:812KiB ETA:5m39s]
[#e402f3 463MiB/731MiB(63%) CN:8 DL:836KiB ETA:5m28s]
[#e402f3 464MiB/731MiB(63%) CN:8 DL:0.9MiB ETA:4m53s]
[#e402f3 466MiB/731MiB(63%) CN:8 DL:1.1MiB ETA:3m43s]
[#e402f3 467MiB/731MiB(63%) CN:8 DL:1.0MiB ETA:4m6s]
[#e402f3 468MiB/731MiB(64%) CN:8 DL:1.0MiB ETA:4m20s]
[#e402f3 468MiB/731MiB(64%) CN:8 DL:841KiB ETA:5m19s]
[#e402f3 469MiB/731MiB(64%) CN:8 DL:826KiB ETA:5m25s]
[#e402f3 469MiB/731MiB(64%) CN:8 DL:833KiB ETA:5m22s]
[#e402f3 472MiB/731MiB(64%) CN:8 DL:1.0MiB ETA:4m4s]
[#e402f3 473MiB/731MiB(64%) CN:8 DL:1.1MiB ETA:3m51s]
[#e402f3 474MiB/731MiB(64%) CN:8 DL:1.0MiB ETA:4m2s]
[#e402f3 475MiB/731MiB(64%) CN:8 DL:0.9MiB ETA:4m43s]
[#e402f3 476MiB/731MiB(65%) CN:8 DL:0.9MiB ETA:4m39s]
[#e402f3 477MiB/731MiB(65%) CN:8 DL:0.9MiB ETA:4m31s]
[#e402f3 478MiB/731MiB(65%) CN:8 DL:0.9MiB ETA:4m14s]
[#e402f3 479MiB/731MiB(65%) CN:8 DL:1.0MiB ETA:3m50s]
[#e402f3 479MiB/731MiB(65%) CN:8 DL:1.1MiB ETA:3m34s]
[#e402f3 480MiB/731MiB(65%) CN:8 DL:0.9MiB ETA:4m17s]
[#e402f3 481MiB/731MiB(65%) CN:8 DL:769KiB ETA:5m33s]
[#e402f3 481MiB/731MiB(65%) CN:8 DL:768KiB ETA:5m32s]
[#e402f3 483MiB/731MiB(66%) CN:8 DL:815KiB ETA:5m11s]
[#e402f3 485MiB/731MiB(66%) CN:8 DL:906KiB ETA:4m38s]
[#e402f3 486MiB/731MiB(66%) CN:8 DL:904KiB ETA:4m37s]
[#e402f3 487MiB/731MiB(66%) CN:8 DL:0.9MiB ETA:4m18s]
[#e402f3 488MiB/731MiB(66%) CN:8 DL:0.9MiB ETA:4m22s]
[#e402f3 489MiB/731MiB(66%) CN:8 DL:0.9MiB ETA:4m15s]
[#e402f3 490MiB/731MiB(67%) CN:8 DL:0.9MiB ETA:4m16s]
 *** Download Progress Summary as of Thu Aug 13 07:48:07 2026 *** 
===============================================================================
[#e402f3 490MiB/731MiB(67%) CN:8 DL:1.1MiB ETA:3m35s]
FILE: data/genetics/phase4a_raw/psoriatic_arthritis_GCST90243956/GCST90243956.tsv
-------------------------------------------------------------------------------

[#e402f3 490MiB/731MiB(67%) CN:8 DL:1.1MiB ETA:3m35s]
[#e402f3 491MiB/731MiB(67%) CN:8 DL:1.0MiB ETA:3m50s]
[#e402f3 491MiB/731MiB(67%) CN:8 DL:893KiB ETA:4m34s]
[#e402f3 493MiB/731MiB(67%) CN:8 DL:0.9MiB ETA:4m11s]
[#e402f3 495MiB/731MiB(67%) CN:8 DL:1.0MiB ETA:3m50s]
[#e402f3 496MiB/731MiB(67%) CN:8 DL:0.9MiB ETA:4m12s]
[#e402f3 497MiB/731MiB(67%) CN:8 DL:0.9MiB ETA:4m3s]
[#e402f3 497MiB/731MiB(68%) CN:8 DL:0.9MiB ETA:4m13s]
[#e402f3 498MiB/731MiB(68%) CN:8 DL:0.9MiB ETA:4m9s]
[#e402f3 499MiB/731MiB(68%) CN:8 DL:905KiB ETA:4m22s]
[#e402f3 500MiB/731MiB(68%) CN:8 DL:0.9MiB ETA:4m10s]
[#e402f3 500MiB/731MiB(68%) CN:8 DL:1.0MiB ETA:3m50s]
[#e402f3 502MiB/731MiB(68%) CN:8 DL:0.9MiB ETA:3m54s]
[#e402f3 504MiB/731MiB(68%) CN:8 DL:0.9MiB ETA:3m56s]
[#e402f3 505MiB/731MiB(69%) CN:8 DL:0.9MiB ETA:3m54s]
[#e402f3 506MiB/731MiB(69%) CN:8 DL:0.9MiB ETA:3m52s]
[#e402f3 506MiB/731MiB(69%) CN:8 DL:0.9MiB ETA:3m51s]
[#e402f3 507MiB/731MiB(69%) CN:8 DL:905KiB ETA:4m14s]
[#e402f3 507MiB/731MiB(69%) CN:8 DL:856KiB ETA:4m28s]
[#e402f3 508MiB/731MiB(69%) CN:8 DL:0.9MiB ETA:3m57s]
[#e402f3 510MiB/731MiB(69%) CN:8 DL:1.0MiB ETA:3m27s]
[#e402f3 512MiB/731MiB(70%) CN:8 DL:1.0MiB ETA:3m20s]
[#e402f3 513MiB/731MiB(70%) CN:8 DL:1.0MiB ETA:3m21s]
[#e402f3 513MiB/731MiB(70%) CN:8 DL:0.9MiB ETA:3m47s]
[#e402f3 515MiB/731MiB(70%) CN:8 DL:1.0MiB ETA:3m32s]
[#e402f3 516MiB/731MiB(70%) CN:8 DL:1.0MiB ETA:3m34s]
[#e402f3 517MiB/731MiB(70%) CN:8 DL:1.0MiB ETA:3m21s]
[#e402f3 517MiB/731MiB(70%) CN:8 DL:1.1MiB ETA:2m59s]
[#e402f3 518MiB/731MiB(70%) CN:8 DL:1.1MiB ETA:3m3s]
[#e402f3 519MiB/731MiB(70%) CN:8 DL:1.0MiB ETA:3m27s]
 *** Download Progress Summary as of Thu Aug 13 07:48:38 2026 *** 
===============================================================================
[#e402f3 520MiB/731MiB(71%) CN:8 DL:0.9MiB ETA:3m54s]
FILE: data/genetics/phase4a_raw/psoriatic_arthritis_GCST90243956/GCST90243956.tsv
-------------------------------------------------------------------------------

[#e402f3 520MiB/731MiB(71%) CN:8 DL:0.9MiB ETA:3m54s]
[#e402f3 522MiB/731MiB(71%) CN:8 DL:0.9MiB ETA:3m32s]
[#e402f3 522MiB/731MiB(71%) CN:8 DL:0.9MiB ETA:3m33s]
[#e402f3 523MiB/731MiB(71%) CN:8 DL:1.0MiB ETA:3m25s]
[#e402f3 524MiB/731MiB(71%) CN:8 DL:916KiB ETA:3m51s]
[#e402f3 525MiB/731MiB(71%) CN:8 DL:0.9MiB ETA:3m32s]
[#e402f3 527MiB/731MiB(72%) CN:8 DL:0.9MiB ETA:3m28s]
[#e402f3 528MiB/731MiB(72%) CN:8 DL:1.0MiB ETA:3m18s]
[#e402f3 528MiB/731MiB(72%) CN:8 DL:1.0MiB ETA:3m14s]
[#e402f3 529MiB/731MiB(72%) CN:8 DL:1.0MiB ETA:3m13s]
[#e402f3 529MiB/731MiB(72%) CN:8 DL:0.9MiB ETA:3m23s]
[#e402f3 529MiB/731MiB(72%) CN:8 DL:780KiB ETA:4m24s]
[#e402f3 531MiB/731MiB(72%) CN:8 DL:832KiB ETA:4m6s]
[#e402f3 533MiB/731MiB(72%) CN:8 DL:1.0MiB ETA:3m17s]
[#e402f3 534MiB/731MiB(73%) CN:8 DL:0.9MiB ETA:3m25s]
[#e402f3 535MiB/731MiB(73%) CN:8 DL:0.9MiB ETA:3m23s]
[#e402f3 536MiB/731MiB(73%) CN:8 DL:0.9MiB ETA:3m25s]
[#e402f3 537MiB/731MiB(73%) CN:8 DL:0.9MiB ETA:3m26s]
[#e402f3 538MiB/731MiB(73%) CN:8 DL:0.9MiB ETA:3m25s]
[#e402f3 539MiB/731MiB(73%) CN:8 DL:0.9MiB ETA:3m16s]
[#e402f3 540MiB/731MiB(73%) CN:8 DL:1.1MiB ETA:2m49s]
[#e402f3 541MiB/731MiB(73%) CN:8 DL:1.1MiB ETA:2m49s]
[#e402f3 542MiB/731MiB(74%) CN:8 DL:0.9MiB ETA:3m13s]
[#e402f3 542MiB/731MiB(74%) CN:8 DL:855KiB ETA:3m46s]
[#e402f3 542MiB/731MiB(74%) CN:8 DL:765KiB ETA:4m12s]
[#e402f3 543MiB/731MiB(74%) CN:8 DL:715KiB ETA:4m28s]
[#e402f3 546MiB/731MiB(74%) CN:8 DL:0.9MiB ETA:3m17s]
[#e402f3 547MiB/731MiB(74%) CN:8 DL:0.9MiB ETA:3m21s]
[#e402f3 548MiB/731MiB(74%) CN:8 DL:0.9MiB ETA:3m18s]
[#e402f3 549MiB/731MiB(75%) CN:8 DL:0.9MiB ETA:3m19s]
 *** Download Progress Summary as of Thu Aug 13 07:49:09 2026 *** 
===============================================================================
[#e402f3 550MiB/731MiB(75%) CN:8 DL:0.9MiB ETA:3m13s]
FILE: data/genetics/phase4a_raw/psoriatic_arthritis_GCST90243956/GCST90243956.tsv
-------------------------------------------------------------------------------

[#e402f3 550MiB/731MiB(75%) CN:8 DL:0.9MiB ETA:3m13s]
[#e402f3 550MiB/731MiB(75%) CN:8 DL:1.0MiB ETA:2m49s]
[#e402f3 550MiB/731MiB(75%) CN:8 DL:0.9MiB ETA:3m12s]
[#e402f3 551MiB/731MiB(75%) CN:8 DL:0.9MiB ETA:3m19s]
[#e402f3 553MiB/731MiB(75%) CN:8 DL:1.0MiB ETA:2m56s]
[#e402f3 554MiB/731MiB(75%) CN:8 DL:0.9MiB ETA:3m4s]
[#e402f3 555MiB/731MiB(75%) CN:8 DL:0.9MiB ETA:3m15s]
[#e402f3 556MiB/731MiB(76%) CN:8 DL:0.9MiB ETA:3m13s]
[#e402f3 557MiB/731MiB(76%) CN:8 DL:0.9MiB ETA:3m12s]
[#e402f3 558MiB/731MiB(76%) CN:8 DL:0.9MiB ETA:3m11s]
[#e402f3 559MiB/731MiB(76%) CN:8 DL:0.9MiB ETA:3m4s]
[#e402f3 560MiB/731MiB(76%) CN:8 DL:1.1MiB ETA:2m31s]
[#e402f3 561MiB/731MiB(76%) CN:8 DL:1.0MiB ETA:2m35s]
[#e402f3 562MiB/731MiB(76%) CN:8 DL:1.0MiB ETA:2m39s]
[#e402f3 562MiB/731MiB(76%) CN:8 DL:786KiB ETA:3m40s]
[#e402f3 562MiB/731MiB(76%) CN:8 DL:693KiB ETA:4m9s]
[#e402f3 563MiB/731MiB(77%) CN:8 DL:733KiB ETA:3m54s]
[#e402f3 565MiB/731MiB(77%) CN:8 DL:830KiB ETA:3m24s]
[#e402f3 567MiB/731MiB(77%) CN:8 DL:913KiB ETA:3m4s]
[#e402f3 567MiB/731MiB(77%) CN:8 DL:880KiB ETA:3m10s]
[#e402f3 568MiB/731MiB(77%) CN:8 DL:902KiB ETA:3m4s]
[#e402f3 569MiB/731MiB(77%) CN:8 DL:873KiB ETA:3m9s]
[#e402f3 570MiB/731MiB(78%) CN:8 DL:0.9MiB ETA:2m57s]
[#e402f3 571MiB/731MiB(78%) CN:8 DL:0.9MiB ETA:2m46s]
[#e402f3 571MiB/731MiB(78%) CN:8 DL:0.9MiB ETA:2m55s]
[#e402f3 572MiB/731MiB(78%) CN:8 DL:897KiB ETA:3m1s]
[#e402f3 574MiB/731MiB(78%) CN:8 DL:862KiB ETA:3m6s]
[#e402f3 575MiB/731MiB(78%) CN:8 DL:0.9MiB ETA:2m51s]
[#e402f3 576MiB/731MiB(78%) CN:8 DL:0.9MiB ETA:2m49s]
 *** Download Progress Summary as of Thu Aug 13 07:49:39 2026 *** 
===============================================================================
[#e402f3 577MiB/731MiB(78%) CN:8 DL:0.9MiB ETA:2m49s]
FILE: data/genetics/phase4a_raw/psoriatic_arthritis_GCST90243956/GCST90243956.tsv
-------------------------------------------------------------------------------

[#e402f3 577MiB/731MiB(78%) CN:8 DL:0.9MiB ETA:2m49s]
[#e402f3 578MiB/731MiB(79%) CN:8 DL:876KiB ETA:2m59s]
[#e402f3 579MiB/731MiB(79%) CN:8 DL:906KiB ETA:2m52s]
[#e402f3 580MiB/731MiB(79%) CN:8 DL:1.1MiB ETA:2m16s]
[#e402f3 580MiB/731MiB(79%) CN:8 DL:1.0MiB ETA:2m22s]
[#e402f3 581MiB/731MiB(79%) CN:8 DL:1.0MiB ETA:2m21s]
[#e402f3 582MiB/731MiB(79%) CN:8 DL:1.0MiB ETA:2m24s]
[#e402f3 583MiB/731MiB(79%) CN:8 DL:0.9MiB ETA:2m39s]
[#e402f3 584MiB/731MiB(79%) CN:8 DL:904KiB ETA:2m46s]
[#e402f3 585MiB/731MiB(79%) CN:8 DL:860KiB ETA:2m54s]
[#e402f3 585MiB/731MiB(79%) CN:8 DL:762KiB ETA:3m16s]
[#e402f3 585MiB/731MiB(80%) CN:8 DL:706KiB ETA:3m31s]
[#e402f3 587MiB/731MiB(80%) CN:8 DL:794KiB ETA:3m6s]
[#e402f3 589MiB/731MiB(80%) CN:8 DL:0.9MiB ETA:2m35s]
[#e402f3 590MiB/731MiB(80%) CN:8 DL:0.9MiB ETA:2m32s]
[#e402f3 591MiB/731MiB(80%) CN:8 DL:0.9MiB ETA:2m32s]
[#e402f3 592MiB/731MiB(80%) CN:8 DL:0.9MiB ETA:2m29s]
[#e402f3 593MiB/731MiB(81%) CN:8 DL:0.9MiB ETA:2m29s]
[#e402f3 593MiB/731MiB(81%) CN:8 DL:874KiB ETA:2m41s]
[#e402f3 593MiB/731MiB(81%) CN:8 DL:0.9MiB ETA:2m31s]
[#e402f3 595MiB/731MiB(81%) CN:8 DL:1.0MiB ETA:2m14s]
[#e402f3 597MiB/731MiB(81%) CN:8 DL:1.0MiB ETA:2m4s]
[#e402f3 598MiB/731MiB(81%) CN:8 DL:0.9MiB ETA:2m16s]
[#e402f3 599MiB/731MiB(81%) CN:8 DL:0.9MiB ETA:2m17s]
[#e402f3 600MiB/731MiB(82%) CN:8 DL:0.9MiB ETA:2m17s]
[#e402f3 601MiB/731MiB(82%) CN:8 DL:0.9MiB ETA:2m15s]
[#e402f3 602MiB/731MiB(82%) CN:8 DL:0.9MiB ETA:2m10s]
[#e402f3 603MiB/731MiB(82%) CN:8 DL:0.9MiB ETA:2m9s]
[#e402f3 604MiB/731MiB(82%) CN:8 DL:1.1MiB ETA:1m49s]
[#e402f3 605MiB/731MiB(82%) CN:8 DL:1.1MiB ETA:1m52s]
 *** Download Progress Summary as of Thu Aug 13 07:50:10 2026 *** 
===============================================================================
[#e402f3 605MiB/731MiB(82%) CN:8 DL:0.9MiB ETA:2m15s]
FILE: data/genetics/phase4a_raw/psoriatic_arthritis_GCST90243956/GCST90243956.tsv
-------------------------------------------------------------------------------

[#e402f3 605MiB/731MiB(82%) CN:8 DL:0.9MiB ETA:2m15s]
[#e402f3 605MiB/731MiB(82%) CN:8 DL:819KiB ETA:2m37s]
[#e402f3 606MiB/731MiB(82%) CN:8 DL:768KiB ETA:2m46s]
[#e402f3 607MiB/731MiB(83%) CN:8 DL:802KiB ETA:2m38s]
[#e402f3 609MiB/731MiB(83%) CN:8 DL:0.9MiB ETA:2m12s]
[#e402f3 610MiB/731MiB(83%) CN:8 DL:0.9MiB ETA:2m9s]
[#e402f3 611MiB/731MiB(83%) CN:8 DL:0.9MiB ETA:2m9s]
[#e402f3 612MiB/731MiB(83%) CN:8 DL:0.9MiB ETA:2m10s]
[#e402f3 612MiB/731MiB(83%) CN:8 DL:798KiB ETA:2m32s]
[#e402f3 613MiB/731MiB(83%) CN:8 DL:0.9MiB ETA:2m10s]
[#e402f3 614MiB/731MiB(84%) CN:8 DL:0.9MiB ETA:1m58s]
[#e402f3 616MiB/731MiB(84%) CN:8 DL:1.1MiB ETA:1m43s]
[#e402f3 617MiB/731MiB(84%) CN:8 DL:1.0MiB ETA:1m44s]
[#e402f3 618MiB/731MiB(84%) CN:8 DL:0.9MiB ETA:1m59s]
[#e402f3 619MiB/731MiB(84%) CN:8 DL:0.9MiB ETA:2m4s]
[#e402f3 620MiB/731MiB(84%) CN:8 DL:906KiB ETA:2m5s]
[#e402f3 620MiB/731MiB(84%) CN:8 DL:873KiB ETA:2m9s]
[#e402f3 622MiB/731MiB(85%) CN:8 DL:1.1MiB ETA:1m35s]
[#e402f3 623MiB/731MiB(85%) CN:8 DL:1.1MiB ETA:1m37s]
[#e402f3 623MiB/731MiB(85%) CN:8 DL:1.0MiB ETA:1m41s]
[#e402f3 624MiB/731MiB(85%) CN:8 DL:0.9MiB ETA:1m55s]
[#e402f3 625MiB/731MiB(85%) CN:8 DL:0.9MiB ETA:1m57s]
[#e402f3 626MiB/731MiB(85%) CN:8 DL:872KiB ETA:2m3s]
[#e402f3 626MiB/731MiB(85%) CN:8 DL:778KiB ETA:2m18s]
[#e402f3 626MiB/731MiB(85%) CN:8 DL:712KiB ETA:2m30s]
[#e402f3 627MiB/731MiB(85%) CN:8 DL:804KiB ETA:2m11s]
[#e402f3 630MiB/731MiB(86%) CN:8 DL:0.9MiB ETA:1m47s]
[#e402f3 631MiB/731MiB(86%) CN:8 DL:0.9MiB ETA:1m49s]
[#e402f3 632MiB/731MiB(86%) CN:8 DL:0.9MiB ETA:1m46s]
[#e402f3 633MiB/731MiB(86%) CN:8 DL:0.9MiB ETA:1m45s]
 *** Download Progress Summary as of Thu Aug 13 07:50:41 2026 *** 
===============================================================================
[#e402f3 634MiB/731MiB(86%) CN:8 DL:0.9MiB ETA:1m47s]
FILE: data/genetics/phase4a_raw/psoriatic_arthritis_GCST90243956/GCST90243956.tsv
-------------------------------------------------------------------------------

[#e402f3 634MiB/731MiB(86%) CN:8 DL:0.9MiB ETA:1m47s]
[#e402f3 634MiB/731MiB(86%) CN:8 DL:0.9MiB ETA:1m44s]
[#e402f3 635MiB/731MiB(86%) CN:8 DL:1.0MiB ETA:1m31s]
[#e402f3 635MiB/731MiB(86%) CN:8 DL:0.9MiB ETA:1m38s]
[#e402f3 638MiB/731MiB(87%) CN:8 DL:1.1MiB ETA:1m22s]
[#e402f3 638MiB/731MiB(87%) CN:8 DL:0.9MiB ETA:1m34s]
[#e402f3 639MiB/731MiB(87%) CN:8 DL:0.9MiB ETA:1m35s]
[#e402f3 640MiB/731MiB(87%) CN:8 DL:0.9MiB ETA:1m34s]
[#e402f3 641MiB/731MiB(87%) CN:8 DL:0.9MiB ETA:1m35s]
[#e402f3 642MiB/731MiB(87%) CN:8 DL:0.9MiB ETA:1m33s]
[#e402f3 643MiB/731MiB(87%) CN:8 DL:0.9MiB ETA:1m31s]
[#e402f3 643MiB/731MiB(87%) CN:8 DL:0.9MiB ETA:1m35s]
[#e402f3 644MiB/731MiB(88%) CN:8 DL:691KiB ETA:2m9s]
[#e402f3 645MiB/731MiB(88%) CN:8 DL:735KiB ETA:2m]
[#e402f3 647MiB/731MiB(88%) CN:8 DL:831KiB ETA:1m44s]
[#e402f3 648MiB/731MiB(88%) CN:8 DL:882KiB ETA:1m36s]
[#e402f3 649MiB/731MiB(88%) CN:8 DL:876KiB ETA:1m36s]
[#e402f3 650MiB/731MiB(88%) CN:8 DL:859KiB ETA:1m37s]
[#e402f3 651MiB/731MiB(88%) CN:8 DL:848KiB ETA:1m37s]
[#e402f3 651MiB/731MiB(89%) CN:8 DL:881KiB ETA:1m32s]
[#e402f3 652MiB/731MiB(89%) CN:8 DL:1.0MiB ETA:1m15s]
[#e402f3 653MiB/731MiB(89%) CN:8 DL:1.0MiB ETA:1m17s]
[#e402f3 654MiB/731MiB(89%) CN:8 DL:1.0MiB ETA:1m17s]
[#e402f3 655MiB/731MiB(89%) CN:8 DL:0.9MiB ETA:1m21s]
[#e402f3 656MiB/731MiB(89%) CN:8 DL:876KiB ETA:1m28s]
[#e402f3 656MiB/731MiB(89%) CN:8 DL:854KiB ETA:1m29s]
[#e402f3 657MiB/731MiB(89%) CN:8 DL:749KiB ETA:1m41s]
[#e402f3 657MiB/731MiB(89%) CN:8 DL:728KiB ETA:1m43s]
[#e402f3 658MiB/731MiB(90%) CN:8 DL:756KiB ETA:1m38s]
 *** Download Progress Summary as of Thu Aug 13 07:51:12 2026 *** 
===============================================================================
[#e402f3 661MiB/731MiB(90%) CN:8 DL:911KiB ETA:1m18s]
FILE: data/genetics/phase4a_raw/psoriatic_arthritis_GCST90243956/GCST90243956.tsv
-------------------------------------------------------------------------------

[#e402f3 661MiB/731MiB(90%) CN:8 DL:911KiB ETA:1m18s]
[#e402f3 662MiB/731MiB(90%) CN:8 DL:0.9MiB ETA:1m16s]
[#e402f3 663MiB/731MiB(90%) CN:8 DL:911KiB ETA:1m16s]
[#e402f3 663MiB/731MiB(90%) CN:8 DL:879KiB ETA:1m18s]
[#e402f3 664MiB/731MiB(90%) CN:8 DL:888KiB ETA:1m17s]
[#e402f3 665MiB/731MiB(90%) CN:8 DL:888KiB ETA:1m16s]
[#e402f3 665MiB/731MiB(91%) CN:8 DL:0.9MiB ETA:1m6s]
[#e402f3 666MiB/731MiB(91%) CN:8 DL:0.9MiB ETA:1m8s]
[#e402f3 668MiB/731MiB(91%) CN:8 DL:1.0MiB ETA:1m]
[#e402f3 669MiB/731MiB(91%) CN:8 DL:0.9MiB ETA:1m3s]
[#e402f3 670MiB/731MiB(91%) CN:8 DL:873KiB ETA:1m12s]
[#e402f3 671MiB/731MiB(91%) CN:8 DL:897KiB ETA:1m8s]
[#e402f3 671MiB/731MiB(91%) CN:8 DL:826KiB ETA:1m14s]
[#e402f3 671MiB/731MiB(91%) CN:8 DL:769KiB ETA:1m19s]
[#e402f3 673MiB/731MiB(92%) CN:8 DL:838KiB ETA:1m11s]
[#e402f3 675MiB/731MiB(92%) CN:8 DL:0.9MiB ETA:56s]
[#e402f3 676MiB/731MiB(92%) CN:8 DL:0.9MiB ETA:56s]
[#e402f3 677MiB/731MiB(92%) CN:8 DL:0.9MiB ETA:59s]
[#e402f3 678MiB/731MiB(92%) CN:8 DL:0.9MiB ETA:58s]
[#e402f3 679MiB/731MiB(92%) CN:8 DL:0.9MiB ETA:53s]
[#e402f3 680MiB/731MiB(92%) CN:8 DL:0.9MiB ETA:54s]
[#e402f3 681MiB/731MiB(93%) CN:8 DL:1.1MiB ETA:45s]
[#e402f3 682MiB/731MiB(93%) CN:8 DL:1.0MiB ETA:45s]
[#e402f3 683MiB/731MiB(93%) CN:8 DL:1.1MiB ETA:41s]
[#e402f3 684MiB/731MiB(93%) CN:8 DL:1.0MiB ETA:45s]
[#e402f3 684MiB/731MiB(93%) CN:8 DL:901KiB ETA:53s]
[#e402f3 684MiB/731MiB(93%) CN:8 DL:817KiB ETA:58s]
[#e402f3 685MiB/731MiB(93%) CN:8 DL:742KiB ETA:1m3s]
[#e402f3 687MiB/731MiB(93%) CN:8 DL:860KiB ETA:52s]
 *** Download Progress Summary as of Thu Aug 13 07:51:42 2026 *** 
===============================================================================
[#e402f3 689MiB/731MiB(94%) CN:8 DL:0.9MiB ETA:44s]
FILE: data/genetics/phase4a_raw/psoriatic_arthritis_GCST90243956/GCST90243956.tsv
-------------------------------------------------------------------------------

[#e402f3 689MiB/731MiB(94%) CN:8 DL:0.9MiB ETA:44s]
[#e402f3 690MiB/731MiB(94%) CN:8 DL:0.9MiB ETA:43s]
[#e402f3 691MiB/731MiB(94%) CN:8 DL:0.9MiB ETA:42s]
[#e402f3 692MiB/731MiB(94%) CN:8 DL:0.9MiB ETA:41s]
[#e402f3 692MiB/731MiB(94%) CN:8 DL:860KiB ETA:46s]
[#e402f3 692MiB/731MiB(94%) CN:8 DL:836KiB ETA:47s]
[#e402f3 693MiB/731MiB(94%) CN:8 DL:1.0MiB ETA:37s]
[#e402f3 695MiB/731MiB(95%) CN:8 DL:1.0MiB ETA:32s]
[#e402f3 696MiB/731MiB(95%) CN:8 DL:1.0MiB ETA:32s]
[#e402f3 697MiB/731MiB(95%) CN:8 DL:900KiB ETA:38s]
[#e402f3 698MiB/731MiB(95%) CN:8 DL:894KiB ETA:38s]
[#e402f3 699MiB/731MiB(95%) CN:8 DL:888KiB ETA:37s]
[#e402f3 700MiB/731MiB(95%) CN:8 DL:876KiB ETA:36s]
[#e402f3 701MiB/731MiB(95%) CN:8 DL:0.9MiB ETA:31s]
[#e402f3 701MiB/731MiB(95%) CN:8 DL:1.0MiB ETA:28s]
[#e402f3 702MiB/731MiB(96%) CN:8 DL:1.0MiB ETA:27s]
[#e402f3 703MiB/731MiB(96%) CN:8 DL:1.0MiB ETA:27s]
[#e402f3 704MiB/731MiB(96%) CN:8 DL:0.9MiB ETA:29s]
[#e402f3 705MiB/731MiB(96%) CN:8 DL:0.9MiB ETA:28s]
[#e402f3 705MiB/731MiB(96%) CN:8 DL:771KiB ETA:34s]
[#e402f3 706MiB/731MiB(96%) CN:8 DL:750KiB ETA:34s]
[#e402f3 708MiB/731MiB(96%) CN:8 DL:855KiB ETA:28s]
[#e402f3 709MiB/731MiB(96%) CN:8 DL:873KiB ETA:26s]
[#e402f3 710MiB/731MiB(97%) CN:8 DL:862KiB ETA:25s]
[#e402f3 710MiB/731MiB(97%) CN:8 DL:855KiB ETA:24s]
[#e402f3 710MiB/731MiB(97%) CN:8 DL:747KiB ETA:28s]
[#e402f3 710MiB/731MiB(97%) CN:8 DL:657KiB ETA:32s]
[#e402f3 712MiB/731MiB(97%) CN:8 DL:684KiB ETA:29s]
[#e402f3 713MiB/731MiB(97%) CN:8 DL:0.9MiB ETA:18s]
 *** Download Progress Summary as of Thu Aug 13 07:52:12 2026 *** 
===============================================================================
[#e402f3 714MiB/731MiB(97%) CN:8 DL:0.9MiB ETA:17s]
FILE: data/genetics/phase4a_raw/psoriatic_arthritis_GCST90243956/GCST90243956.tsv
-------------------------------------------------------------------------------

[#e402f3 714MiB/731MiB(97%) CN:8 DL:0.9MiB ETA:17s]
[#e402f3 715MiB/731MiB(97%) CN:8 DL:871KiB ETA:19s]
[#e402f3 716MiB/731MiB(97%) CN:8 DL:796KiB ETA:19s]
[#e402f3 717MiB/731MiB(98%) CN:8 DL:797KiB ETA:18s]
[#e402f3 718MiB/731MiB(98%) CN:8 DL:787KiB ETA:17s]
[#e402f3 718MiB/731MiB(98%) CN:8 DL:861KiB ETA:15s]
[#e402f3 719MiB/731MiB(98%) CN:8 DL:0.9MiB ETA:12s]
[#e402f3 720MiB/731MiB(98%) CN:8 DL:0.9MiB ETA:12s]
[#e402f3 721MiB/731MiB(98%) CN:8 DL:901KiB ETA:12s]
[#e402f3 721MiB/731MiB(98%) CN:8 DL:802KiB ETA:12s]
[#e402f3 722MiB/731MiB(98%) CN:8 DL:807KiB ETA:11s]
[#e402f3 723MiB/731MiB(98%) CN:8 DL:791KiB ETA:10s]
[#e402f3 723MiB/731MiB(98%) CN:8 DL:777KiB ETA:10s]
[#e402f3 724MiB/731MiB(99%) CN:8 DL:774KiB ETA:9s]
[#e402f3 724MiB/731MiB(99%) CN:8 DL:673KiB ETA:10s]
[#e402f3 724MiB/731MiB(99%) CN:8 DL:606KiB ETA:11s]
[#e402f3 725MiB/731MiB(99%) CN:8 DL:566KiB ETA:11s]
[#e402f3 725MiB/731MiB(99%) CN:8 DL:521KiB ETA:11s]
[#e402f3 726MiB/731MiB(99%) CN:8 DL:490KiB ETA:11s]
[#e402f3 726MiB/731MiB(99%) CN:8 DL:477KiB ETA:9s]
[#e402f3 727MiB/731MiB(99%) CN:8 DL:434KiB ETA:9s]
[#e402f3 728MiB/731MiB(99%) CN:7 DL:463KiB ETA:6s]
[#e402f3 728MiB/731MiB(99%) CN:7 DL:423KiB ETA:6s]
[#e402f3 729MiB/731MiB(99%) CN:6 DL:471KiB ETA:4s]
[#e402f3 729MiB/731MiB(99%) CN:6 DL:500KiB ETA:3s]
[#e402f3 730MiB/731MiB(99%) CN:6 DL:528KiB ETA:2s]
[#e402f3 730MiB/731MiB(99%) CN:3 DL:521KiB ETA:1s]
[#e402f3 731MiB/731MiB(99%) CN:2 DL:473KiB]
[#e402f3 731MiB/731MiB(99%) CN:2 DL:426KiB]
 *** Download Progress Summary as of Thu Aug 13 07:52:43 2026 *** 
===============================================================================
[#e402f3 731MiB/731MiB(99%) CN:2 DL:391KiB]
FILE: data/genetics/phase4a_raw/psoriatic_arthritis_GCST90243956/GCST90243956.tsv
-------------------------------------------------------------------------------

[#e402f3 731MiB/731MiB(99%) CN:2 DL:391KiB]
[#e402f3 731MiB/731MiB(99%) CN:1 DL:314KiB]

08/13 07:52:44 [[1;32mNOTICE[0m] Download complete: data/genetics/phase4a_raw/psoriatic_arthritis_GCST90243956/GCST90243956.tsv

Download Results:
gid   |stat|avg speed  |path/URI
======+====+===========+=======================================================
e402f3|OK  |   863KiB/s|data/genetics/phase4a_raw/psoriatic_arthritis_GCST90243956/GCST90243956.tsv

Status Legend:
(OK):download completed.
[2026-08-13T07:52:44+0800] ARIA2 DONE
