
08/13 07:54:29 [[1;32mNOTICE[0m] Downloading 1 item(s)
[#293f90 0B/0B CN:1 DL:0B]
[#293f90 0B/0B CN:1 DL:0B]
[#293f90 0B/0B CN:1 DL:0B]
[#293f90 0B/1.0GiB(0%) CN:8 DL:4.6KiB ETA:67h35m19s]
[#293f90 0B/1.0GiB(0%) CN:8 DL:2.7KiB ETA:113h58m49s]
[#293f90 0B/1.0GiB(0%) CN:8 DL:1.8KiB ETA:166h3m31s]
[#293f90 16KiB/1.0GiB(0%) CN:8 DL:11KiB ETA:26h58m24s]
[#293f90 16KiB/1.0GiB(0%) CN:8 DL:12KiB ETA:25h48m24s]
[#293f90 32KiB/1.0GiB(0%) CN:8 DL:12KiB ETA:25h2m47s]
[#293f90 64KiB/1.0GiB(0%) CN:8 DL:14KiB ETA:21h23m5s]
[#293f90 80KiB/1.0GiB(0%) CN:8 DL:14KiB ETA:21h37m44s]
[#293f90 96KiB/1.0GiB(0%) CN:8 DL:18KiB ETA:17h6s]
[#293f90 112KiB/1.0GiB(0%) CN:8 DL:21KiB ETA:14h31m3s]
[#293f90 176KiB/1.0GiB(0%) CN:8 DL:24KiB ETA:12h39m18s]
[#293f90 224KiB/1.0GiB(0%) CN:8 DL:26KiB ETA:11h59m5s]
[#293f90 256KiB/1.0GiB(0%) CN:8 DL:28KiB ETA:10h46m53s]
[#293f90 320KiB/1.0GiB(0%) CN:8 DL:34KiB ETA:9h12s]
[#293f90 336KiB/1.0GiB(0%) CN:8 DL:31KiB ETA:10h2m46s]
[#293f90 352KiB/1.0GiB(0%) CN:8 DL:27KiB ETA:11h12m38s]
[#293f90 384KiB/1.0GiB(0%) CN:8 DL:30KiB ETA:10h15m22s]
[#293f90 432KiB/1.0GiB(0%) CN:8 DL:25KiB ETA:12h1m26s]
[#293f90 464KiB/1.0GiB(0%) CN:8 DL:27KiB ETA:11h24m37s]
[#293f90 464KiB/1.0GiB(0%) CN:8 DL:25KiB ETA:12h6m30s]
 *** Download Progress Summary as of Thu Aug 13 07:55:00 2026 *** 
===============================================================================
[#293f90 480KiB/1.0GiB(0%) CN:8 DL:16KiB ETA:19h30m19s]
FILE: data/genetics/phase4a_raw/type_2_diabetes_DIAMANTE_Mahajan2022/DIAMANTE.sumstats.zip
-------------------------------------------------------------------------------

[#293f90 480KiB/1.0GiB(0%) CN:8 DL:16KiB ETA:19h30m19s]
[#293f90 480KiB/1.0GiB(0%) CN:8 DL:15KiB ETA:20h46m31s]
[#293f90 496KiB/1.0GiB(0%) CN:8 DL:14KiB ETA:21h8m56s]
[#293f90 528KiB/1.0GiB(0%) CN:8 DL:15KiB ETA:19h30m54s]
[#293f90 528KiB/1.0GiB(0%) CN:8 DL:11KiB ETA:27h18m7s]
[#293f90 528KiB/1.0GiB(0%) CN:8 DL:6.6KiB ETA:46h39m42s]
[#293f90 544KiB/1.0GiB(0%) CN:8 DL:8.5KiB ETA:36h26m48s]
[#293f90 544KiB/1.0GiB(0%) CN:8 DL:7.8KiB ETA:39h49m11s]
[#293f90 560KiB/1.0GiB(0%) CN:8 DL:8.8KiB ETA:35h5m51s]
[#293f90 592KiB/1.0GiB(0%) CN:8 DL:11KiB ETA:26h10m56s]
[#293f90 624KiB/1.0GiB(0%) CN:8 DL:10KiB ETA:29h31m5s]
[#293f90 640KiB/1.0GiB(0%) CN:8 DL:13KiB ETA:23h40m14s]
[#293f90 640KiB/1.0GiB(0%) CN:8 DL:11KiB ETA:26h25m33s]
[#293f90 656KiB/1.0GiB(0%) CN:8 DL:12KiB ETA:24h39m15s]
[#293f90 688KiB/1.0GiB(0%) CN:8 DL:13KiB ETA:23h10m37s]
[#293f90 704KiB/1.0GiB(0%) CN:8 DL:12KiB ETA:24h1m17s]
[#293f90 720KiB/1.0GiB(0%) CN:8 DL:13KiB ETA:23h47m44s]
[#293f90 720KiB/1.0GiB(0%) CN:8 DL:11KiB ETA:27h57m31s]
[#293f90 720KiB/1.0GiB(0%) CN:8 DL:9.7KiB ETA:32h1m35s]
[#293f90 736KiB/1.0GiB(0%) CN:8 DL:10KiB ETA:29h22m56s]
[#293f90 784KiB/1.0GiB(0%) CN:8 DL:13KiB ETA:22h40m42s]
[#293f90 816KiB/1.0GiB(0%) CN:8 DL:15KiB ETA:19h37m17s]
[#293f90 832KiB/1.0GiB(0%) CN:8 DL:15KiB ETA:20h32m36s]
[#293f90 848KiB/1.0GiB(0%) CN:8 DL:14KiB ETA:21h25m48s]
 *** Download Progress Summary as of Thu Aug 13 07:55:30 2026 *** 
===============================================================================
[#293f90 864KiB/1.0GiB(0%) CN:8 DL:14KiB ETA:21h22m31s]
FILE: data/genetics/phase4a_raw/type_2_diabetes_DIAMANTE_Mahajan2022/DIAMANTE.sumstats.zip
-------------------------------------------------------------------------------

[#293f90 864KiB/1.0GiB(0%) CN:8 DL:14KiB ETA:21h22m31s]
[#293f90 864KiB/1.0GiB(0%) CN:8 DL:14KiB ETA:21h43m5s]
[#293f90 896KiB/1.0GiB(0%) CN:8 DL:17KiB ETA:18h8m13s]
[#293f90 912KiB/1.0GiB(0%) CN:8 DL:17KiB ETA:18h17m10s]
[#293f90 0.9MiB/1.0GiB(0%) CN:8 DL:14KiB ETA:22h13m50s]
[#293f90 0.9MiB/1.0GiB(0%) CN:8 DL:12KiB ETA:24h30m56s]
[#293f90 0.9MiB/1.0GiB(0%) CN:8 DL:12KiB ETA:24h40m27s]
[#293f90 0.9MiB/1.0GiB(0%) CN:8 DL:14KiB ETA:21h18m21s]
[#293f90 1.0MiB/1.0GiB(0%) CN:8 DL:18KiB ETA:17h16m9s]
[#293f90 1.0MiB/1.0GiB(0%) CN:8 DL:21KiB ETA:14h33m20s]
[#293f90 1.0MiB/1.0GiB(0%) CN:8 DL:18KiB ETA:17h40s]
[#293f90 1.0MiB/1.0GiB(0%) CN:8 DL:17KiB ETA:18h7m2s]
[#293f90 1.1MiB/1.0GiB(0%) CN:8 DL:20KiB ETA:14h55m11s]
[#293f90 1.1MiB/1.0GiB(0%) CN:8 DL:23KiB ETA:13h1m9s]
[#293f90 1.1MiB/1.0GiB(0%) CN:8 DL:20KiB ETA:15h15m56s]
[#293f90 1.1MiB/1.0GiB(0%) CN:8 DL:17KiB ETA:18h14m41s]
[#293f90 1.1MiB/1.0GiB(0%) CN:8 DL:15KiB ETA:19h31m11s]
[#293f90 1.2MiB/1.0GiB(0%) CN:8 DL:18KiB ETA:16h38m28s]
[#293f90 1.2MiB/1.0GiB(0%) CN:8 DL:19KiB ETA:15h44m17s]
[#293f90 1.2MiB/1.0GiB(0%) CN:8 DL:18KiB ETA:17h13m6s]
[#293f90 1.2MiB/1.0GiB(0%) CN:8 DL:13KiB ETA:22h38m9s]
[#293f90 1.3MiB/1.0GiB(0%) CN:8 DL:19KiB ETA:16h19m23s]
[#293f90 1.3MiB/1.0GiB(0%) CN:8 DL:17KiB ETA:18h9m57s]
[#293f90 1.3MiB/1.0GiB(0%) CN:8 DL:14KiB ETA:22h12s]
[#293f90 1.3MiB/1.0GiB(0%) CN:8 DL:13KiB ETA:22h35m57s]
 *** Download Progress Summary as of Thu Aug 13 07:56:01 2026 *** 
===============================================================================
[#293f90 1.3MiB/1.0GiB(0%) CN:8 DL:12KiB ETA:24h24m17s]
FILE: data/genetics/phase4a_raw/type_2_diabetes_DIAMANTE_Mahajan2022/DIAMANTE.sumstats.zip
-------------------------------------------------------------------------------

[#293f90 1.3MiB/1.0GiB(0%) CN:8 DL:12KiB ETA:24h24m17s]
[#293f90 1.3MiB/1.0GiB(0%) CN:8 DL:17KiB ETA:18h9m22s]
[#293f90 1.4MiB/1.0GiB(0%) CN:8 DL:15KiB ETA:20h20m42s]
[#293f90 1.4MiB/1.0GiB(0%) CN:8 DL:14KiB ETA:21h24m3s]
[#293f90 1.4MiB/1.0GiB(0%) CN:8 DL:14KiB ETA:21h3m14s]
[#293f90 1.4MiB/1.0GiB(0%) CN:8 DL:15KiB ETA:20h7m3s]
[#293f90 1.4MiB/1.0GiB(0%) CN:8 DL:15KiB ETA:20h39m35s]
[#293f90 1.5MiB/1.0GiB(0%) CN:8 DL:18KiB ETA:16h39m7s]
[#293f90 1.5MiB/1.0GiB(0%) CN:8 DL:22KiB ETA:13h55m36s]
[#293f90 1.6MiB/1.0GiB(0%) CN:8 DL:24KiB ETA:12h55m25s]
[#293f90 1.6MiB/1.0GiB(0%) CN:8 DL:22KiB ETA:14h1m43s]
[#293f90 1.6MiB/1.0GiB(0%) CN:8 DL:22KiB ETA:13h34m50s]
[#293f90 1.6MiB/1.0GiB(0%) CN:8 DL:24KiB ETA:12h29m54s]
[#293f90 1.6MiB/1.0GiB(0%) CN:8 DL:24KiB ETA:12h32m27s]
[#293f90 1.7MiB/1.0GiB(0%) CN:8 DL:26KiB ETA:11h35m15s]
[#293f90 1.7MiB/1.0GiB(0%) CN:8 DL:24KiB ETA:12h40m16s]
[#293f90 1.7MiB/1.0GiB(0%) CN:8 DL:16KiB ETA:18h34m11s]
[#293f90 1.7MiB/1.0GiB(0%) CN:8 DL:15KiB ETA:20h5m34s]
[#293f90 1.7MiB/1.0GiB(0%) CN:8 DL:20KiB ETA:15h14m57s]
[#293f90 1.8MiB/1.0GiB(0%) CN:8 DL:22KiB ETA:13h33m51s]
[#293f90 1.8MiB/1.0GiB(0%) CN:8 DL:23KiB ETA:13h7m28s]
[#293f90 1.8MiB/1.0GiB(0%) CN:8 DL:21KiB ETA:14h47m59s]
[#293f90 1.8MiB/1.0GiB(0%) CN:8 DL:19KiB ETA:15h59m59s]
[#293f90 1.9MiB/1.0GiB(0%) CN:8 DL:24KiB ETA:12h34m41s]
 *** Download Progress Summary as of Thu Aug 13 07:56:31 2026 *** 
===============================================================================
[#293f90 1.9MiB/1.0GiB(0%) CN:8 DL:22KiB ETA:13h46m7s]
FILE: data/genetics/phase4a_raw/type_2_diabetes_DIAMANTE_Mahajan2022/DIAMANTE.sumstats.zip
-------------------------------------------------------------------------------

