
08/13 08:02:27 [[1;32mNOTICE[0m] Downloading 1 item(s)
[#72b6b4 0B/0B CN:1 DL:0B]
[#72b6b4 0B/0B CN:1 DL:0B]
[#72b6b4 0B/0B CN:1 DL:0B]
[#72b6b4 0B/0B CN:1 DL:0B]
[#72b6b4 0B/0B CN:1 DL:0B]
[#72b6b4 0B/298MiB(0%) CN:8 DL:15KiB ETA:5h33m53s]
[#72b6b4 0B/298MiB(0%) CN:8 DL:7.6KiB ETA:11h5m49s]
[#72b6b4 48KiB/298MiB(0%) CN:8 DL:20KiB ETA:4h13m55s]
[#72b6b4 80KiB/298MiB(0%) CN:8 DL:20KiB ETA:4h3m20s]
[#72b6b4 96KiB/298MiB(0%) CN:8 DL:21KiB ETA:4h2m18s]
[#72b6b4 112KiB/298MiB(0%) CN:8 DL:16KiB ETA:5h2m59s]
[#72b6b4 112KiB/298MiB(0%) CN:8 DL:17KiB ETA:4h43m24s]
[#72b6b4 224KiB/298MiB(0%) CN:8 DL:28KiB ETA:2h59m34s]
[#72b6b4 368KiB/298MiB(0%) CN:8 DL:44KiB ETA:1h54m10s]
[#72b6b4 432KiB/298MiB(0%) CN:8 DL:44KiB ETA:1h54m3s]
[#72b6b4 512KiB/298MiB(0%) CN:8 DL:53KiB ETA:1h35m50s]
[#72b6b4 752KiB/298MiB(0%) CN:8 DL:79KiB ETA:1h4m5s]
[#72b6b4 752KiB/298MiB(0%) CN:8 DL:72KiB ETA:1h10m37s]
[#72b6b4 0.9MiB/298MiB(0%) CN:8 DL:101KiB ETA:49m57s]
[#72b6b4 0.9MiB/298MiB(0%) CN:8 DL:100KiB ETA:50m28s]
[#72b6b4 1.3MiB/298MiB(0%) CN:8 DL:117KiB ETA:43m8s]
[#72b6b4 1.6MiB/298MiB(0%) CN:8 DL:146KiB ETA:34m30s]
[#72b6b4 1.7MiB/298MiB(0%) CN:8 DL:141KiB ETA:35m54s]
 *** Download Progress Summary as of Thu Aug 13 08:02:58 2026 *** 
===============================================================================
[#72b6b4 2.1MiB/298MiB(0%) CN:8 DL:170KiB ETA:29m43s]
FILE: data/genetics/phase4a_raw/ulcerative_colitis_GCST004133/uc_build37_45975_20161107.txt.gz
-------------------------------------------------------------------------------

[#72b6b4 2.1MiB/298MiB(0%) CN:8 DL:170KiB ETA:29m43s]
[#72b6b4 2.6MiB/298MiB(0%) CN:8 DL:226KiB ETA:22m16s]
[#72b6b4 2.8MiB/298MiB(0%) CN:8 DL:218KiB ETA:23m4s]
[#72b6b4 3.2MiB/298MiB(1%) CN:8 DL:250KiB ETA:20m8s]
[#72b6b4 3.3MiB/298MiB(1%) CN:8 DL:231KiB ETA:21m44s]
[#72b6b4 3.5MiB/298MiB(1%) CN:8 DL:232KiB ETA:21m37s]
[#72b6b4 3.7MiB/298MiB(1%) CN:8 DL:244KiB ETA:20m36s]
[#72b6b4 4.2MiB/298MiB(1%) CN:8 DL:282KiB ETA:17m48s]
[#72b6b4 4.7MiB/298MiB(1%) CN:8 DL:302KiB ETA:16m33s]
[#72b6b4 4.9MiB/298MiB(1%) CN:8 DL:261KiB ETA:19m9s]
[#72b6b4 5.4MiB/298MiB(1%) CN:8 DL:299KiB ETA:16m43s]
[#72b6b4 5.5MiB/298MiB(1%) CN:8 DL:256KiB ETA:19m29s]
[#72b6b4 5.7MiB/298MiB(1%) CN:8 DL:262KiB ETA:19m2s]
[#72b6b4 5.8MiB/298MiB(1%) CN:8 DL:241KiB ETA:20m43s]
[#72b6b4 6.0MiB/298MiB(2%) CN:8 DL:236KiB ETA:21m8s]
[#72b6b4 6.3MiB/298MiB(2%) CN:8 DL:217KiB ETA:22m54s]
[#72b6b4 6.3MiB/298MiB(2%) CN:8 DL:171KiB ETA:29m6s]
[#72b6b4 6.6MiB/298MiB(2%) CN:8 DL:183KiB ETA:27m12s]
[#72b6b4 6.6MiB/298MiB(2%) CN:8 DL:128KiB ETA:38m40s]
[#72b6b4 6.9MiB/298MiB(2%) CN:8 DL:155KiB ETA:32m]
[#72b6b4 6.9MiB/298MiB(2%) CN:8 DL:144KiB ETA:34m34s]
[#72b6b4 7.1MiB/298MiB(2%) CN:8 DL:151KiB ETA:32m57s]
[#72b6b4 7.2MiB/298MiB(2%) CN:8 DL:150KiB ETA:33m2s]
[#72b6b4 7.5MiB/298MiB(2%) CN:8 DL:136KiB ETA:36m21s]
[#72b6b4 7.6MiB/298MiB(2%) CN:8 DL:149KiB ETA:33m11s]
[#72b6b4 7.7MiB/298MiB(2%) CN:8 DL:152KiB ETA:32m34s]
[#72b6b4 8.0MiB/298MiB(2%) CN:8 DL:161KiB ETA:30m44s]
 *** Download Progress Summary as of Thu Aug 13 08:03:29 2026 *** 
===============================================================================
[#72b6b4 8.2MiB/298MiB(2%) CN:8 DL:151KiB ETA:32m46s]
FILE: data/genetics/phase4a_raw/ulcerative_colitis_GCST004133/uc_build37_45975_20161107.txt.gz
-------------------------------------------------------------------------------

[#72b6b4 8.2MiB/298MiB(2%) CN:8 DL:151KiB ETA:32m46s]
[#72b6b4 8.3MiB/298MiB(2%) CN:8 DL:154KiB ETA:32m]
[#72b6b4 8.5MiB/298MiB(2%) CN:8 DL:149KiB ETA:33m12s]
[#72b6b4 8.7MiB/298MiB(2%) CN:8 DL:171KiB ETA:28m53s]
[#72b6b4 8.9MiB/298MiB(2%) CN:8 DL:171KiB ETA:28m49s]
[#72b6b4 9.0MiB/298MiB(3%) CN:8 DL:167KiB ETA:29m26s]
[#72b6b4 9.5MiB/298MiB(3%) CN:8 DL:197KiB ETA:24m58s]
[#72b6b4 9.6MiB/298MiB(3%) CN:8 DL:197KiB ETA:24m57s]
[#72b6b4 9.9MiB/298MiB(3%) CN:8 DL:201KiB ETA:24m26s]
[#72b6b4 10MiB/298MiB(3%) CN:8 DL:206KiB ETA:23m53s]
[#72b6b4 10MiB/298MiB(3%) CN:8 DL:199KiB ETA:24m40s]
[#72b6b4 10MiB/298MiB(3%) CN:8 DL:230KiB ETA:21m16s]
[#72b6b4 10MiB/298MiB(3%) CN:8 DL:221KiB ETA:22m12s]
[#72b6b4 11MiB/298MiB(3%) CN:8 DL:206KiB ETA:23m49s]
[#72b6b4 11MiB/298MiB(3%) CN:8 DL:183KiB ETA:26m47s]
[#72b6b4 11MiB/298MiB(3%) CN:8 DL:184KiB ETA:26m32s]
[#72b6b4 11MiB/298MiB(3%) CN:8 DL:171KiB ETA:28m30s]
[#72b6b4 11MiB/298MiB(3%) CN:8 DL:188KiB ETA:25m57s]
[#72b6b4 11MiB/298MiB(4%) CN:8 DL:182KiB ETA:26m50s]
[#72b6b4 12MiB/298MiB(4%) CN:8 DL:147KiB ETA:33m14s]
[#72b6b4 12MiB/298MiB(4%) CN:8 DL:132KiB ETA:36m52s]
[#72b6b4 12MiB/298MiB(4%) CN:8 DL:120KiB ETA:40m41s]
[#72b6b4 12MiB/298MiB(4%) CN:8 DL:124KiB ETA:39m22s]
[#72b6b4 12MiB/298MiB(4%) CN:8 DL:108KiB ETA:45m4s]
[#72b6b4 12MiB/298MiB(4%) CN:8 DL:118KiB ETA:41m5s]
[#72b6b4 12MiB/298MiB(4%) CN:8 DL:108KiB ETA:44m48s]
[#72b6b4 12MiB/298MiB(4%) CN:8 DL:88KiB ETA:55m]
 *** Download Progress Summary as of Thu Aug 13 08:04:00 2026 *** 
===============================================================================
[#72b6b4 12MiB/298MiB(4%) CN:8 DL:92KiB ETA:52m28s]
FILE: data/genetics/phase4a_raw/ulcerative_colitis_GCST004133/uc_build37_45975_20161107.txt.gz
-------------------------------------------------------------------------------

[#72b6b4 12MiB/298MiB(4%) CN:8 DL:92KiB ETA:52m28s]
[#72b6b4 12MiB/298MiB(4%) CN:8 DL:98KiB ETA:49m36s]
[#72b6b4 13MiB/298MiB(4%) CN:8 DL:122KiB ETA:39m42s]
[#72b6b4 13MiB/298MiB(4%) CN:8 DL:140KiB ETA:34m37s]
[#72b6b4 13MiB/298MiB(4%) CN:8 DL:129KiB ETA:37m39s]
[#72b6b4 14MiB/298MiB(4%) CN:8 DL:164KiB ETA:29m36s]
[#72b6b4 14MiB/298MiB(4%) CN:8 DL:177KiB ETA:27m22s]
[#72b6b4 14MiB/298MiB(4%) CN:8 DL:178KiB ETA:27m9s]
[#72b6b4 14MiB/298MiB(4%) CN:8 DL:182KiB ETA:26m30s]
[#72b6b4 14MiB/298MiB(4%) CN:8 DL:193KiB ETA:25m4s]
[#72b6b4 15MiB/298MiB(5%) CN:8 DL:212KiB ETA:22m44s]
[#72b6b4 15MiB/298MiB(5%) CN:8 DL:186KiB ETA:25m58s]
[#72b6b4 15MiB/298MiB(5%) CN:8 DL:197KiB ETA:24m28s]
[#72b6b4 15MiB/298MiB(5%) CN:8 DL:185KiB ETA:26m3s]
[#72b6b4 15MiB/298MiB(5%) CN:8 DL:194KiB ETA:24m46s]
[#72b6b4 15MiB/298MiB(5%) CN:8 DL:184KiB ETA:26m8s]
[#72b6b4 16MiB/298MiB(5%) CN:8 DL:192KiB ETA:25m4s]
[#72b6b4 16MiB/298MiB(5%) CN:8 DL:189KiB ETA:25m23s]
[#72b6b4 16MiB/298MiB(5%) CN:8 DL:199KiB ETA:24m5s]
[#72b6b4 17MiB/298MiB(5%) CN:8 DL:242KiB ETA:19m46s]
[#72b6b4 17MiB/298MiB(5%) CN:8 DL:275KiB ETA:17m22s]
[#72b6b4 18MiB/298MiB(6%) CN:8 DL:298KiB ETA:16m2s]
[#72b6b4 18MiB/298MiB(6%) CN:8 DL:313KiB ETA:15m16s]
[#72b6b4 19MiB/298MiB(6%) CN:8 DL:333KiB ETA:14m20s]
[#72b6b4 19MiB/298MiB(6%) CN:8 DL:340KiB ETA:14m1s]
[#72b6b4 19MiB/298MiB(6%) CN:8 DL:347KiB ETA:13m41s]
[#72b6b4 20MiB/298MiB(6%) CN:8 DL:375KiB ETA:12m40s]
[#72b6b4 20MiB/298MiB(6%) CN:8 DL:364KiB ETA:13m2s]
 *** Download Progress Summary as of Thu Aug 13 08:04:31 2026 *** 
===============================================================================
[#72b6b4 20MiB/298MiB(6%) CN:8 DL:362KiB ETA:13m4s]
FILE: data/genetics/phase4a_raw/ulcerative_colitis_GCST004133/uc_build37_45975_20161107.txt.gz
-------------------------------------------------------------------------------

[#72b6b4 20MiB/298MiB(6%) CN:8 DL:362KiB ETA:13m4s]
[#72b6b4 21MiB/298MiB(7%) CN:8 DL:362KiB ETA:13m3s]
[#72b6b4 21MiB/298MiB(7%) CN:8 DL:328KiB ETA:14m25s]
[#72b6b4 21MiB/298MiB(7%) CN:8 DL:289KiB ETA:16m19s]
[#72b6b4 21MiB/298MiB(7%) CN:8 DL:289KiB ETA:16m21s]
[#72b6b4 22MiB/298MiB(7%) CN:8 DL:304KiB ETA:15m29s]
[#72b6b4 22MiB/298MiB(7%) CN:8 DL:252KiB ETA:18m40s]
[#72b6b4 22MiB/298MiB(7%) CN:8 DL:262KiB ETA:17m56s]
[#72b6b4 22MiB/298MiB(7%) CN:8 DL:219KiB ETA:21m30s]
[#72b6b4 22MiB/298MiB(7%) CN:8 DL:209KiB ETA:22m26s]
[#72b6b4 23MiB/298MiB(7%) CN:8 DL:220KiB ETA:21m19s]
[#72b6b4 23MiB/298MiB(7%) CN:8 DL:230KiB ETA:20m23s]
[#72b6b4 23MiB/298MiB(7%) CN:8 DL:231KiB ETA:20m14s]
[#72b6b4 23MiB/298MiB(7%) CN:8 DL:195KiB ETA:23m59s]
[#72b6b4 24MiB/298MiB(8%) CN:8 DL:208KiB ETA:22m25s]
[#72b6b4 24MiB/298MiB(8%) CN:8 DL:172KiB ETA:27m11s]
[#72b6b4 24MiB/298MiB(8%) CN:8 DL:242KiB ETA:19m16s]
[#72b6b4 25MiB/298MiB(8%) CN:8 DL:253KiB ETA:18m22s]
[#72b6b4 25MiB/298MiB(8%) CN:8 DL:243KiB ETA:19m8s]
[#72b6b4 25MiB/298MiB(8%) CN:8 DL:262KiB ETA:17m43s]
[#72b6b4 26MiB/298MiB(8%) CN:8 DL:262KiB ETA:17m43s]
[#72b6b4 26MiB/298MiB(8%) CN:8 DL:272KiB ETA:17m2s]
[#72b6b4 26MiB/298MiB(8%) CN:8 DL:284KiB ETA:16m18s]
[#72b6b4 27MiB/298MiB(9%) CN:8 DL:309KiB ETA:14m59s]
[#72b6b4 27MiB/298MiB(9%) CN:8 DL:357KiB ETA:12m57s]
[#72b6b4 27MiB/298MiB(9%) CN:8 DL:309KiB ETA:14m55s]
[#72b6b4 28MiB/298MiB(9%) CN:8 DL:328KiB ETA:14m4s]
 *** Download Progress Summary as of Thu Aug 13 08:05:01 2026 *** 
===============================================================================
[#72b6b4 28MiB/298MiB(9%) CN:8 DL:312KiB ETA:14m44s]
FILE: data/genetics/phase4a_raw/ulcerative_colitis_GCST004133/uc_build37_45975_20161107.txt.gz
-------------------------------------------------------------------------------

[#72b6b4 28MiB/298MiB(9%) CN:8 DL:312KiB ETA:14m44s]
[#72b6b4 28MiB/298MiB(9%) CN:8 DL:321KiB ETA:14m18s]
[#72b6b4 28MiB/298MiB(9%) CN:8 DL:297KiB ETA:15m27s]
[#72b6b4 29MiB/298MiB(9%) CN:8 DL:326KiB ETA:14m5s]
[#72b6b4 29MiB/298MiB(9%) CN:8 DL:326KiB ETA:14m3s]
[#72b6b4 29MiB/298MiB(10%) CN:8 DL:299KiB ETA:15m18s]
[#72b6b4 30MiB/298MiB(10%) CN:8 DL:280KiB ETA:16m20s]
[#72b6b4 30MiB/298MiB(10%) CN:8 DL:270KiB ETA:16m55s]
[#72b6b4 30MiB/298MiB(10%) CN:8 DL:250KiB ETA:18m16s]
[#72b6b4 30MiB/298MiB(10%) CN:8 DL:237KiB ETA:19m16s]
[#72b6b4 31MiB/298MiB(10%) CN:8 DL:247KiB ETA:18m26s]
[#72b6b4 31MiB/298MiB(10%) CN:8 DL:271KiB ETA:16m47s]
[#72b6b4 32MiB/298MiB(10%) CN:8 DL:266KiB ETA:17m4s]
[#72b6b4 32MiB/298MiB(10%) CN:8 DL:289KiB ETA:15m42s]
[#72b6b4 32MiB/298MiB(10%) CN:8 DL:262KiB ETA:17m16s]
[#72b6b4 32MiB/298MiB(10%) CN:8 DL:264KiB ETA:17m10s]
[#72b6b4 33MiB/298MiB(11%) CN:8 DL:310KiB ETA:14m36s]
[#72b6b4 33MiB/298MiB(11%) CN:8 DL:328KiB ETA:13m47s]
[#72b6b4 34MiB/298MiB(11%) CN:8 DL:355KiB ETA:12m41s]
[#72b6b4 34MiB/298MiB(11%) CN:8 DL:321KiB ETA:14m3s]
[#72b6b4 34MiB/298MiB(11%) CN:8 DL:278KiB ETA:16m12s]
[#72b6b4 34MiB/298MiB(11%) CN:8 DL:266KiB ETA:16m52s]
[#72b6b4 35MiB/298MiB(11%) CN:8 DL:293KiB ETA:15m19s]
[#72b6b4 35MiB/298MiB(11%) CN:8 DL:304KiB ETA:14m46s]
[#72b6b4 35MiB/298MiB(11%) CN:8 DL:267KiB ETA:16m45s]
[#72b6b4 35MiB/298MiB(12%) CN:8 DL:267KiB ETA:16m44s]
[#72b6b4 36MiB/298MiB(12%) CN:8 DL:212KiB ETA:21m4s]
 *** Download Progress Summary as of Thu Aug 13 08:05:31 2026 *** 
===============================================================================
[#72b6b4 36MiB/298MiB(12%) CN:8 DL:229KiB ETA:19m32s]
FILE: data/genetics/phase4a_raw/ulcerative_colitis_GCST004133/uc_build37_45975_20161107.txt.gz
-------------------------------------------------------------------------------

[#72b6b4 36MiB/298MiB(12%) CN:8 DL:229KiB ETA:19m32s]
[#72b6b4 36MiB/298MiB(12%) CN:8 DL:252KiB ETA:17m42s]
[#72b6b4 37MiB/298MiB(12%) CN:8 DL:277KiB ETA:16m3s]
[#72b6b4 37MiB/298MiB(12%) CN:8 DL:299KiB ETA:14m51s]
[#72b6b4 37MiB/298MiB(12%) CN:8 DL:287KiB ETA:15m29s]
[#72b6b4 38MiB/298MiB(12%) CN:8 DL:294KiB ETA:15m5s]
[#72b6b4 38MiB/298MiB(12%) CN:8 DL:280KiB ETA:15m49s]
[#72b6b4 38MiB/298MiB(12%) CN:8 DL:280KiB ETA:15m50s]
[#72b6b4 38MiB/298MiB(12%) CN:8 DL:286KiB ETA:15m28s]
[#72b6b4 39MiB/298MiB(13%) CN:8 DL:299KiB ETA:14m46s]
[#72b6b4 39MiB/298MiB(13%) CN:8 DL:284KiB ETA:15m34s]
[#72b6b4 39MiB/298MiB(13%) CN:8 DL:253KiB ETA:17m28s]
[#72b6b4 39MiB/298MiB(13%) CN:8 DL:216KiB ETA:20m22s]
[#72b6b4 39MiB/298MiB(13%) CN:8 DL:207KiB ETA:21m19s]
[#72b6b4 40MiB/298MiB(13%) CN:8 DL:213KiB ETA:20m41s]
[#72b6b4 40MiB/298MiB(13%) CN:8 DL:214KiB ETA:20m31s]
[#72b6b4 40MiB/298MiB(13%) CN:8 DL:214KiB ETA:20m32s]
[#72b6b4 40MiB/298MiB(13%) CN:8 DL:220KiB ETA:20m]
[#72b6b4 40MiB/298MiB(13%) CN:8 DL:184KiB ETA:23m50s]
[#72b6b4 40MiB/298MiB(13%) CN:8 DL:165KiB ETA:26m38s]
[#72b6b4 41MiB/298MiB(13%) CN:8 DL:163KiB ETA:26m57s]
[#72b6b4 41MiB/298MiB(13%) CN:8 DL:175KiB ETA:24m59s]
[#72b6b4 41MiB/298MiB(13%) CN:8 DL:174KiB ETA:25m13s]
[#72b6b4 41MiB/298MiB(13%) CN:8 DL:165KiB ETA:26m29s]
[#72b6b4 41MiB/298MiB(13%) CN:8 DL:140KiB ETA:31m17s]
[#72b6b4 41MiB/298MiB(14%) CN:8 DL:141KiB ETA:31m1s]
[#72b6b4 42MiB/298MiB(14%) CN:8 DL:156KiB ETA:27m56s]
[#72b6b4 42MiB/298MiB(14%) CN:8 DL:174KiB ETA:25m3s]
[#72b6b4 42MiB/298MiB(14%) CN:8 DL:194KiB ETA:22m29s]
 *** Download Progress Summary as of Thu Aug 13 08:06:02 2026 *** 
===============================================================================
[#72b6b4 42MiB/298MiB(14%) CN:8 DL:187KiB ETA:23m18s]
FILE: data/genetics/phase4a_raw/ulcerative_colitis_GCST004133/uc_build37_45975_20161107.txt.gz
-------------------------------------------------------------------------------

[#72b6b4 42MiB/298MiB(14%) CN:8 DL:187KiB ETA:23m18s]
[#72b6b4 43MiB/298MiB(14%) CN:8 DL:208KiB ETA:20m55s]
[#72b6b4 43MiB/298MiB(14%) CN:8 DL:206KiB ETA:21m3s]
[#72b6b4 43MiB/298MiB(14%) CN:8 DL:218KiB ETA:19m54s]
[#72b6b4 44MiB/298MiB(14%) CN:8 DL:237KiB ETA:18m18s]
[#72b6b4 44MiB/298MiB(14%) CN:8 DL:253KiB ETA:17m9s]
[#72b6b4 44MiB/298MiB(14%) CN:8 DL:272KiB ETA:15m55s]
[#72b6b4 44MiB/298MiB(14%) CN:8 DL:248KiB ETA:17m26s]
[#72b6b4 45MiB/298MiB(15%) CN:8 DL:265KiB ETA:16m19s]
[#72b6b4 45MiB/298MiB(15%) CN:8 DL:287KiB ETA:15m1s]
[#72b6b4 45MiB/298MiB(15%) CN:8 DL:266KiB ETA:16m10s]
[#72b6b4 46MiB/298MiB(15%) CN:8 DL:288KiB ETA:14m54s]
[#72b6b4 46MiB/298MiB(15%) CN:8 DL:292KiB ETA:14m44s]
[#72b6b4 46MiB/298MiB(15%) CN:8 DL:300KiB ETA:14m17s]
[#72b6b4 47MiB/298MiB(15%) CN:8 DL:301KiB ETA:14m15s]
[#72b6b4 47MiB/298MiB(15%) CN:8 DL:312KiB ETA:13m43s]
[#72b6b4 47MiB/298MiB(15%) CN:8 DL:309KiB ETA:13m50s]
[#72b6b4 48MiB/298MiB(16%) CN:8 DL:271KiB ETA:15m43s]
[#72b6b4 48MiB/298MiB(16%) CN:8 DL:279KiB ETA:15m19s]
[#72b6b4 48MiB/298MiB(16%) CN:8 DL:282KiB ETA:15m8s]
[#72b6b4 48MiB/298MiB(16%) CN:8 DL:286KiB ETA:14m54s]
[#72b6b4 49MiB/298MiB(16%) CN:8 DL:294KiB ETA:14m26s]
[#72b6b4 49MiB/298MiB(16%) CN:8 DL:292KiB ETA:14m30s]
[#72b6b4 49MiB/298MiB(16%) CN:8 DL:269KiB ETA:15m46s]
[#72b6b4 50MiB/298MiB(16%) CN:8 DL:264KiB ETA:16m2s]
[#72b6b4 50MiB/298MiB(16%) CN:8 DL:282KiB ETA:15m]
[#72b6b4 50MiB/298MiB(16%) CN:8 DL:290KiB ETA:14m33s]
[#72b6b4 50MiB/298MiB(17%) CN:8 DL:297KiB ETA:14m13s]
 *** Download Progress Summary as of Thu Aug 13 08:06:32 2026 *** 
===============================================================================
[#72b6b4 51MiB/298MiB(17%) CN:8 DL:299KiB ETA:14m7s]
FILE: data/genetics/phase4a_raw/ulcerative_colitis_GCST004133/uc_build37_45975_20161107.txt.gz
-------------------------------------------------------------------------------

[#72b6b4 51MiB/298MiB(17%) CN:8 DL:299KiB ETA:14m7s]
[#72b6b4 51MiB/298MiB(17%) CN:8 DL:261KiB ETA:16m10s]
[#72b6b4 51MiB/298MiB(17%) CN:8 DL:265KiB ETA:15m52s]
[#72b6b4 51MiB/298MiB(17%) CN:8 DL:249KiB ETA:16m51s]
[#72b6b4 52MiB/298MiB(17%) CN:8 DL:268KiB ETA:15m41s]
[#72b6b4 52MiB/298MiB(17%) CN:8 DL:256KiB ETA:16m22s]
[#72b6b4 52MiB/298MiB(17%) CN:8 DL:253KiB ETA:16m34s]
[#72b6b4 53MiB/298MiB(17%) CN:8 DL:266KiB ETA:15m42s]
[#72b6b4 53MiB/298MiB(17%) CN:8 DL:263KiB ETA:15m54s]
[#72b6b4 53MiB/298MiB(17%) CN:8 DL:246KiB ETA:16m57s]
[#72b6b4 53MiB/298MiB(18%) CN:8 DL:243KiB ETA:17m10s]
[#72b6b4 54MiB/298MiB(18%) CN:8 DL:250KiB ETA:16m41s]
[#72b6b4 54MiB/298MiB(18%) CN:8 DL:274KiB ETA:15m12s]
[#72b6b4 55MiB/298MiB(18%) CN:8 DL:309KiB ETA:13m27s]
[#72b6b4 55MiB/298MiB(18%) CN:8 DL:325KiB ETA:12m44s]
[#72b6b4 55MiB/298MiB(18%) CN:8 DL:303KiB ETA:13m40s]
[#72b6b4 55MiB/298MiB(18%) CN:8 DL:294KiB ETA:14m4s]
[#72b6b4 56MiB/298MiB(18%) CN:8 DL:286KiB ETA:14m25s]
[#72b6b4 56MiB/298MiB(18%) CN:8 DL:326KiB ETA:12m39s]
[#72b6b4 57MiB/298MiB(19%) CN:8 DL:347KiB ETA:11m52s]
[#72b6b4 57MiB/298MiB(19%) CN:8 DL:346KiB ETA:11m52s]
[#72b6b4 57MiB/298MiB(19%) CN:8 DL:313KiB ETA:13m7s]
[#72b6b4 57MiB/298MiB(19%) CN:8 DL:271KiB ETA:15m9s]
[#72b6b4 57MiB/298MiB(19%) CN:8 DL:257KiB ETA:15m58s]
[#72b6b4 58MiB/298MiB(19%) CN:8 DL:240KiB ETA:17m4s]
[#72b6b4 58MiB/298MiB(19%) CN:8 DL:241KiB ETA:17m1s]
[#72b6b4 58MiB/298MiB(19%) CN:8 DL:229KiB ETA:17m53s]
[#72b6b4 58MiB/298MiB(19%) CN:8 DL:176KiB ETA:23m14s]
 *** Download Progress Summary as of Thu Aug 13 08:07:03 2026 *** 
===============================================================================
[#72b6b4 58MiB/298MiB(19%) CN:8 DL:141KiB ETA:28m57s]
FILE: data/genetics/phase4a_raw/ulcerative_colitis_GCST004133/uc_build37_45975_20161107.txt.gz
-------------------------------------------------------------------------------

[#72b6b4 58MiB/298MiB(19%) CN:8 DL:141KiB ETA:28m57s]
[#72b6b4 58MiB/298MiB(19%) CN:8 DL:152KiB ETA:26m53s]
[#72b6b4 59MiB/298MiB(19%) CN:8 DL:159KiB ETA:25m33s]
[#72b6b4 59MiB/298MiB(19%) CN:8 DL:169KiB ETA:24m6s]
[#72b6b4 59MiB/298MiB(20%) CN:8 DL:193KiB ETA:21m2s]
[#72b6b4 60MiB/298MiB(20%) CN:8 DL:202KiB ETA:20m8s]
[#72b6b4 60MiB/298MiB(20%) CN:8 DL:243KiB ETA:16m43s]
[#72b6b4 60MiB/298MiB(20%) CN:8 DL:217KiB ETA:18m39s]
[#72b6b4 61MiB/298MiB(20%) CN:8 DL:282KiB ETA:14m19s]
[#72b6b4 61MiB/298MiB(20%) CN:8 DL:297KiB ETA:13m36s]
[#72b6b4 61MiB/298MiB(20%) CN:8 DL:302KiB ETA:13m22s]
[#72b6b4 62MiB/298MiB(20%) CN:8 DL:304KiB ETA:13m16s]
[#72b6b4 62MiB/298MiB(20%) CN:8 DL:282KiB ETA:14m16s]
[#72b6b4 62MiB/298MiB(20%) CN:8 DL:273KiB ETA:14m43s]
[#72b6b4 62MiB/298MiB(20%) CN:8 DL:221KiB ETA:18m14s]
[#72b6b4 63MiB/298MiB(21%) CN:8 DL:294KiB ETA:13m39s]
[#72b6b4 63MiB/298MiB(21%) CN:8 DL:292KiB ETA:13m41s]
[#72b6b4 64MiB/298MiB(21%) CN:8 DL:307KiB ETA:13m1s]
[#72b6b4 64MiB/298MiB(21%) CN:8 DL:275KiB ETA:14m29s]
[#72b6b4 64MiB/298MiB(21%) CN:8 DL:256KiB ETA:15m33s]
[#72b6b4 65MiB/298MiB(21%) CN:8 DL:309KiB ETA:12m53s]
[#72b6b4 66MiB/298MiB(22%) CN:8 DL:390KiB ETA:10m10s]
[#72b6b4 66MiB/298MiB(22%) CN:8 DL:428KiB ETA:9m15s]
[#72b6b4 67MiB/298MiB(22%) CN:8 DL:451KiB ETA:8m45s]
[#72b6b4 67MiB/298MiB(22%) CN:8 DL:410KiB ETA:9m37s]
[#72b6b4 67MiB/298MiB(22%) CN:8 DL:386KiB ETA:10m12s]
[#72b6b4 67MiB/298MiB(22%) CN:8 DL:329KiB ETA:11m57s]
 *** Download Progress Summary as of Thu Aug 13 08:07:34 2026 *** 
===============================================================================
[#72b6b4 67MiB/298MiB(22%) CN:8 DL:362KiB ETA:10m52s]
FILE: data/genetics/phase4a_raw/ulcerative_colitis_GCST004133/uc_build37_45975_20161107.txt.gz
-------------------------------------------------------------------------------

[#72b6b4 67MiB/298MiB(22%) CN:8 DL:362KiB ETA:10m52s]
[#72b6b4 68MiB/298MiB(22%) CN:8 DL:383KiB ETA:10m15s]
[#72b6b4 69MiB/298MiB(23%) CN:8 DL:438KiB ETA:8m55s]
[#72b6b4 69MiB/298MiB(23%) CN:8 DL:411KiB ETA:9m30s]
[#72b6b4 69MiB/298MiB(23%) CN:8 DL:337KiB ETA:11m34s]
[#72b6b4 69MiB/298MiB(23%) CN:8 DL:249KiB ETA:15m39s]
[#72b6b4 70MiB/298MiB(23%) CN:8 DL:280KiB ETA:13m53s]
[#72b6b4 70MiB/298MiB(23%) CN:8 DL:362KiB ETA:10m44s]
[#72b6b4 70MiB/298MiB(23%) CN:8 DL:341KiB ETA:11m24s]
[#72b6b4 71MiB/298MiB(23%) CN:8 DL:357KiB ETA:10m50s]
[#72b6b4 71MiB/298MiB(24%) CN:8 DL:324KiB ETA:11m56s]
[#72b6b4 71MiB/298MiB(24%) CN:8 DL:273KiB ETA:14m8s]
[#72b6b4 71MiB/298MiB(24%) CN:8 DL:246KiB ETA:15m40s]
[#72b6b4 72MiB/298MiB(24%) CN:8 DL:310KiB ETA:12m25s]
[#72b6b4 72MiB/298MiB(24%) CN:8 DL:306KiB ETA:12m34s]
[#72b6b4 73MiB/298MiB(24%) CN:8 DL:312KiB ETA:12m20s]
[#72b6b4 73MiB/298MiB(24%) CN:8 DL:289KiB ETA:13m18s]
[#72b6b4 73MiB/298MiB(24%) CN:8 DL:280KiB ETA:13m41s]
[#72b6b4 73MiB/298MiB(24%) CN:8 DL:220KiB ETA:17m24s]
[#72b6b4 73MiB/298MiB(24%) CN:8 DL:237KiB ETA:16m10s]
[#72b6b4 73MiB/298MiB(24%) CN:8 DL:235KiB ETA:16m19s]
[#72b6b4 74MiB/298MiB(24%) CN:8 DL:205KiB ETA:18m37s]
[#72b6b4 74MiB/298MiB(24%) CN:8 DL:221KiB ETA:17m16s]
[#72b6b4 74MiB/298MiB(25%) CN:8 DL:224KiB ETA:17m]
[#72b6b4 74MiB/298MiB(25%) CN:8 DL:200KiB ETA:19m3s]
[#72b6b4 75MiB/298MiB(25%) CN:8 DL:180KiB ETA:21m7s]
[#72b6b4 75MiB/298MiB(25%) CN:8 DL:170KiB ETA:22m20s]
 *** Download Progress Summary as of Thu Aug 13 08:08:04 2026 *** 
===============================================================================
[#72b6b4 75MiB/298MiB(25%) CN:8 DL:180KiB ETA:21m4s]
FILE: data/genetics/phase4a_raw/ulcerative_colitis_GCST004133/uc_build37_45975_20161107.txt.gz
-------------------------------------------------------------------------------

[#72b6b4 75MiB/298MiB(25%) CN:8 DL:180KiB ETA:21m4s]
[#72b6b4 75MiB/298MiB(25%) CN:8 DL:222KiB ETA:17m6s]
[#72b6b4 76MiB/298MiB(25%) CN:8 DL:226KiB ETA:16m47s]
[#72b6b4 76MiB/298MiB(25%) CN:8 DL:208KiB ETA:18m13s]
[#72b6b4 76MiB/298MiB(25%) CN:8 DL:191KiB ETA:19m50s]
[#72b6b4 76MiB/298MiB(25%) CN:8 DL:178KiB ETA:21m16s]
[#72b6b4 76MiB/298MiB(25%) CN:8 DL:175KiB ETA:21m35s]
[#72b6b4 76MiB/298MiB(25%) CN:8 DL:175KiB ETA:21m37s]
[#72b6b4 76MiB/298MiB(25%) CN:8 DL:193KiB ETA:19m34s]
[#72b6b4 77MiB/298MiB(25%) CN:8 DL:213KiB ETA:17m41s]
[#72b6b4 77MiB/298MiB(25%) CN:8 DL:201KiB ETA:18m46s]
[#72b6b4 77MiB/298MiB(26%) CN:8 DL:208KiB ETA:18m6s]
[#72b6b4 78MiB/298MiB(26%) CN:8 DL:206KiB ETA:18m12s]
[#72b6b4 78MiB/298MiB(26%) CN:8 DL:222KiB ETA:16m55s]
[#72b6b4 78MiB/298MiB(26%) CN:8 DL:221KiB ETA:16m56s]
[#72b6b4 78MiB/298MiB(26%) CN:8 DL:236KiB ETA:15m50s]
[#72b6b4 78MiB/298MiB(26%) CN:8 DL:226KiB ETA:16m35s]
[#72b6b4 79MiB/298MiB(26%) CN:8 DL:245KiB ETA:15m15s]
[#72b6b4 79MiB/298MiB(26%) CN:8 DL:224KiB ETA:16m38s]
[#72b6b4 80MiB/298MiB(26%) CN:8 DL:255KiB ETA:14m36s]
[#72b6b4 80MiB/298MiB(26%) CN:8 DL:248KiB ETA:15m1s]
[#72b6b4 80MiB/298MiB(26%) CN:8 DL:262KiB ETA:14m12s]
[#72b6b4 80MiB/298MiB(27%) CN:8 DL:229KiB ETA:16m14s]
[#72b6b4 80MiB/298MiB(27%) CN:8 DL:240KiB ETA:15m28s]
[#72b6b4 81MiB/298MiB(27%) CN:8 DL:293KiB ETA:12m36s]
[#72b6b4 81MiB/298MiB(27%) CN:8 DL:325KiB ETA:11m22s]
[#72b6b4 82MiB/298MiB(27%) CN:8 DL:348KiB ETA:10m35s]
[#72b6b4 82MiB/298MiB(27%) CN:8 DL:329KiB ETA:11m10s]
[#72b6b4 82MiB/298MiB(27%) CN:8 DL:292KiB ETA:12m35s]
 *** Download Progress Summary as of Thu Aug 13 08:08:35 2026 *** 
===============================================================================
[#72b6b4 82MiB/298MiB(27%) CN:8 DL:253KiB ETA:14m32s]
FILE: data/genetics/phase4a_raw/ulcerative_colitis_GCST004133/uc_build37_45975_20161107.txt.gz
-------------------------------------------------------------------------------

[#72b6b4 82MiB/298MiB(27%) CN:8 DL:253KiB ETA:14m32s]
[#72b6b4 83MiB/298MiB(27%) CN:8 DL:301KiB ETA:12m11s]
[#72b6b4 84MiB/298MiB(28%) CN:8 DL:359KiB ETA:10m10s]
[#72b6b4 84MiB/298MiB(28%) CN:8 DL:346KiB ETA:10m33s]
[#72b6b4 84MiB/298MiB(28%) CN:8 DL:325KiB ETA:11m13s]
[#72b6b4 84MiB/298MiB(28%) CN:8 DL:296KiB ETA:12m18s]
[#72b6b4 85MiB/298MiB(28%) CN:8 DL:264KiB ETA:13m46s]
[#72b6b4 85MiB/298MiB(28%) CN:8 DL:281KiB ETA:12m57s]
[#72b6b4 86MiB/298MiB(28%) CN:8 DL:338KiB ETA:10m43s]
[#72b6b4 86MiB/298MiB(28%) CN:8 DL:372KiB ETA:9m44s]
[#72b6b4 86MiB/298MiB(28%) CN:8 DL:377KiB ETA:9m35s]
[#72b6b4 86MiB/298MiB(29%) CN:8 DL:308KiB ETA:11m43s]
[#72b6b4 87MiB/298MiB(29%) CN:8 DL:342KiB ETA:10m32s]
[#72b6b4 87MiB/298MiB(29%) CN:8 DL:275KiB ETA:13m5s]
[#72b6b4 87MiB/298MiB(29%) CN:8 DL:274KiB ETA:13m9s]
[#72b6b4 88MiB/298MiB(29%) CN:8 DL:342KiB ETA:10m29s]
[#72b6b4 88MiB/298MiB(29%) CN:8 DL:340KiB ETA:10m31s]
[#72b6b4 88MiB/298MiB(29%) CN:8 DL:299KiB ETA:11m57s]
[#72b6b4 88MiB/298MiB(29%) CN:8 DL:295KiB ETA:12m6s]
[#72b6b4 89MiB/298MiB(29%) CN:8 DL:284KiB ETA:12m34s]
[#72b6b4 89MiB/298MiB(29%) CN:8 DL:263KiB ETA:13m33s]
[#72b6b4 89MiB/298MiB(29%) CN:8 DL:250KiB ETA:14m14s]
[#72b6b4 90MiB/298MiB(30%) CN:8 DL:314KiB ETA:11m19s]
[#72b6b4 90MiB/298MiB(30%) CN:8 DL:344KiB ETA:10m18s]
[#72b6b4 90MiB/298MiB(30%) CN:8 DL:293KiB ETA:12m4s]
[#72b6b4 91MiB/298MiB(30%) CN:8 DL:306KiB ETA:11m33s]
[#72b6b4 91MiB/298MiB(30%) CN:8 DL:294KiB ETA:12m1s]
[#72b6b4 91MiB/298MiB(30%) CN:8 DL:278KiB ETA:12m41s]
[#72b6b4 91MiB/298MiB(30%) CN:8 DL:267KiB ETA:13m13s]
 *** Download Progress Summary as of Thu Aug 13 08:09:05 2026 *** 
===============================================================================
[#72b6b4 92MiB/298MiB(30%) CN:8 DL:304KiB ETA:11m35s]
FILE: data/genetics/phase4a_raw/ulcerative_colitis_GCST004133/uc_build37_45975_20161107.txt.gz
-------------------------------------------------------------------------------

[#72b6b4 92MiB/298MiB(30%) CN:8 DL:304KiB ETA:11m35s]
[#72b6b4 93MiB/298MiB(31%) CN:8 DL:423KiB ETA:8m16s]
[#72b6b4 93MiB/298MiB(31%) CN:8 DL:397KiB ETA:8m48s]
[#72b6b4 94MiB/298MiB(31%) CN:8 DL:424KiB ETA:8m13s]
[#72b6b4 94MiB/298MiB(31%) CN:8 DL:423KiB ETA:8m13s]
[#72b6b4 95MiB/298MiB(31%) CN:8 DL:437KiB ETA:7m56s]
[#72b6b4 95MiB/298MiB(31%) CN:8 DL:446KiB ETA:7m46s]
[#72b6b4 95MiB/298MiB(32%) CN:8 DL:454KiB ETA:7m37s]
[#72b6b4 96MiB/298MiB(32%) CN:8 DL:490KiB ETA:7m2s]
[#72b6b4 96MiB/298MiB(32%) CN:8 DL:478KiB ETA:7m12s]
[#72b6b4 98MiB/298MiB(32%) CN:8 DL:501KiB ETA:6m49s]
[#72b6b4 98MiB/298MiB(33%) CN:8 DL:507KiB ETA:6m44s]
[#72b6b4 99MiB/298MiB(33%) CN:8 DL:503KiB ETA:6m46s]
[#72b6b4 99MiB/298MiB(33%) CN:8 DL:493KiB ETA:6m53s]
[#72b6b4 99MiB/298MiB(33%) CN:8 DL:454KiB ETA:7m28s]
[#72b6b4 99MiB/298MiB(33%) CN:8 DL:472KiB ETA:7m10s]
[#72b6b4 100MiB/298MiB(33%) CN:8 DL:530KiB ETA:6m22s]
[#72b6b4 101MiB/298MiB(34%) CN:8 DL:584KiB ETA:5m45s]
[#72b6b4 102MiB/298MiB(34%) CN:8 DL:575KiB ETA:5m50s]
[#72b6b4 102MiB/298MiB(34%) CN:8 DL:495KiB ETA:6m45s]
[#72b6b4 102MiB/298MiB(34%) CN:8 DL:467KiB ETA:7m8s]
[#72b6b4 103MiB/298MiB(34%) CN:8 DL:443KiB ETA:7m31s]
[#72b6b4 103MiB/298MiB(34%) CN:8 DL:419KiB ETA:7m57s]
[#72b6b4 103MiB/298MiB(34%) CN:8 DL:430KiB ETA:7m44s]
[#72b6b4 104MiB/298MiB(34%) CN:8 DL:492KiB ETA:6m44s]
[#72b6b4 105MiB/298MiB(35%) CN:8 DL:487KiB ETA:6m46s]
[#72b6b4 105MiB/298MiB(35%) CN:8 DL:481KiB ETA:6m51s]
[#72b6b4 105MiB/298MiB(35%) CN:8 DL:417KiB ETA:7m53s]
[#72b6b4 106MiB/298MiB(35%) CN:8 DL:429KiB ETA:7m38s]
 *** Download Progress Summary as of Thu Aug 13 08:09:35 2026 *** 
===============================================================================
[#72b6b4 106MiB/298MiB(35%) CN:8 DL:399KiB ETA:8m12s]
FILE: data/genetics/phase4a_raw/ulcerative_colitis_GCST004133/uc_build37_45975_20161107.txt.gz
-------------------------------------------------------------------------------

[#72b6b4 106MiB/298MiB(35%) CN:8 DL:399KiB ETA:8m12s]
[#72b6b4 107MiB/298MiB(35%) CN:8 DL:436KiB ETA:7m29s]
[#72b6b4 107MiB/298MiB(35%) CN:8 DL:442KiB ETA:7m22s]
[#72b6b4 107MiB/298MiB(36%) CN:8 DL:448KiB ETA:7m16s]
[#72b6b4 108MiB/298MiB(36%) CN:8 DL:450KiB ETA:7m13s]
[#72b6b4 108MiB/298MiB(36%) CN:8 DL:388KiB ETA:8m21s]
[#72b6b4 108MiB/298MiB(36%) CN:8 DL:364KiB ETA:8m54s]
[#72b6b4 109MiB/298MiB(36%) CN:8 DL:373KiB ETA:8m38s]
[#72b6b4 110MiB/298MiB(36%) CN:8 DL:413KiB ETA:7m47s]
[#72b6b4 110MiB/298MiB(37%) CN:8 DL:422KiB ETA:7m35s]
[#72b6b4 110MiB/298MiB(37%) CN:8 DL:419KiB ETA:7m38s]
[#72b6b4 111MiB/298MiB(37%) CN:8 DL:409KiB ETA:7m48s]
[#72b6b4 111MiB/298MiB(37%) CN:8 DL:404KiB ETA:7m53s]
[#72b6b4 111MiB/298MiB(37%) CN:8 DL:385KiB ETA:8m16s]
[#72b6b4 112MiB/298MiB(37%) CN:8 DL:469KiB ETA:6m45s]
[#72b6b4 113MiB/298MiB(37%) CN:8 DL:505KiB ETA:6m15s]
[#72b6b4 113MiB/298MiB(38%) CN:8 DL:430KiB ETA:7m19s]
[#72b6b4 113MiB/298MiB(38%) CN:8 DL:416KiB ETA:7m34s]
[#72b6b4 114MiB/298MiB(38%) CN:8 DL:397KiB ETA:7m55s]
[#72b6b4 114MiB/298MiB(38%) CN:8 DL:395KiB ETA:7m56s]
[#72b6b4 115MiB/298MiB(38%) CN:8 DL:396KiB ETA:7m53s]
[#72b6b4 115MiB/298MiB(38%) CN:8 DL:446KiB ETA:7m]
[#72b6b4 115MiB/298MiB(38%) CN:8 DL:436KiB ETA:7m9s]
[#72b6b4 115MiB/298MiB(38%) CN:8 DL:418KiB ETA:7m27s]
[#72b6b4 115MiB/298MiB(38%) CN:8 DL:284KiB ETA:10m57s]
[#72b6b4 116MiB/298MiB(38%) CN:8 DL:293KiB ETA:10m36s]
[#72b6b4 116MiB/298MiB(39%) CN:8 DL:322KiB ETA:9m36s]
[#72b6b4 117MiB/298MiB(39%) CN:8 DL:353KiB ETA:8m44s]
[#72b6b4 118MiB/298MiB(39%) CN:8 DL:361KiB ETA:8m31s]
 *** Download Progress Summary as of Thu Aug 13 08:10:06 2026 *** 
===============================================================================
[#72b6b4 118MiB/298MiB(39%) CN:8 DL:373KiB ETA:8m14s]
FILE: data/genetics/phase4a_raw/ulcerative_colitis_GCST004133/uc_build37_45975_20161107.txt.gz
-------------------------------------------------------------------------------

[#72b6b4 118MiB/298MiB(39%) CN:8 DL:373KiB ETA:8m14s]
[#72b6b4 118MiB/298MiB(39%) CN:8 DL:373KiB ETA:8m13s]
[#72b6b4 119MiB/298MiB(39%) CN:8 DL:378KiB ETA:8m5s]
[#72b6b4 119MiB/298MiB(39%) CN:8 DL:377KiB ETA:8m6s]
[#72b6b4 119MiB/298MiB(40%) CN:8 DL:395KiB ETA:7m43s]
[#72b6b4 120MiB/298MiB(40%) CN:8 DL:418KiB ETA:7m17s]
[#72b6b4 120MiB/298MiB(40%) CN:8 DL:419KiB ETA:7m14s]
[#72b6b4 121MiB/298MiB(40%) CN:8 DL:450KiB ETA:6m43s]
[#72b6b4 121MiB/298MiB(40%) CN:8 DL:390KiB ETA:7m44s]
[#72b6b4 121MiB/298MiB(40%) CN:8 DL:388KiB ETA:7m45s]
[#72b6b4 122MiB/298MiB(40%) CN:8 DL:353KiB ETA:8m31s]
[#72b6b4 122MiB/298MiB(40%) CN:8 DL:343KiB ETA:8m46s]
[#72b6b4 122MiB/298MiB(41%) CN:8 DL:350KiB ETA:8m34s]
[#72b6b4 123MiB/298MiB(41%) CN:8 DL:416KiB ETA:7m10s]
[#72b6b4 124MiB/298MiB(41%) CN:8 DL:456KiB ETA:6m31s]
[#72b6b4 124MiB/298MiB(41%) CN:8 DL:476KiB ETA:6m13s]
[#72b6b4 124MiB/298MiB(41%) CN:8 DL:402KiB ETA:7m22s]
[#72b6b4 125MiB/298MiB(41%) CN:8 DL:386KiB ETA:7m40s]
[#72b6b4 125MiB/298MiB(41%) CN:8 DL:354KiB ETA:8m20s]
[#72b6b4 125MiB/298MiB(42%) CN:8 DL:394KiB ETA:7m29s]
[#72b6b4 126MiB/298MiB(42%) CN:8 DL:418KiB ETA:7m2s]
[#72b6b4 127MiB/298MiB(42%) CN:8 DL:481KiB ETA:6m5s]
[#72b6b4 127MiB/298MiB(42%) CN:8 DL:426KiB ETA:6m51s]
[#72b6b4 127MiB/298MiB(42%) CN:8 DL:402KiB ETA:7m15s]
[#72b6b4 128MiB/298MiB(42%) CN:8 DL:401KiB ETA:7m15s]
[#72b6b4 128MiB/298MiB(43%) CN:8 DL:407KiB ETA:7m7s]
[#72b6b4 128MiB/298MiB(43%) CN:8 DL:399KiB ETA:7m16s]
[#72b6b4 128MiB/298MiB(43%) CN:8 DL:383KiB ETA:7m34s]
[#72b6b4 129MiB/298MiB(43%) CN:8 DL:398KiB ETA:7m15s]
[#72b6b4 130MiB/298MiB(43%) CN:8 DL:468KiB ETA:6m8s]
 *** Download Progress Summary as of Thu Aug 13 08:10:37 2026 *** 
===============================================================================
[#72b6b4 130MiB/298MiB(43%) CN:8 DL:381KiB ETA:7m31s]
FILE: data/genetics/phase4a_raw/ulcerative_colitis_GCST004133/uc_build37_45975_20161107.txt.gz
-------------------------------------------------------------------------------

[#72b6b4 130MiB/298MiB(43%) CN:8 DL:381KiB ETA:7m31s]
[#72b6b4 131MiB/298MiB(43%) CN:8 DL:391KiB ETA:7m18s]
[#72b6b4 131MiB/298MiB(43%) CN:8 DL:371KiB ETA:7m41s]
[#72b6b4 131MiB/298MiB(44%) CN:8 DL:398KiB ETA:7m8s]
[#72b6b4 131MiB/298MiB(44%) CN:8 DL:360KiB ETA:7m53s]
[#72b6b4 132MiB/298MiB(44%) CN:8 DL:373KiB ETA:7m37s]
[#72b6b4 132MiB/298MiB(44%) CN:8 DL:463KiB ETA:6m6s]
[#72b6b4 133MiB/298MiB(44%) CN:8 DL:399KiB ETA:7m4s]
[#72b6b4 133MiB/298MiB(44%) CN:8 DL:405KiB ETA:6m55s]
[#72b6b4 134MiB/298MiB(44%) CN:8 DL:409KiB ETA:6m50s]
[#72b6b4 134MiB/298MiB(45%) CN:8 DL:381KiB ETA:7m20s]
[#72b6b4 134MiB/298MiB(45%) CN:8 DL:339KiB ETA:8m14s]
[#72b6b4 134MiB/298MiB(45%) CN:8 DL:306KiB ETA:9m7s]
[#72b6b4 135MiB/298MiB(45%) CN:8 DL:390KiB ETA:7m7s]
[#72b6b4 136MiB/298MiB(45%) CN:8 DL:412KiB ETA:6m43s]
[#72b6b4 136MiB/298MiB(45%) CN:8 DL:371KiB ETA:7m27s]
[#72b6b4 136MiB/298MiB(45%) CN:8 DL:365KiB ETA:7m33s]
[#72b6b4 137MiB/298MiB(45%) CN:8 DL:322KiB ETA:8m32s]
[#72b6b4 137MiB/298MiB(45%) CN:8 DL:278KiB ETA:9m54s]
[#72b6b4 137MiB/298MiB(46%) CN:8 DL:365KiB ETA:7m30s]
[#72b6b4 138MiB/298MiB(46%) CN:8 DL:401KiB ETA:6m48s]
[#72b6b4 138MiB/298MiB(46%) CN:8 DL:384KiB ETA:7m6s]
[#72b6b4 139MiB/298MiB(46%) CN:8 DL:338KiB ETA:8m2s]
[#72b6b4 139MiB/298MiB(46%) CN:8 DL:337KiB ETA:8m3s]
[#72b6b4 139MiB/298MiB(46%) CN:8 DL:337KiB ETA:8m2s]
[#72b6b4 139MiB/298MiB(46%) CN:8 DL:343KiB ETA:7m53s]
[#72b6b4 140MiB/298MiB(47%) CN:8 DL:370KiB ETA:7m17s]
[#72b6b4 140MiB/298MiB(47%) CN:8 DL:392KiB ETA:6m52s]
 *** Download Progress Summary as of Thu Aug 13 08:11:07 2026 *** 
===============================================================================
[#72b6b4 140MiB/298MiB(47%) CN:8 DL:381KiB ETA:7m3s]
FILE: data/genetics/phase4a_raw/ulcerative_colitis_GCST004133/uc_build37_45975_20161107.txt.gz
-------------------------------------------------------------------------------

[#72b6b4 140MiB/298MiB(47%) CN:8 DL:381KiB ETA:7m3s]
[#72b6b4 141MiB/298MiB(47%) CN:8 DL:348KiB ETA:7m42s]
[#72b6b4 141MiB/298MiB(47%) CN:8 DL:334KiB ETA:8m1s]
[#72b6b4 141MiB/298MiB(47%) CN:8 DL:293KiB ETA:9m6s]
[#72b6b4 142MiB/298MiB(47%) CN:8 DL:329KiB ETA:8m5s]
[#72b6b4 143MiB/298MiB(47%) CN:8 DL:348KiB ETA:7m36s]
[#72b6b4 143MiB/298MiB(48%) CN:8 DL:400KiB ETA:6m36s]
[#72b6b4 144MiB/298MiB(48%) CN:8 DL:413KiB ETA:6m21s]
[#72b6b4 144MiB/298MiB(48%) CN:8 DL:420KiB ETA:6m15s]
[#72b6b4 145MiB/298MiB(48%) CN:8 DL:431KiB ETA:6m4s]
[#72b6b4 145MiB/298MiB(48%) CN:8 DL:365KiB ETA:7m10s]
[#72b6b4 145MiB/298MiB(48%) CN:8 DL:361KiB ETA:7m14s]
[#72b6b4 145MiB/298MiB(48%) CN:8 DL:418KiB ETA:6m14s]
[#72b6b4 146MiB/298MiB(48%) CN:8 DL:428KiB ETA:6m4s]
[#72b6b4 146MiB/298MiB(49%) CN:8 DL:442KiB ETA:5m51s]
[#72b6b4 147MiB/298MiB(49%) CN:8 DL:388KiB ETA:6m39s]
[#72b6b4 147MiB/298MiB(49%) CN:8 DL:345KiB ETA:7m28s]
[#72b6b4 147MiB/298MiB(49%) CN:8 DL:322KiB ETA:8m]
[#72b6b4 147MiB/298MiB(49%) CN:8 DL:300KiB ETA:8m34s]
[#72b6b4 148MiB/298MiB(49%) CN:8 DL:309KiB ETA:8m18s]
[#72b6b4 148MiB/298MiB(49%) CN:8 DL:356KiB ETA:7m10s]
[#72b6b4 149MiB/298MiB(49%) CN:8 DL:396KiB ETA:6m25s]
[#72b6b4 149MiB/298MiB(50%) CN:8 DL:395KiB ETA:6m26s]
[#72b6b4 150MiB/298MiB(50%) CN:8 DL:359KiB ETA:7m3s]
[#72b6b4 150MiB/298MiB(50%) CN:8 DL:336KiB ETA:7m31s]
[#72b6b4 150MiB/298MiB(50%) CN:8 DL:338KiB ETA:7m27s]
[#72b6b4 150MiB/298MiB(50%) CN:8 DL:346KiB ETA:7m16s]
[#72b6b4 151MiB/298MiB(50%) CN:8 DL:392KiB ETA:6m24s]
[#72b6b4 151MiB/298MiB(50%) CN:8 DL:413KiB ETA:6m4s]
 *** Download Progress Summary as of Thu Aug 13 08:11:38 2026 *** 
===============================================================================
[#72b6b4 152MiB/298MiB(51%) CN:8 DL:435KiB ETA:5m43s]
FILE: data/genetics/phase4a_raw/ulcerative_colitis_GCST004133/uc_build37_45975_20161107.txt.gz
-------------------------------------------------------------------------------

[#72b6b4 152MiB/298MiB(51%) CN:8 DL:435KiB ETA:5m43s]
[#72b6b4 152MiB/298MiB(51%) CN:8 DL:421KiB ETA:5m54s]
[#72b6b4 153MiB/298MiB(51%) CN:8 DL:388KiB ETA:6m23s]
[#72b6b4 153MiB/298MiB(51%) CN:8 DL:373KiB ETA:6m38s]
[#72b6b4 153MiB/298MiB(51%) CN:8 DL:328KiB ETA:7m32s]
[#72b6b4 154MiB/298MiB(51%) CN:8 DL:434KiB ETA:5m39s]
[#72b6b4 155MiB/298MiB(51%) CN:8 DL:462KiB ETA:5m18s]
[#72b6b4 155MiB/298MiB(52%) CN:8 DL:491KiB ETA:4m57s]
[#72b6b4 156MiB/298MiB(52%) CN:8 DL:429KiB ETA:5m39s]
[#72b6b4 156MiB/298MiB(52%) CN:8 DL:425KiB ETA:5m42s]
[#72b6b4 156MiB/298MiB(52%) CN:8 DL:357KiB ETA:6m47s]
[#72b6b4 157MiB/298MiB(52%) CN:8 DL:415KiB ETA:5m49s]
[#72b6b4 158MiB/298MiB(52%) CN:8 DL:529KiB ETA:4m31s]
[#72b6b4 158MiB/298MiB(53%) CN:8 DL:562KiB ETA:4m15s]
[#72b6b4 159MiB/298MiB(53%) CN:8 DL:469KiB ETA:5m4s]
[#72b6b4 159MiB/298MiB(53%) CN:8 DL:444KiB ETA:5m21s]
[#72b6b4 159MiB/298MiB(53%) CN:8 DL:429KiB ETA:5m31s]
[#72b6b4 160MiB/298MiB(53%) CN:8 DL:454KiB ETA:5m11s]
[#72b6b4 160MiB/298MiB(53%) CN:8 DL:496KiB ETA:4m44s]
[#72b6b4 161MiB/298MiB(53%) CN:8 DL:516KiB ETA:4m32s]
[#72b6b4 161MiB/298MiB(54%) CN:8 DL:543KiB ETA:4m18s]
[#72b6b4 162MiB/298MiB(54%) CN:8 DL:465KiB ETA:5m]
[#72b6b4 162MiB/298MiB(54%) CN:8 DL:409KiB ETA:5m40s]
[#72b6b4 162MiB/298MiB(54%) CN:8 DL:378KiB ETA:6m8s]
[#72b6b4 163MiB/298MiB(54%) CN:8 DL:395KiB ETA:5m51s]
[#72b6b4 163MiB/298MiB(54%) CN:8 DL:459KiB ETA:5m]
[#72b6b4 164MiB/298MiB(55%) CN:8 DL:531KiB ETA:4m17s]
[#72b6b4 165MiB/298MiB(55%) CN:8 DL:516KiB ETA:4m24s]
[#72b6b4 165MiB/298MiB(55%) CN:8 DL:515KiB ETA:4m24s]
 *** Download Progress Summary as of Thu Aug 13 08:12:08 2026 *** 
===============================================================================
[#72b6b4 166MiB/298MiB(55%) CN:8 DL:478KiB ETA:4m43s]
FILE: data/genetics/phase4a_raw/ulcerative_colitis_GCST004133/uc_build37_45975_20161107.txt.gz
-------------------------------------------------------------------------------

[#72b6b4 166MiB/298MiB(55%) CN:8 DL:478KiB ETA:4m43s]
[#72b6b4 166MiB/298MiB(55%) CN:8 DL:460KiB ETA:4m54s]
[#72b6b4 167MiB/298MiB(56%) CN:8 DL:574KiB ETA:3m53s]
[#72b6b4 167MiB/298MiB(56%) CN:8 DL:531KiB ETA:4m12s]
[#72b6b4 168MiB/298MiB(56%) CN:8 DL:485KiB ETA:4m34s]
[#72b6b4 168MiB/298MiB(56%) CN:8 DL:472KiB ETA:4m41s]
[#72b6b4 169MiB/298MiB(56%) CN:8 DL:440KiB ETA:5m1s]
[#72b6b4 169MiB/298MiB(56%) CN:8 DL:412KiB ETA:5m21s]
[#72b6b4 169MiB/298MiB(56%) CN:8 DL:375KiB ETA:5m52s]
[#72b6b4 169MiB/298MiB(56%) CN:8 DL:359KiB ETA:6m7s]
[#72b6b4 170MiB/298MiB(56%) CN:8 DL:437KiB ETA:5m]
[#72b6b4 171MiB/298MiB(57%) CN:8 DL:408KiB ETA:5m19s]
[#72b6b4 171MiB/298MiB(57%) CN:8 DL:420KiB ETA:5m9s]
[#72b6b4 172MiB/298MiB(57%) CN:8 DL:426KiB ETA:5m4s]
[#72b6b4 172MiB/298MiB(57%) CN:8 DL:411KiB ETA:5m13s]
[#72b6b4 172MiB/298MiB(57%) CN:8 DL:405KiB ETA:5m18s]
[#72b6b4 172MiB/298MiB(57%) CN:8 DL:388KiB ETA:5m31s]
[#72b6b4 174MiB/298MiB(58%) CN:8 DL:510KiB ETA:4m10s]
[#72b6b4 174MiB/298MiB(58%) CN:8 DL:553KiB ETA:3m49s]
[#72b6b4 175MiB/298MiB(58%) CN:8 DL:562KiB ETA:3m44s]
[#72b6b4 175MiB/298MiB(58%) CN:8 DL:520KiB ETA:4m2s]
[#72b6b4 176MiB/298MiB(59%) CN:8 DL:521KiB ETA:4m]
[#72b6b4 176MiB/298MiB(59%) CN:8 DL:480KiB ETA:4m21s]
[#72b6b4 176MiB/298MiB(59%) CN:8 DL:465KiB ETA:4m28s]
[#72b6b4 177MiB/298MiB(59%) CN:8 DL:533KiB ETA:3m52s]
[#72b6b4 178MiB/298MiB(59%) CN:8 DL:654KiB ETA:3m7s]
[#72b6b4 179MiB/298MiB(59%) CN:8 DL:535KiB ETA:3m48s]
[#72b6b4 179MiB/298MiB(60%) CN:8 DL:526KiB ETA:3m51s]
[#72b6b4 180MiB/298MiB(60%) CN:8 DL:559KiB ETA:3m36s]
 *** Download Progress Summary as of Thu Aug 13 08:12:39 2026 *** 
===============================================================================
[#72b6b4 180MiB/298MiB(60%) CN:8 DL:541KiB ETA:3m42s]
FILE: data/genetics/phase4a_raw/ulcerative_colitis_GCST004133/uc_build37_45975_20161107.txt.gz
-------------------------------------------------------------------------------

[#72b6b4 180MiB/298MiB(60%) CN:8 DL:541KiB ETA:3m42s]
[#72b6b4 181MiB/298MiB(60%) CN:8 DL:533KiB ETA:3m45s]
[#72b6b4 181MiB/298MiB(60%) CN:8 DL:571KiB ETA:3m29s]
[#72b6b4 181MiB/298MiB(60%) CN:8 DL:532KiB ETA:3m44s]
[#72b6b4 182MiB/298MiB(61%) CN:8 DL:493KiB ETA:4m1s]
[#72b6b4 183MiB/298MiB(61%) CN:8 DL:445KiB ETA:4m25s]
[#72b6b4 183MiB/298MiB(61%) CN:8 DL:478KiB ETA:4m6s]
[#72b6b4 183MiB/298MiB(61%) CN:8 DL:456KiB ETA:4m17s]
[#72b6b4 184MiB/298MiB(61%) CN:8 DL:424KiB ETA:4m35s]
[#72b6b4 184MiB/298MiB(61%) CN:8 DL:393KiB ETA:4m56s]
[#72b6b4 184MiB/298MiB(61%) CN:8 DL:382KiB ETA:5m5s]
[#72b6b4 185MiB/298MiB(62%) CN:8 DL:452KiB ETA:4m15s]
[#72b6b4 186MiB/298MiB(62%) CN:8 DL:547KiB ETA:3m29s]
[#72b6b4 187MiB/298MiB(62%) CN:8 DL:494KiB ETA:3m50s]
[#72b6b4 187MiB/298MiB(62%) CN:8 DL:525KiB ETA:3m36s]
[#72b6b4 188MiB/298MiB(63%) CN:8 DL:531KiB ETA:3m32s]
[#72b6b4 189MiB/298MiB(63%) CN:8 DL:561KiB ETA:3m19s]
[#72b6b4 189MiB/298MiB(63%) CN:8 DL:548KiB ETA:3m24s]
[#72b6b4 189MiB/298MiB(63%) CN:8 DL:563KiB ETA:3m18s]
[#72b6b4 190MiB/298MiB(63%) CN:8 DL:573KiB ETA:3m13s]
[#72b6b4 190MiB/298MiB(63%) CN:8 DL:574KiB ETA:3m13s]
[#72b6b4 191MiB/298MiB(64%) CN:8 DL:563KiB ETA:3m14s]
[#72b6b4 192MiB/298MiB(64%) CN:8 DL:546KiB ETA:3m19s]
[#72b6b4 192MiB/298MiB(64%) CN:8 DL:532KiB ETA:3m24s]
[#72b6b4 192MiB/298MiB(64%) CN:8 DL:519KiB ETA:3m28s]
[#72b6b4 193MiB/298MiB(64%) CN:8 DL:427KiB ETA:4m12s]
[#72b6b4 193MiB/298MiB(64%) CN:8 DL:437KiB ETA:4m6s]
[#72b6b4 194MiB/298MiB(64%) CN:8 DL:469KiB ETA:3m48s]
[#72b6b4 194MiB/298MiB(65%) CN:8 DL:458KiB ETA:3m52s]
 *** Download Progress Summary as of Thu Aug 13 08:13:10 2026 *** 
===============================================================================
[#72b6b4 195MiB/298MiB(65%) CN:8 DL:425KiB ETA:4m9s]
FILE: data/genetics/phase4a_raw/ulcerative_colitis_GCST004133/uc_build37_45975_20161107.txt.gz
-------------------------------------------------------------------------------

[#72b6b4 195MiB/298MiB(65%) CN:8 DL:425KiB ETA:4m9s]
[#72b6b4 195MiB/298MiB(65%) CN:8 DL:401KiB ETA:4m22s]
[#72b6b4 196MiB/298MiB(65%) CN:8 DL:428KiB ETA:4m4s]
[#72b6b4 196MiB/298MiB(65%) CN:8 DL:430KiB ETA:4m2s]
[#72b6b4 197MiB/298MiB(66%) CN:8 DL:447KiB ETA:3m52s]
[#72b6b4 197MiB/298MiB(66%) CN:8 DL:496KiB ETA:3m28s]
[#72b6b4 197MiB/298MiB(66%) CN:8 DL:462KiB ETA:3m43s]
[#72b6b4 197MiB/298MiB(66%) CN:8 DL:415KiB ETA:4m8s]
[#72b6b4 198MiB/298MiB(66%) CN:8 DL:404KiB ETA:4m14s]
[#72b6b4 199MiB/298MiB(66%) CN:8 DL:495KiB ETA:3m24s]
[#72b6b4 200MiB/298MiB(67%) CN:8 DL:487KiB ETA:3m26s]
[#72b6b4 200MiB/298MiB(67%) CN:8 DL:477KiB ETA:3m30s]
[#72b6b4 201MiB/298MiB(67%) CN:8 DL:470KiB ETA:3m32s]
[#72b6b4 201MiB/298MiB(67%) CN:8 DL:461KiB ETA:3m36s]
[#72b6b4 201MiB/298MiB(67%) CN:8 DL:438KiB ETA:3m46s]
[#72b6b4 201MiB/298MiB(67%) CN:8 DL:429KiB ETA:3m51s]
[#72b6b4 202MiB/298MiB(67%) CN:8 DL:544KiB ETA:3m]
[#72b6b4 202MiB/298MiB(67%) CN:8 DL:544KiB ETA:3m]
[#72b6b4 203MiB/298MiB(68%) CN:8 DL:409KiB ETA:3m58s]
[#72b6b4 203MiB/298MiB(68%) CN:8 DL:371KiB ETA:4m22s]
[#72b6b4 204MiB/298MiB(68%) CN:8 DL:379KiB ETA:4m15s]
[#72b6b4 204MiB/298MiB(68%) CN:8 DL:343KiB ETA:4m41s]
[#72b6b4 205MiB/298MiB(68%) CN:8 DL:399KiB ETA:4m]
[#72b6b4 205MiB/298MiB(68%) CN:8 DL:439KiB ETA:3m37s]
[#72b6b4 205MiB/298MiB(68%) CN:8 DL:468KiB ETA:3m23s]
[#72b6b4 206MiB/298MiB(69%) CN:8 DL:403KiB ETA:3m54s]
[#72b6b4 206MiB/298MiB(69%) CN:8 DL:397KiB ETA:3m57s]
[#72b6b4 206MiB/298MiB(69%) CN:8 DL:353KiB ETA:4m26s]
[#72b6b4 207MiB/298MiB(69%) CN:8 DL:426KiB ETA:3m39s]
[#72b6b4 208MiB/298MiB(69%) CN:8 DL:439KiB ETA:3m31s]
 *** Download Progress Summary as of Thu Aug 13 08:13:41 2026 *** 
===============================================================================
[#72b6b4 208MiB/298MiB(69%) CN:8 DL:398KiB ETA:3m51s]
FILE: data/genetics/phase4a_raw/ulcerative_colitis_GCST004133/uc_build37_45975_20161107.txt.gz
-------------------------------------------------------------------------------

[#72b6b4 208MiB/298MiB(69%) CN:8 DL:398KiB ETA:3m51s]
[#72b6b4 208MiB/298MiB(69%) CN:8 DL:403KiB ETA:3m48s]
[#72b6b4 208MiB/298MiB(69%) CN:8 DL:323KiB ETA:4m44s]
[#72b6b4 209MiB/298MiB(70%) CN:8 DL:344KiB ETA:4m25s]
[#72b6b4 210MiB/298MiB(70%) CN:8 DL:370KiB ETA:4m4s]
[#72b6b4 210MiB/298MiB(70%) CN:8 DL:427KiB ETA:3m31s]
[#72b6b4 210MiB/298MiB(70%) CN:8 DL:434KiB ETA:3m27s]
[#72b6b4 211MiB/298MiB(70%) CN:8 DL:357KiB ETA:4m11s]
[#72b6b4 211MiB/298MiB(70%) CN:8 DL:365KiB ETA:4m4s]
[#72b6b4 211MiB/298MiB(70%) CN:8 DL:343KiB ETA:4m19s]
[#72b6b4 211MiB/298MiB(70%) CN:8 DL:330KiB ETA:4m29s]
[#72b6b4 212MiB/298MiB(71%) CN:8 DL:440KiB ETA:3m19s]
[#72b6b4 213MiB/298MiB(71%) CN:8 DL:393KiB ETA:3m42s]
[#72b6b4 213MiB/298MiB(71%) CN:8 DL:368KiB ETA:3m57s]
[#72b6b4 213MiB/298MiB(71%) CN:8 DL:363KiB ETA:3m59s]
[#72b6b4 214MiB/298MiB(71%) CN:8 DL:364KiB ETA:3m57s]
[#72b6b4 214MiB/298MiB(71%) CN:8 DL:349KiB ETA:4m7s]
[#72b6b4 215MiB/298MiB(72%) CN:8 DL:421KiB ETA:3m22s]
[#72b6b4 215MiB/298MiB(72%) CN:8 DL:464KiB ETA:3m2s]
[#72b6b4 216MiB/298MiB(72%) CN:8 DL:456KiB ETA:3m5s]
[#72b6b4 216MiB/298MiB(72%) CN:8 DL:463KiB ETA:3m1s]
[#72b6b4 217MiB/298MiB(72%) CN:8 DL:461KiB ETA:3m]
[#72b6b4 217MiB/298MiB(72%) CN:8 DL:460KiB ETA:3m]
[#72b6b4 217MiB/298MiB(72%) CN:8 DL:430KiB ETA:3m13s]
[#72b6b4 217MiB/298MiB(72%) CN:8 DL:406KiB ETA:3m23s]
[#72b6b4 219MiB/298MiB(73%) CN:8 DL:498KiB ETA:2m43s]
[#72b6b4 219MiB/298MiB(73%) CN:8 DL:539KiB ETA:2m30s]
[#72b6b4 220MiB/298MiB(73%) CN:8 DL:487KiB ETA:2m45s]
[#72b6b4 220MiB/298MiB(73%) CN:8 DL:474KiB ETA:2m48s]
 *** Download Progress Summary as of Thu Aug 13 08:14:11 2026 *** 
===============================================================================
[#72b6b4 221MiB/298MiB(73%) CN:8 DL:480KiB ETA:2m45s]
FILE: data/genetics/phase4a_raw/ulcerative_colitis_GCST004133/uc_build37_45975_20161107.txt.gz
-------------------------------------------------------------------------------

[#72b6b4 221MiB/298MiB(73%) CN:8 DL:480KiB ETA:2m45s]
[#72b6b4 221MiB/298MiB(74%) CN:8 DL:456KiB ETA:2m53s]
[#72b6b4 221MiB/298MiB(74%) CN:8 DL:429KiB ETA:3m4s]
[#72b6b4 222MiB/298MiB(74%) CN:8 DL:620KiB ETA:2m5s]
[#72b6b4 223MiB/298MiB(74%) CN:8 DL:608KiB ETA:2m6s]
[#72b6b4 223MiB/298MiB(74%) CN:8 DL:567KiB ETA:2m15s]
[#72b6b4 223MiB/298MiB(74%) CN:8 DL:447KiB ETA:2m51s]
[#72b6b4 224MiB/298MiB(74%) CN:8 DL:401KiB ETA:3m10s]
[#72b6b4 225MiB/298MiB(75%) CN:8 DL:517KiB ETA:2m25s]
[#72b6b4 226MiB/298MiB(75%) CN:8 DL:570KiB ETA:2m9s]
[#72b6b4 226MiB/298MiB(75%) CN:8 DL:585KiB ETA:2m5s]
[#72b6b4 227MiB/298MiB(76%) CN:8 DL:527KiB ETA:2m18s]
[#72b6b4 227MiB/298MiB(76%) CN:8 DL:475KiB ETA:2m33s]
[#72b6b4 227MiB/298MiB(76%) CN:8 DL:473KiB ETA:2m33s]
[#72b6b4 228MiB/298MiB(76%) CN:8 DL:470KiB ETA:2m33s]
[#72b6b4 229MiB/298MiB(76%) CN:8 DL:611KiB ETA:1m56s]
[#72b6b4 230MiB/298MiB(77%) CN:8 DL:704KiB ETA:1m39s]
[#72b6b4 230MiB/298MiB(77%) CN:8 DL:604KiB ETA:1m55s]
[#72b6b4 231MiB/298MiB(77%) CN:8 DL:579KiB ETA:1m58s]
[#72b6b4 231MiB/298MiB(77%) CN:8 DL:590KiB ETA:1m55s]
[#72b6b4 232MiB/298MiB(77%) CN:8 DL:594KiB ETA:1m53s]
[#72b6b4 233MiB/298MiB(77%) CN:8 DL:588KiB ETA:1m54s]
[#72b6b4 233MiB/298MiB(78%) CN:8 DL:631KiB ETA:1m45s]
[#72b6b4 233MiB/298MiB(78%) CN:8 DL:595KiB ETA:1m51s]
[#72b6b4 234MiB/298MiB(78%) CN:8 DL:512KiB ETA:2m9s]
[#72b6b4 234MiB/298MiB(78%) CN:8 DL:483KiB ETA:2m15s]
[#72b6b4 235MiB/298MiB(78%) CN:8 DL:535KiB ETA:2m]
[#72b6b4 236MiB/298MiB(79%) CN:8 DL:560KiB ETA:1m53s]
[#72b6b4 236MiB/298MiB(79%) CN:8 DL:539KiB ETA:1m57s]
 *** Download Progress Summary as of Thu Aug 13 08:14:41 2026 *** 
===============================================================================
[#72b6b4 237MiB/298MiB(79%) CN:8 DL:548KiB ETA:1m54s]
FILE: data/genetics/phase4a_raw/ulcerative_colitis_GCST004133/uc_build37_45975_20161107.txt.gz
-------------------------------------------------------------------------------

[#72b6b4 237MiB/298MiB(79%) CN:8 DL:548KiB ETA:1m54s]
[#72b6b4 237MiB/298MiB(79%) CN:8 DL:493KiB ETA:2m6s]
[#72b6b4 237MiB/298MiB(79%) CN:8 DL:477KiB ETA:2m10s]
[#72b6b4 238MiB/298MiB(79%) CN:8 DL:539KiB ETA:1m54s]
[#72b6b4 239MiB/298MiB(80%) CN:8 DL:595KiB ETA:1m41s]
[#72b6b4 240MiB/298MiB(80%) CN:8 DL:609KiB ETA:1m38s]
[#72b6b4 240MiB/298MiB(80%) CN:8 DL:518KiB ETA:1m55s]
[#72b6b4 240MiB/298MiB(80%) CN:8 DL:427KiB ETA:2m19s]
[#72b6b4 240MiB/298MiB(80%) CN:8 DL:407KiB ETA:2m25s]
[#72b6b4 241MiB/298MiB(80%) CN:8 DL:468KiB ETA:2m4s]
[#72b6b4 242MiB/298MiB(81%) CN:8 DL:535KiB ETA:1m47s]
[#72b6b4 242MiB/298MiB(81%) CN:8 DL:531KiB ETA:1m47s]
[#72b6b4 243MiB/298MiB(81%) CN:8 DL:500KiB ETA:1m53s]
[#72b6b4 243MiB/298MiB(81%) CN:8 DL:466KiB ETA:2m]
[#72b6b4 243MiB/298MiB(81%) CN:8 DL:388KiB ETA:2m24s]
[#72b6b4 244MiB/298MiB(81%) CN:8 DL:428KiB ETA:2m9s]
[#72b6b4 244MiB/298MiB(81%) CN:8 DL:450KiB ETA:2m2s]
[#72b6b4 245MiB/298MiB(82%) CN:8 DL:501KiB ETA:1m49s]
[#72b6b4 245MiB/298MiB(82%) CN:8 DL:436KiB ETA:2m4s]
[#72b6b4 246MiB/298MiB(82%) CN:8 DL:406KiB ETA:2m12s]
[#72b6b4 246MiB/298MiB(82%) CN:8 DL:434KiB ETA:2m2s]
[#72b6b4 247MiB/298MiB(82%) CN:8 DL:433KiB ETA:2m1s]
[#72b6b4 247MiB/298MiB(82%) CN:8 DL:445KiB ETA:1m56s]
[#72b6b4 248MiB/298MiB(83%) CN:8 DL:494KiB ETA:1m44s]
[#72b6b4 248MiB/298MiB(83%) CN:8 DL:474KiB ETA:1m47s]
[#72b6b4 248MiB/298MiB(83%) CN:8 DL:448KiB ETA:1m54s]
[#72b6b4 249MiB/298MiB(83%) CN:8 DL:453KiB ETA:1m51s]
[#72b6b4 250MiB/298MiB(83%) CN:8 DL:512KiB ETA:1m36s]
[#72b6b4 250MiB/298MiB(83%) CN:8 DL:510KiB ETA:1m35s]
 *** Download Progress Summary as of Thu Aug 13 08:15:12 2026 *** 
===============================================================================
[#72b6b4 251MiB/298MiB(84%) CN:8 DL:489KiB ETA:1m39s]
FILE: data/genetics/phase4a_raw/ulcerative_colitis_GCST004133/uc_build37_45975_20161107.txt.gz
-------------------------------------------------------------------------------

[#72b6b4 251MiB/298MiB(84%) CN:8 DL:489KiB ETA:1m39s]
[#72b6b4 251MiB/298MiB(84%) CN:8 DL:473KiB ETA:1m41s]
[#72b6b4 252MiB/298MiB(84%) CN:8 DL:446KiB ETA:1m47s]
[#72b6b4 252MiB/298MiB(84%) CN:8 DL:493KiB ETA:1m35s]
[#72b6b4 253MiB/298MiB(84%) CN:8 DL:534KiB ETA:1m26s]
[#72b6b4 254MiB/298MiB(85%) CN:8 DL:615KiB ETA:1m14s]
[#72b6b4 254MiB/298MiB(85%) CN:8 DL:546KiB ETA:1m22s]
[#72b6b4 254MiB/298MiB(85%) CN:8 DL:486KiB ETA:1m32s]
[#72b6b4 255MiB/298MiB(85%) CN:8 DL:454KiB ETA:1m38s]
[#72b6b4 255MiB/298MiB(85%) CN:8 DL:478KiB ETA:1m32s]
[#72b6b4 256MiB/298MiB(85%) CN:8 DL:485KiB ETA:1m30s]
[#72b6b4 256MiB/298MiB(85%) CN:8 DL:498KiB ETA:1m26s]
[#72b6b4 257MiB/298MiB(86%) CN:8 DL:485KiB ETA:1m26s]
[#72b6b4 257MiB/298MiB(86%) CN:8 DL:435KiB ETA:1m36s]
[#72b6b4 258MiB/298MiB(86%) CN:8 DL:376KiB ETA:1m50s]
[#72b6b4 258MiB/298MiB(86%) CN:8 DL:448KiB ETA:1m30s]
[#72b6b4 259MiB/298MiB(86%) CN:8 DL:478KiB ETA:1m24s]
[#72b6b4 259MiB/298MiB(86%) CN:8 DL:471KiB ETA:1m24s]
[#72b6b4 260MiB/298MiB(87%) CN:8 DL:491KiB ETA:1m20s]
[#72b6b4 260MiB/298MiB(87%) CN:8 DL:478KiB ETA:1m21s]
[#72b6b4 261MiB/298MiB(87%) CN:8 DL:486KiB ETA:1m19s]
[#72b6b4 261MiB/298MiB(87%) CN:8 DL:475KiB ETA:1m20s]
[#72b6b4 261MiB/298MiB(87%) CN:8 DL:449KiB ETA:1m24s]
[#72b6b4 262MiB/298MiB(87%) CN:8 DL:451KiB ETA:1m22s]
[#72b6b4 262MiB/298MiB(87%) CN:8 DL:464KiB ETA:1m19s]
[#72b6b4 263MiB/298MiB(88%) CN:8 DL:422KiB ETA:1m26s]
[#72b6b4 263MiB/298MiB(88%) CN:8 DL:389KiB ETA:1m33s]
[#72b6b4 263MiB/298MiB(88%) CN:8 DL:412KiB ETA:1m26s]
[#72b6b4 265MiB/298MiB(88%) CN:8 DL:486KiB ETA:1m10s]
 *** Download Progress Summary as of Thu Aug 13 08:15:42 2026 *** 
===============================================================================
[#72b6b4 265MiB/298MiB(88%) CN:8 DL:521KiB ETA:1m4s]
FILE: data/genetics/phase4a_raw/ulcerative_colitis_GCST004133/uc_build37_45975_20161107.txt.gz
-------------------------------------------------------------------------------

[#72b6b4 265MiB/298MiB(88%) CN:8 DL:521KiB ETA:1m4s]
[#72b6b4 266MiB/298MiB(89%) CN:8 DL:500KiB ETA:1m6s]
[#72b6b4 266MiB/298MiB(89%) CN:8 DL:466KiB ETA:1m11s]
[#72b6b4 266MiB/298MiB(89%) CN:8 DL:486KiB ETA:1m6s]
[#72b6b4 268MiB/298MiB(89%) CN:8 DL:617KiB ETA:50s]
[#72b6b4 268MiB/298MiB(89%) CN:8 DL:613KiB ETA:49s]
[#72b6b4 269MiB/298MiB(90%) CN:8 DL:616KiB ETA:48s]
[#72b6b4 270MiB/298MiB(90%) CN:8 DL:648KiB ETA:45s]
[#72b6b4 270MiB/298MiB(90%) CN:8 DL:539KiB ETA:54s]
[#72b6b4 271MiB/298MiB(90%) CN:8 DL:588KiB ETA:47s]
[#72b6b4 272MiB/298MiB(91%) CN:8 DL:718KiB ETA:37s]
[#72b6b4 273MiB/298MiB(91%) CN:8 DL:725KiB ETA:36s]
[#72b6b4 273MiB/298MiB(91%) CN:8 DL:769KiB ETA:33s]
[#72b6b4 274MiB/298MiB(91%) CN:8 DL:701KiB ETA:35s]
[#72b6b4 275MiB/298MiB(92%) CN:8 DL:667KiB ETA:36s]
[#72b6b4 275MiB/298MiB(92%) CN:8 DL:683KiB ETA:34s]
[#72b6b4 276MiB/298MiB(92%) CN:8 DL:714KiB ETA:32s]
[#72b6b4 277MiB/298MiB(92%) CN:8 DL:706KiB ETA:31s]
[#72b6b4 277MiB/298MiB(92%) CN:8 DL:732KiB ETA:29s]
[#72b6b4 278MiB/298MiB(93%) CN:8 DL:709KiB ETA:29s]
[#72b6b4 278MiB/298MiB(93%) CN:8 DL:599KiB ETA:34s]
[#72b6b4 278MiB/298MiB(93%) CN:8 DL:546KiB ETA:37s]
[#72b6b4 279MiB/298MiB(93%) CN:8 DL:551KiB ETA:35s]
[#72b6b4 280MiB/298MiB(93%) CN:8 DL:589KiB ETA:31s]
[#72b6b4 281MiB/298MiB(94%) CN:8 DL:619KiB ETA:28s]
[#72b6b4 282MiB/298MiB(94%) CN:8 DL:645KiB ETA:26s]
[#72b6b4 282MiB/298MiB(94%) CN:8 DL:635KiB ETA:25s]
[#72b6b4 283MiB/298MiB(94%) CN:8 DL:662KiB ETA:23s]
[#72b6b4 284MiB/298MiB(95%) CN:8 DL:649KiB ETA:22s]
 *** Download Progress Summary as of Thu Aug 13 08:16:13 2026 *** 
===============================================================================
[#72b6b4 284MiB/298MiB(95%) CN:8 DL:678KiB ETA:21s]
FILE: data/genetics/phase4a_raw/ulcerative_colitis_GCST004133/uc_build37_45975_20161107.txt.gz
-------------------------------------------------------------------------------

[#72b6b4 284MiB/298MiB(95%) CN:8 DL:678KiB ETA:21s]
[#72b6b4 285MiB/298MiB(95%) CN:8 DL:731KiB ETA:18s]
[#72b6b4 286MiB/298MiB(95%) CN:8 DL:726KiB ETA:17s]
[#72b6b4 286MiB/298MiB(95%) CN:8 DL:690KiB ETA:17s]
[#72b6b4 287MiB/298MiB(96%) CN:8 DL:657KiB ETA:17s]
[#72b6b4 287MiB/298MiB(96%) CN:8 DL:602KiB ETA:18s]
[#72b6b4 288MiB/298MiB(96%) CN:8 DL:582KiB ETA:18s]
[#72b6b4 289MiB/298MiB(96%) CN:8 DL:604KiB ETA:16s]
[#72b6b4 289MiB/298MiB(96%) CN:8 DL:614KiB ETA:15s]
[#72b6b4 290MiB/298MiB(97%) CN:8 DL:627KiB ETA:13s]
[#72b6b4 291MiB/298MiB(97%) CN:8 DL:630KiB ETA:12s]
[#72b6b4 291MiB/298MiB(97%) CN:8 DL:583KiB ETA:13s]
[#72b6b4 292MiB/298MiB(97%) CN:8 DL:600KiB ETA:11s]
[#72b6b4 292MiB/298MiB(97%) CN:8 DL:575KiB ETA:11s]
[#72b6b4 292MiB/298MiB(98%) CN:8 DL:575KiB ETA:10s]
[#72b6b4 293MiB/298MiB(98%) CN:8 DL:553KiB ETA:10s]
[#72b6b4 293MiB/298MiB(98%) CN:7 DL:481KiB ETA:10s]
[#72b6b4 294MiB/298MiB(98%) CN:6 DL:518KiB ETA:8s]
[#72b6b4 294MiB/298MiB(98%) CN:6 DL:471KiB ETA:8s]
[#72b6b4 295MiB/298MiB(98%) CN:6 DL:440KiB ETA:8s]
[#72b6b4 295MiB/298MiB(98%) CN:6 DL:420KiB ETA:8s]
[#72b6b4 295MiB/298MiB(98%) CN:5 DL:369KiB ETA:9s]
[#72b6b4 295MiB/298MiB(98%) CN:5 DL:333KiB ETA:9s]
[#72b6b4 295MiB/298MiB(99%) CN:4 DL:319KiB ETA:9s]
[#72b6b4 296MiB/298MiB(99%) CN:3 DL:318KiB ETA:8s]
[#72b6b4 296MiB/298MiB(99%) CN:3 DL:271KiB ETA:9s]
[#72b6b4 296MiB/298MiB(99%) CN:3 DL:191KiB ETA:12s]
[#72b6b4 296MiB/298MiB(99%) CN:3 DL:187KiB ETA:12s]
[#72b6b4 296MiB/298MiB(99%) CN:3 DL:180KiB ETA:11s]
 *** Download Progress Summary as of Thu Aug 13 08:16:44 2026 *** 
===============================================================================
[#72b6b4 296MiB/298MiB(99%) CN:3 DL:146KiB ETA:13s]
FILE: data/genetics/phase4a_raw/ulcerative_colitis_GCST004133/uc_build37_45975_20161107.txt.gz
-------------------------------------------------------------------------------

[#72b6b4 296MiB/298MiB(99%) CN:3 DL:146KiB ETA:13s]
[#72b6b4 297MiB/298MiB(99%) CN:3 DL:147KiB ETA:11s]
[#72b6b4 297MiB/298MiB(99%) CN:3 DL:151KiB ETA:9s]
[#72b6b4 297MiB/298MiB(99%) CN:2 DL:140KiB ETA:9s]
[#72b6b4 297MiB/298MiB(99%) CN:2 DL:139KiB ETA:8s]
[#72b6b4 297MiB/298MiB(99%) CN:2 DL:135KiB ETA:8s]
[#72b6b4 297MiB/298MiB(99%) CN:2 DL:117KiB ETA:8s]
[#72b6b4 297MiB/298MiB(99%) CN:2 DL:115KiB ETA:7s]
[#72b6b4 297MiB/298MiB(99%) CN:2 DL:101KiB ETA:8s]
[#72b6b4 297MiB/298MiB(99%) CN:1 DL:91KiB ETA:8s]
[#72b6b4 297MiB/298MiB(99%) CN:1 DL:72KiB ETA:11s]
[#72b6b4 297MiB/298MiB(99%) CN:1 DL:61KiB ETA:12s]
[#72b6b4 297MiB/298MiB(99%) CN:1 DL:48KiB ETA:16s]
[#72b6b4 297MiB/298MiB(99%) CN:1 DL:33KiB ETA:23s]
[#72b6b4 297MiB/298MiB(99%) CN:1 DL:24KiB ETA:32s]
[#72b6b4 297MiB/298MiB(99%) CN:1 DL:12KiB ETA:1m4s]
[#72b6b4 297MiB/298MiB(99%) CN:1 DL:11KiB ETA:1m12s]
[#72b6b4 297MiB/298MiB(99%) CN:1 DL:0.9KiB ETA:13m51s]
[#72b6b4 297MiB/298MiB(99%) CN:1 DL:61KiB ETA:12s]
[#72b6b4 298MiB/298MiB(99%) CN:1 DL:168KiB ETA:3s]
[#72b6b4 298MiB/298MiB(99%) CN:1 DL:220KiB]

08/13 08:17:07 [[1;32mNOTICE[0m] Download complete: data/genetics/phase4a_raw/ulcerative_colitis_GCST004133/uc_build37_45975_20161107.txt.gz

Download Results:
gid   |stat|avg speed  |path/URI
======+====+===========+=======================================================
72b6b4|OK  |   350KiB/s|data/genetics/phase4a_raw/ulcerative_colitis_GCST004133/uc_build37_45975_20161107.txt.gz

Status Legend:
(OK):download completed.
