*********************************************************************
* LD Score Regression (LDSC)
* Version 1.0.1
* (C) 2014-2019 Brendan Bulik-Sullivan and Hilary Finucane
* Broad Institute of MIT and Harvard / MIT Department of Mathematics
* GNU General Public License v3
*********************************************************************
Call: 
./munge_sumstats.py \
--sumstats data/genetics/phase4a_raw/chronic_kidney_disease_CKDGen_Wuttke2019/CKD_overall_EA_JW_20180223_nstud23.dbgap.txt.gz \
--out results/phase4a/munge/chronic_kidney_disease_CKDGen_Wuttke2019 \
--merge-alleles data/genetics/reference/ldsc/eur_w_ld_chr_zenodo18749273/eur_w_ld_chr/w_hm3.snplist \
--snp RSID \
--N-col n_total_sum \
--a1 Allele1 \
--a2 Allele2 \
--p P-value \
--frq Freq1 \
--signed-sumstats Effect,0 

Interpreting column names as follows:
RSID:	Variant ID (e.g., rs number)
Allele1:	Allele 1, interpreted as ref allele for signed sumstat.
Allele2:	Allele 2, interpreted as non-ref allele for signed sumstat.
Freq1:	Allele frequency
Effect:	Directional summary statistic as specified by --signed-sumstats.
P-value:	p-Value
n_total_sum:	Sample size

Reading list of SNPs for allele merge from data/genetics/reference/ldsc/eur_w_ld_chr_zenodo18749273/eur_w_ld_chr/w_hm3.snplist
Read 1217311 SNPs for allele merge.
Reading sumstats from data/genetics/phase4a_raw/chronic_kidney_disease_CKDGen_Wuttke2019/CKD_overall_EA_JW_20180223_nstud23.dbgap.txt.gz into memory 5000000 SNPs at a time.
Read 9162323 SNPs from --sumstats file.
Removed 7963948 SNPs not in --merge-alleles.
Removed 0 SNPs with missing values.
Removed 0 SNPs with INFO <= 0.9.
Removed 7740 SNPs with MAF <= 0.01.
Removed 0 SNPs with out-of-bounds p-values.
Removed 0 variants that were not SNPs or were strand-ambiguous.
1190635 SNPs remain.
Removed 0 SNPs with duplicated rs numbers (1190635 SNPs remain).
Removed 3583 SNPs with N < 296623.3333333333 (1187052 SNPs remain).
Median value of SIGNED_SUMSTATS was 0.0001, which seems sensible.
Removed 2 SNPs whose alleles did not match --merge-alleles (1187050 SNPs remain).
Writing summary statistics for 1217311 SNPs (1187050 with nonmissing beta) to results/phase4a/munge/chronic_kidney_disease_CKDGen_Wuttke2019.sumstats.gz.

Metadata:
Mean chi^2 = 1.2
Lambda GC = 1.148
Max chi^2 = 238.42
376 Genome-wide significant SNPs (some may have been removed by filtering).

Conversion finished at Thu Aug 13 08:17:54 2026
Total time elapsed: 49.89s
