*********************************************************************
* LD Score Regression (LDSC)
* Version 1.0.1
* (C) 2014-2019 Brendan Bulik-Sullivan and Hilary Finucane
* Broad Institute of MIT and Harvard / MIT Department of Mathematics
* GNU General Public License v3
*********************************************************************
Call: 
./munge_sumstats.py \
--sumstats results/phase4a/munge_inputs/coronary_artery_disease_CADMETA_eu.ldsc_input.tsv.gz \
--N-cas 122733.0 \
--N-con 424528.0 \
--out results/phase4a/munge/coronary_artery_disease_CADMETA_eu \
--merge-alleles data/genetics/reference/ldsc/eur_w_ld_chr_zenodo18749273/eur_w_ld_chr/w_hm3.snplist \
--snp SNP \
--a1 Allele1 \
--a2 Allele2 \
--p P-value \
--frq Freq1 \
--signed-sumstats Effect,0 

Interpreting column names as follows:
SNP:	Variant ID (e.g., rs number)
Allele1:	Allele 1, interpreted as ref allele for signed sumstat.
Allele2:	Allele 2, interpreted as non-ref allele for signed sumstat.
Freq1:	Allele frequency
Effect:	Directional summary statistic as specified by --signed-sumstats.
P-value:	p-Value

Reading list of SNPs for allele merge from data/genetics/reference/ldsc/eur_w_ld_chr_zenodo18749273/eur_w_ld_chr/w_hm3.snplist
Read 1217311 SNPs for allele merge.
Reading sumstats from results/phase4a/munge_inputs/coronary_artery_disease_CADMETA_eu.ldsc_input.tsv.gz into memory 5000000 SNPs at a time.
Read 7947837 SNPs from --sumstats file.
Removed 6753126 SNPs not in --merge-alleles.
Removed 0 SNPs with missing values.
Removed 0 SNPs with INFO <= 0.9.
Removed 1147 SNPs with MAF <= 0.01.
Removed 0 SNPs with out-of-bounds p-values.
Removed 0 variants that were not SNPs or were strand-ambiguous.
1193564 SNPs remain.
Removed 3 SNPs with duplicated rs numbers (1193561 SNPs remain).
Median value of SIGNED_SUMSTATS was 0.0, which seems sensible.
Removed 2 SNPs whose alleles did not match --merge-alleles (1193559 SNPs remain).
Writing summary statistics for 1217311 SNPs (1193559 with nonmissing beta) to results/phase4a/munge/coronary_artery_disease_CADMETA_eu.sumstats.gz.

Metadata:
Mean chi^2 = 1.613
Lambda GC = 1.357
Max chi^2 = 1015.222
2274 Genome-wide significant SNPs (some may have been removed by filtering).

Conversion finished at Thu Aug 13 08:22:30 2026
Total time elapsed: 37.3s
