*********************************************************************
* LD Score Regression (LDSC)
* Version 1.0.1
* (C) 2014-2019 Brendan Bulik-Sullivan and Hilary Finucane
* Broad Institute of MIT and Harvard / MIT Department of Mathematics
* GNU General Public License v3
*********************************************************************
Call: 
./munge_sumstats.py \
--sumstats results/phase4a/munge_inputs/crohn_disease_GCST004132.hm3_rsids.tsv.gz \
--N-cas 12194.0 \
--N-con 28072.0 \
--out results/phase4a/munge/crohn_disease_GCST004132 \
--merge-alleles data/genetics/reference/ldsc/eur_w_ld_chr_zenodo18749273/eur_w_ld_chr/w_hm3.snplist \
--snp SNP \
--a1 Allele1 \
--a2 Allele2 \
--p P.value \
--signed-sumstats Effect,0 

Interpreting column names as follows:
SNP:	Variant ID (e.g., rs number)
Allele1:	Allele 1, interpreted as ref allele for signed sumstat.
Allele2:	Allele 2, interpreted as non-ref allele for signed sumstat.
Effect:	Directional summary statistic as specified by --signed-sumstats.
P.value:	p-Value

Reading list of SNPs for allele merge from data/genetics/reference/ldsc/eur_w_ld_chr_zenodo18749273/eur_w_ld_chr/w_hm3.snplist
Read 1217311 SNPs for allele merge.
Reading sumstats from results/phase4a/munge_inputs/crohn_disease_GCST004132.hm3_rsids.tsv.gz into memory 5000000 SNPs at a time.
Read 1144234 SNPs from --sumstats file.
Removed 0 SNPs not in --merge-alleles.
Removed 0 SNPs with missing values.
Removed 0 SNPs with INFO <= 0.9.
Removed 0 SNPs with MAF <= 0.01.
Removed 0 SNPs with out-of-bounds p-values.
Removed 0 variants that were not SNPs or were strand-ambiguous.
1144234 SNPs remain.
Removed 0 SNPs with duplicated rs numbers (1144234 SNPs remain).
Median value of SIGNED_SUMSTATS was 0.0, which seems sensible.
Removed 0 SNPs whose alleles did not match --merge-alleles (1144234 SNPs remain).
Writing summary statistics for 1217311 SNPs (1144234 with nonmissing beta) to results/phase4a/munge/crohn_disease_GCST004132.sumstats.gz.

Metadata:
Mean chi^2 = 1.453
Lambda GC = 1.255
Max chi^2 = 489.534
2007 Genome-wide significant SNPs (some may have been removed by filtering).

Conversion finished at Thu Aug 13 08:22:17 2026
Total time elapsed: 24.97s
