*********************************************************************
* LD Score Regression (LDSC)
* Version 1.0.1
* (C) 2014-2019 Brendan Bulik-Sullivan and Hilary Finucane
* Broad Institute of MIT and Harvard / MIT Department of Mathematics
* GNU General Public License v3
*********************************************************************
Call: 
./ldsc.py \
--out results/phase4b0/ldsc/rg_signflip_psoriasis_vs_ulcerative_colitis_GCST004133 \
--rg results/phase4a/munge/psoriasis_GCST90472771.sumstats.gz,results/phase4b0/sensitivity_sumstats/ulcerative_colitis_GCST004133.sign_flipped.sumstats.gz \
--ref-ld-chr data/genetics/reference/ldsc/eur_w_ld_chr_zenodo18749273/eur_w_ld_chr/ \
--w-ld-chr data/genetics/reference/ldsc/eur_w_ld_chr_zenodo18749273/eur_w_ld_chr/ 

Beginning analysis at Thu Aug 13 09:19:35 2026
Reading summary statistics from results/phase4a/munge/psoriasis_GCST90472771.sumstats.gz ...
Read summary statistics for 1175841 SNPs.
Reading reference panel LD Score from data/genetics/reference/ldsc/eur_w_ld_chr_zenodo18749273/eur_w_ld_chr/[1-22] ... (ldscore_fromlist)
Read reference panel LD Scores for 1290028 SNPs.
Removing partitioned LD Scores with zero variance.
Reading regression weight LD Score from data/genetics/reference/ldsc/eur_w_ld_chr_zenodo18749273/eur_w_ld_chr/[1-22] ... (ldscore_fromlist)
Read regression weight LD Scores for 1290028 SNPs.
After merging with reference panel LD, 1175841 SNPs remain.
After merging with regression SNP LD, 1175841 SNPs remain.
Computing rg for phenotype 2/2
Reading summary statistics from results/phase4b0/sensitivity_sumstats/ulcerative_colitis_GCST004133.sign_flipped.sumstats.gz ...
Read summary statistics for 1217311 SNPs.
After merging with summary statistics, 1175841 SNPs remain.
1137148 SNPs with valid alleles.

Heritability of phenotype 1
---------------------------
Total Observed scale h2: 0.2067 (0.0187)
Lambda GC: 1.2564
Mean Chi^2: 1.4865
Intercept: 1.0782 (0.0209)
Ratio: 0.1607 (0.0429)

Heritability of phenotype 2/2
-----------------------------
Total Observed scale h2: 0.2389 (0.0263)
Lambda GC: 1.2038
Mean Chi^2: 1.3131
Intercept: 1.0985 (0.0141)
Ratio: 0.3147 (0.0451)

Genetic Covariance
------------------
Total Observed scale gencov: 0.0496 (0.0095)
Mean z1*z2: 0.1314
Intercept: 0.0625 (0.0077)

Genetic Correlation
-------------------
Genetic Correlation: 0.2233 (0.0409)
Z-score: 5.4578
P: 4.8195e-08


Summary of Genetic Correlation Results
                                                      p1                                                                                           p2     rg     se      z          p  h2_obs  h2_obs_se  h2_int  h2_int_se  gcov_int  gcov_int_se
results/phase4a/munge/psoriasis_GCST90472771.sumstats.gz results/phase4b0/sensitivity_sumstats/ulcerative_colitis_GCST004133.sign_flipped.sumstats.gz 0.2233 0.0409 5.4578 4.8195e-08  0.2389     0.0263  1.0985     0.0141    0.0625       0.0077

Analysis finished at Thu Aug 13 09:19:42 2026
Total time elapsed: 7.42s
