Welcome to MAGMA v1.10 (custom)
Using flags:
	--gene-results results/phase3a/magma_GCST90472771_body_only_MHC_excluded.genes.raw
	--set-annot results/phase3a/core_MHC_excluded.sets.annot
	--out results/phase3a/magma_core_MHC_excluded_raw

Start time is 23:10:43, Tuesday 11 Aug 2026

Reading file results/phase3a/magma_GCST90472771_body_only_MHC_excluded.genes.raw... 
	18005 genes read from file
Loading gene-set annotation...
Reading file results/phase3a/core_MHC_excluded.sets.annot... 
	4 gene-set definitions read from file
	found 4 gene sets containing genes defined in genotype data (containing a total of 1059 unique genes)
Preparing variables for analysis...
	truncating Z-scores 3 points below zero or 6 standard deviations above the mean
	truncating covariate values more than 5 standard deviations from the mean
	total variables available for analysis: 4 gene sets

Parsing model specifications...
Inverting gene-gene correlation matrix...
Performing regression analysis...
	testing direction: one-sided, positive (sets), two-sided (covar)
	conditioning on internal variables:
		gene size, log(gene size)
		gene density, log(gene density)
		sample size, log(sample size)
		inverse mac, log(inverse mac)
	analysing individual variables

	analysing single-variable models (number of models: 4)
	writing results to file results/phase3a/magma_core_MHC_excluded_raw.gsa.out

End time is 23:10:55, Tuesday 11 Aug 2026 (elapsed: 00:00:12)
