*******************************************************************
* Summary-data-based Mendelian Randomization (SMR)
* version 1.03
* (C) 2015 Futao Zhang, Zhihong Zhu and Jian Yang
* The University of Queensland
* MIT License
*******************************************************************
Analysis started: 20:15:24,Sat Aug 15,2026

Options:
--bfile data/genetics/reference/ld/g1000_eur/g1000_eur
--gwas-summary results/phase4c_smr/gwas_ma/cad.phase4c_loci.ma
--beqtl-summary data/genetics/reference/gtex_v8_smr_besd/extracted/Artery_Coronary/Artery_Coronary
--extract-probe results/phase4c_smr/smoke/cad_tier1_artery_coronary_probe_ids.txt
--out results/phase4c_smr/smoke/cad_tier1_artery_coronary_smr103
--thread-num 4
--peqtl-smr   5.00e-08
--heidi-min-m 3

Reading GWAS summary data from [results/phase4c_smr/gwas_ma/cad.phase4c_loci.ma].
GWAS summary data of 47709 SNPs to be included from [results/phase4c_smr/gwas_ma/cad.phase4c_loci.ma].
Reading eQTL SNP information from [data/genetics/reference/gtex_v8_smr_besd/extracted/Artery_Coronary/Artery_Coronary.esi].
WARNING: frequency is "NA" in one or more rows.
9596856 SNPs to be included from [data/genetics/reference/gtex_v8_smr_besd/extracted/Artery_Coronary/Artery_Coronary.esi].
Reading PLINK FAM file from [data/genetics/reference/ld/g1000_eur/g1000_eur.fam].
503 individuals to be included from [data/genetics/reference/ld/g1000_eur/g1000_eur.fam].
Reading PLINK BIM file from [data/genetics/reference/ld/g1000_eur/g1000_eur.bim].
22665064 SNPs to be included from [data/genetics/reference/ld/g1000_eur/g1000_eur.bim].
Checking the consistency of the alleles of each SNP between pairwise data sets (including the GWAS summary data, the eQTL summary data and the LD reference data).
42375 SNPs are included after allele checking. 
Reading PLINK BED file from [data/genetics/reference/ld/g1000_eur/g1000_eur.bed] in SNP-major format ...
Genotype data for 503 individuals and 42375 SNPs to be included from [data/genetics/reference/ld/g1000_eur/g1000_eur.bed].
Calculating allele frequencies ...
Checking the consistency of allele frequency of each SNP between pairwise data sets (including the GWAS summary data, the eQTL summary data and the LD reference data).
1 SNPs (0.00% <= 5.00%) with allele frequency differences > 0.20 between any pair of the data sets are excluded from the analysis.
Reading eQTL summary data...
Reading eQTL probe information from [data/genetics/reference/gtex_v8_smr_besd/extracted/Artery_Coronary/Artery_Coronary.epi].
23095 Probes to be included from [data/genetics/reference/gtex_v8_smr_besd/extracted/Artery_Coronary/Artery_Coronary.epi].
Reading a list of probes from [results/phase4c_smr/smoke/cad_tier1_artery_coronary_probe_ids.txt].
195 probes are extracted from [results/phase4c_smr/smoke/cad_tier1_artery_coronary_probe_ids.txt].
Reading eQTL summary data from [data/genetics/reference/gtex_v8_smr_besd/extracted/Artery_Coronary/Artery_Coronary.besd].
eQTL summary data of 195 Probes to be included from [data/genetics/reference/gtex_v8_smr_besd/extracted/Artery_Coronary/Artery_Coronary.besd].

Performing SMR analysis (SMR and HEIDI tests) for 5 probes (with at least a cis-eQTL at p < 5.00e-08)... 
For each probe, the analysis will only include SNPs with eQTL p-values < 1.565400e-03,
then exclude SNPs with LD r-squared between top-SNP > 0.90 or < 0.05, and further exclude one of each pair of the remaining SNPs with LD r-squared > 0.90.
  0%  5% 25% 75%100%Results of 5 probes have been saved in file results/phase4c_smr/smoke/cad_tier1_artery_coronary_smr103.smr.

Analysis completed: 20:17:56,Sat Aug 15,2026
Computational time: 0:2:32
