Wrote figure bundle to: /Volumes/EMPTY2TB/银屑病机制论文设计/psoriasis_endotype_comorbidity/results/figures/phase4c
There were 40 warnings (use warnings() to see them)
Warning messages:
1: No shared levels found between `names(values)` of the manual scale and the
data's fill values.
2: No shared levels found between `names(values)` of the manual scale and the
data's fill values.
3: No shared levels found between `names(values)` of the manual scale and the
data's fill values.
4: No shared levels found between `names(values)` of the manual scale and the
data's fill values.
5: No shared levels found between `names(values)` of the manual scale and the
data's fill values.
6: No shared levels found between `names(values)` of the manual scale and the
data's fill values.
7: No shared levels found between `names(values)` of the manual scale and the
data's colour values.
8: No shared levels found between `names(values)` of the manual scale and the
data's fill values.
9: No shared levels found between `names(values)` of the manual scale and the
data's colour values.
10: No shared levels found between `names(values)` of the manual scale and the
data's fill values.
11: No shared levels found between `names(values)` of the manual scale and the
data's fill values.
12: No shared levels found between `names(values)` of the manual scale and the
data's fill values.
13: No shared levels found between `names(values)` of the manual scale and the
data's fill values.
14: No shared levels found between `names(values)` of the manual scale and the
data's fill values.
15: No shared levels found between `names(values)` of the manual scale and the
data's fill values.
16: No shared levels found between `names(values)` of the manual scale and the
data's fill values.
17: No shared levels found between `names(values)` of the manual scale and the
data's colour values.
18: No shared levels found between `names(values)` of the manual scale and the
data's fill values.
19: No shared levels found between `names(values)` of the manual scale and the
data's colour values.
20: No shared levels found between `names(values)` of the manual scale and the
data's fill values.
21: No shared levels found between `names(values)` of the manual scale and the
data's fill values.
22: No shared levels found between `names(values)` of the manual scale and the
data's fill values.
23: No shared levels found between `names(values)` of the manual scale and the
data's fill values.
24: No shared levels found between `names(values)` of the manual scale and the
data's fill values.
25: No shared levels found between `names(values)` of the manual scale and the
data's fill values.
26: No shared levels found between `names(values)` of the manual scale and the
data's fill values.
27: No shared levels found between `names(values)` of the manual scale and the
data's colour values.
28: No shared levels found between `names(values)` of the manual scale and the
data's fill values.
29: No shared levels found between `names(values)` of the manual scale and the
data's colour values.
30: No shared levels found between `names(values)` of the manual scale and the
data's fill values.
31: No shared levels found between `names(values)` of the manual scale and the
data's fill values.
32: No shared levels found between `names(values)` of the manual scale and the
data's fill values.
33: No shared levels found between `names(values)` of the manual scale and the
data's fill values.
34: No shared levels found between `names(values)` of the manual scale and the
data's fill values.
35: No shared levels found between `names(values)` of the manual scale and the
data's fill values.
36: No shared levels found between `names(values)` of the manual scale and the
data's fill values.
37: No shared levels found between `names(values)` of the manual scale and the
data's colour values.
38: No shared levels found between `names(values)` of the manual scale and the
data's fill values.
39: No shared levels found between `names(values)` of the manual scale and the
data's colour values.
40: No shared levels found between `names(values)` of the manual scale and the
data's fill values.
